PREHOOK: query: drop table if exists partcolstats
PREHOOK: type: DROPTABLE
POSTHOOK: query: drop table if exists partcolstats
POSTHOOK: type: DROPTABLE
PREHOOK: query: create table partcolstats (key int, value string) partitioned by (ds date, hr int, part string)
PREHOOK: type: CREATETABLE
PREHOOK: Output: database:default
PREHOOK: Output: default@partcolstats
POSTHOOK: query: create table partcolstats (key int, value string) partitioned by (ds date, hr int, part string)
POSTHOOK: type: CREATETABLE
POSTHOOK: Output: database:default
POSTHOOK: Output: default@partcolstats
PREHOOK: query: insert into partcolstats partition (ds=date '2015-04-02', hr=2, part='partA') select key, value from src limit 20
PREHOOK: type: QUERY
PREHOOK: Input: default@src
PREHOOK: Output: default@partcolstats@ds=2015-04-02/hr=2/part=partA
POSTHOOK: query: insert into partcolstats partition (ds=date '2015-04-02', hr=2, part='partA') select key, value from src limit 20
POSTHOOK: type: QUERY
POSTHOOK: Input: default@src
POSTHOOK: Output: default@partcolstats@ds=2015-04-02/hr=2/part=partA
POSTHOOK: Lineage: partcolstats PARTITION(ds=2015-04-02,hr=2,part=partA).key EXPRESSION [(src)src.FieldSchema(name:key, type:string, comment:default), ]
POSTHOOK: Lineage: partcolstats PARTITION(ds=2015-04-02,hr=2,part=partA).value SIMPLE [(src)src.FieldSchema(name:value, type:string, comment:default), ]
PREHOOK: query: insert into partcolstats partition (ds=date '2015-04-02', hr=2, part='partB') select key, value from src limit 20
PREHOOK: type: QUERY
PREHOOK: Input: default@src
PREHOOK: Output: default@partcolstats@ds=2015-04-02/hr=2/part=partB
POSTHOOK: query: insert into partcolstats partition (ds=date '2015-04-02', hr=2, part='partB') select key, value from src limit 20
POSTHOOK: type: QUERY
POSTHOOK: Input: default@src
POSTHOOK: Output: default@partcolstats@ds=2015-04-02/hr=2/part=partB
POSTHOOK: Lineage: partcolstats PARTITION(ds=2015-04-02,hr=2,part=partB).key EXPRESSION [(src)src.FieldSchema(name:key, type:string, comment:default), ]
POSTHOOK: Lineage: partcolstats PARTITION(ds=2015-04-02,hr=2,part=partB).value SIMPLE [(src)src.FieldSchema(name:value, type:string, comment:default), ]
PREHOOK: query: insert into partcolstats partition (ds=date '2015-04-02', hr=3, part='partA') select key, value from src limit 30
PREHOOK: type: QUERY
PREHOOK: Input: default@src
PREHOOK: Output: default@partcolstats@ds=2015-04-02/hr=3/part=partA
POSTHOOK: query: insert into partcolstats partition (ds=date '2015-04-02', hr=3, part='partA') select key, value from src limit 30
POSTHOOK: type: QUERY
POSTHOOK: Input: default@src
POSTHOOK: Output: default@partcolstats@ds=2015-04-02/hr=3/part=partA
POSTHOOK: Lineage: partcolstats PARTITION(ds=2015-04-02,hr=3,part=partA).key EXPRESSION [(src)src.FieldSchema(name:key, type:string, comment:default), ]
POSTHOOK: Lineage: partcolstats PARTITION(ds=2015-04-02,hr=3,part=partA).value SIMPLE [(src)src.FieldSchema(name:value, type:string, comment:default), ]
PREHOOK: query: insert into partcolstats partition (ds=date '2015-04-03', hr=3, part='partA') select key, value from src limit 40
PREHOOK: type: QUERY
PREHOOK: Input: default@src
PREHOOK: Output: default@partcolstats@ds=2015-04-03/hr=3/part=partA
POSTHOOK: query: insert into partcolstats partition (ds=date '2015-04-03', hr=3, part='partA') select key, value from src limit 40
POSTHOOK: type: QUERY
POSTHOOK: Input: default@src
POSTHOOK: Output: default@partcolstats@ds=2015-04-03/hr=3/part=partA
POSTHOOK: Lineage: partcolstats PARTITION(ds=2015-04-03,hr=3,part=partA).key EXPRESSION [(src)src.FieldSchema(name:key, type:string, comment:default), ]
POSTHOOK: Lineage: partcolstats PARTITION(ds=2015-04-03,hr=3,part=partA).value SIMPLE [(src)src.FieldSchema(name:value, type:string, comment:default), ]
PREHOOK: query: insert into partcolstats partition (ds=date '2015-04-03', hr=3, part='partB') select key, value from src limit 60
PREHOOK: type: QUERY
PREHOOK: Input: default@src
PREHOOK: Output: default@partcolstats@ds=2015-04-03/hr=3/part=partB
POSTHOOK: query: insert into partcolstats partition (ds=date '2015-04-03', hr=3, part='partB') select key, value from src limit 60
POSTHOOK: type: QUERY
POSTHOOK: Input: default@src
POSTHOOK: Output: default@partcolstats@ds=2015-04-03/hr=3/part=partB
POSTHOOK: Lineage: partcolstats PARTITION(ds=2015-04-03,hr=3,part=partB).key EXPRESSION [(src)src.FieldSchema(name:key, type:string, comment:default), ]
POSTHOOK: Lineage: partcolstats PARTITION(ds=2015-04-03,hr=3,part=partB).value SIMPLE [(src)src.FieldSchema(name:value, type:string, comment:default), ]
PREHOOK: query: analyze table partcolstats partition (ds=date '2015-04-02', hr=2, part='partA') compute statistics for columns
PREHOOK: type: QUERY
PREHOOK: Input: default@partcolstats
PREHOOK: Input: default@partcolstats@ds=2015-04-02/hr=2/part=partA
PREHOOK: Output: default@partcolstats
PREHOOK: Output: default@partcolstats@ds=2015-04-02/hr=2/part=partA
#### A masked pattern was here ####
POSTHOOK: query: analyze table partcolstats partition (ds=date '2015-04-02', hr=2, part='partA') compute statistics for columns
POSTHOOK: type: QUERY
POSTHOOK: Input: default@partcolstats
POSTHOOK: Input: default@partcolstats@ds=2015-04-02/hr=2/part=partA
POSTHOOK: Output: default@partcolstats
POSTHOOK: Output: default@partcolstats@ds=2015-04-02/hr=2/part=partA
#### A masked pattern was here ####
PREHOOK: query: describe formatted partcolstats partition (ds=date '2015-04-02', hr=2, part='partA') key
PREHOOK: type: DESCTABLE
PREHOOK: Input: default@partcolstats
POSTHOOK: query: describe formatted partcolstats partition (ds=date '2015-04-02', hr=2, part='partA') key
POSTHOOK: type: DESCTABLE
POSTHOOK: Input: default@partcolstats
# col_name            	data_type           	min                 	max                 	num_nulls           	distinct_count      	avg_col_len         	max_col_len         	num_trues           	num_falses          	comment             	bitVector           
	 	 	 	 	 	 	 	 	 	 	 
key                 	int                 	27                  	484                 	0                   	20                  	                    	                    	                    	                    	SExM4BQUwv+PD4DTryqAhvQHgJzgE8DtpQL/wqEPx9SoWfm94QmAqJgmgbCHgwG/0+MHwJKHG4De	 
jWeClaYVvr3WP8H6iQHDxpxl/uvvWb7ssz2AsKk6	 	 	 	 	 	 	 	 	 	 	 
	from deserializer   	 	 	 	 	 	 	 	 	 	 
PREHOOK: query: describe formatted partcolstats partition (ds=date '2015-04-02', hr=2, part='partA') value
PREHOOK: type: DESCTABLE
PREHOOK: Input: default@partcolstats
POSTHOOK: query: describe formatted partcolstats partition (ds=date '2015-04-02', hr=2, part='partA') value
POSTHOOK: type: DESCTABLE
POSTHOOK: Input: default@partcolstats
# col_name            	data_type           	min                 	max                 	num_nulls           	distinct_count      	avg_col_len         	max_col_len         	num_trues           	num_falses          	comment             	bitVector           
	 	 	 	 	 	 	 	 	 	 	 
value               	string              	                    	                    	0                   	20                  	6.8                 	7                   	                    	                    	SExM4BQUwcbsKcCnjhjArvYEgZ2yHMC03h2A4LIS/4KtDMCv7BbAz6JGgejDCP+AlzSA84UvwYTL	 
WsDygtQBv5uoWIKExaYBvt/WIoK4tQG/vpwPv72sGg==	 	 	 	 	 	 	 	 	 	 	 
	from deserializer   	 	 	 	 	 	 	 	 	 	 
PREHOOK: query: describe formatted partcolstats partition (ds=date '2015-04-02', hr=2, part='partB') key
PREHOOK: type: DESCTABLE
PREHOOK: Input: default@partcolstats
POSTHOOK: query: describe formatted partcolstats partition (ds=date '2015-04-02', hr=2, part='partB') key
POSTHOOK: type: DESCTABLE
POSTHOOK: Input: default@partcolstats
# col_name            	data_type           	comment             	 	 	 	 	 	 	 	 	 
	 	 	 	 	 	 	 	 	 	 	 
key                 	int                 	from deserializer   	 	 	 	 	 	 	 	 	 
PREHOOK: query: describe formatted partcolstats partition (ds=date '2015-04-02', hr=2, part='partB') value
PREHOOK: type: DESCTABLE
PREHOOK: Input: default@partcolstats
POSTHOOK: query: describe formatted partcolstats partition (ds=date '2015-04-02', hr=2, part='partB') value
POSTHOOK: type: DESCTABLE
POSTHOOK: Input: default@partcolstats
# col_name            	data_type           	comment             	 	 	 	 	 	 	 	 	 
	 	 	 	 	 	 	 	 	 	 	 
value               	string              	from deserializer   	 	 	 	 	 	 	 	 	 
PREHOOK: query: analyze table partcolstats partition (ds=date '2015-04-02', hr=2, part) compute statistics for columns
PREHOOK: type: QUERY
PREHOOK: Input: default@partcolstats
PREHOOK: Input: default@partcolstats@ds=2015-04-02/hr=2/part=partA
PREHOOK: Input: default@partcolstats@ds=2015-04-02/hr=2/part=partB
PREHOOK: Output: default@partcolstats
PREHOOK: Output: default@partcolstats@ds=2015-04-02/hr=2/part=partA
PREHOOK: Output: default@partcolstats@ds=2015-04-02/hr=2/part=partB
#### A masked pattern was here ####
POSTHOOK: query: analyze table partcolstats partition (ds=date '2015-04-02', hr=2, part) compute statistics for columns
POSTHOOK: type: QUERY
POSTHOOK: Input: default@partcolstats
POSTHOOK: Input: default@partcolstats@ds=2015-04-02/hr=2/part=partA
POSTHOOK: Input: default@partcolstats@ds=2015-04-02/hr=2/part=partB
POSTHOOK: Output: default@partcolstats
POSTHOOK: Output: default@partcolstats@ds=2015-04-02/hr=2/part=partA
POSTHOOK: Output: default@partcolstats@ds=2015-04-02/hr=2/part=partB
#### A masked pattern was here ####
PREHOOK: query: describe formatted partcolstats partition (ds=date '2015-04-02', hr=2, part='partB') key
PREHOOK: type: DESCTABLE
PREHOOK: Input: default@partcolstats
POSTHOOK: query: describe formatted partcolstats partition (ds=date '2015-04-02', hr=2, part='partB') key
POSTHOOK: type: DESCTABLE
POSTHOOK: Input: default@partcolstats
# col_name            	data_type           	min                 	max                 	num_nulls           	distinct_count      	avg_col_len         	max_col_len         	num_trues           	num_falses          	comment             	bitVector           
	 	 	 	 	 	 	 	 	 	 	 
key                 	int                 	27                  	484                 	0                   	20                  	                    	                    	                    	                    	SExM4BQUwv+PD4DTryqAhvQHgJzgE8DtpQL/wqEPx9SoWfm94QmAqJgmgbCHgwG/0+MHwJKHG4De	 
jWeClaYVvr3WP8H6iQHDxpxl/uvvWb7ssz2AsKk6	 	 	 	 	 	 	 	 	 	 	 
	from deserializer   	 	 	 	 	 	 	 	 	 	 
PREHOOK: query: describe formatted partcolstats partition (ds=date '2015-04-02', hr=2, part='partB') value
PREHOOK: type: DESCTABLE
PREHOOK: Input: default@partcolstats
POSTHOOK: query: describe formatted partcolstats partition (ds=date '2015-04-02', hr=2, part='partB') value
POSTHOOK: type: DESCTABLE
POSTHOOK: Input: default@partcolstats
# col_name            	data_type           	min                 	max                 	num_nulls           	distinct_count      	avg_col_len         	max_col_len         	num_trues           	num_falses          	comment             	bitVector           
	 	 	 	 	 	 	 	 	 	 	 
value               	string              	                    	                    	0                   	20                  	6.8                 	7                   	                    	                    	SExM4BQUwcbsKcCnjhjArvYEgZ2yHMC03h2A4LIS/4KtDMCv7BbAz6JGgejDCP+AlzSA84UvwYTL	 
WsDygtQBv5uoWIKExaYBvt/WIoK4tQG/vpwPv72sGg==	 	 	 	 	 	 	 	 	 	 	 
	from deserializer   	 	 	 	 	 	 	 	 	 	 
PREHOOK: query: describe formatted partcolstats partition (ds=date '2015-04-02', hr=3, part='partA') key
PREHOOK: type: DESCTABLE
PREHOOK: Input: default@partcolstats
POSTHOOK: query: describe formatted partcolstats partition (ds=date '2015-04-02', hr=3, part='partA') key
POSTHOOK: type: DESCTABLE
POSTHOOK: Input: default@partcolstats
# col_name            	data_type           	comment             	 	 	 	 	 	 	 	 	 
	 	 	 	 	 	 	 	 	 	 	 
key                 	int                 	from deserializer   	 	 	 	 	 	 	 	 	 
PREHOOK: query: describe formatted partcolstats partition (ds=date '2015-04-02', hr=3, part='partA') value
PREHOOK: type: DESCTABLE
PREHOOK: Input: default@partcolstats
POSTHOOK: query: describe formatted partcolstats partition (ds=date '2015-04-02', hr=3, part='partA') value
POSTHOOK: type: DESCTABLE
POSTHOOK: Input: default@partcolstats
# col_name            	data_type           	comment             	 	 	 	 	 	 	 	 	 
	 	 	 	 	 	 	 	 	 	 	 
value               	string              	from deserializer   	 	 	 	 	 	 	 	 	 
PREHOOK: query: analyze table partcolstats partition (ds=date '2015-04-02', hr, part) compute statistics for columns
PREHOOK: type: QUERY
PREHOOK: Input: default@partcolstats
PREHOOK: Input: default@partcolstats@ds=2015-04-02/hr=2/part=partA
PREHOOK: Input: default@partcolstats@ds=2015-04-02/hr=2/part=partB
PREHOOK: Input: default@partcolstats@ds=2015-04-02/hr=3/part=partA
PREHOOK: Output: default@partcolstats
PREHOOK: Output: default@partcolstats@ds=2015-04-02/hr=2/part=partA
PREHOOK: Output: default@partcolstats@ds=2015-04-02/hr=2/part=partB
PREHOOK: Output: default@partcolstats@ds=2015-04-02/hr=3/part=partA
#### A masked pattern was here ####
POSTHOOK: query: analyze table partcolstats partition (ds=date '2015-04-02', hr, part) compute statistics for columns
POSTHOOK: type: QUERY
POSTHOOK: Input: default@partcolstats
POSTHOOK: Input: default@partcolstats@ds=2015-04-02/hr=2/part=partA
POSTHOOK: Input: default@partcolstats@ds=2015-04-02/hr=2/part=partB
POSTHOOK: Input: default@partcolstats@ds=2015-04-02/hr=3/part=partA
POSTHOOK: Output: default@partcolstats
POSTHOOK: Output: default@partcolstats@ds=2015-04-02/hr=2/part=partA
POSTHOOK: Output: default@partcolstats@ds=2015-04-02/hr=2/part=partB
POSTHOOK: Output: default@partcolstats@ds=2015-04-02/hr=3/part=partA
#### A masked pattern was here ####
PREHOOK: query: describe formatted partcolstats partition (ds=date '2015-04-02', hr=3, part='partA') key
PREHOOK: type: DESCTABLE
PREHOOK: Input: default@partcolstats
POSTHOOK: query: describe formatted partcolstats partition (ds=date '2015-04-02', hr=3, part='partA') key
POSTHOOK: type: DESCTABLE
POSTHOOK: Input: default@partcolstats
# col_name            	data_type           	min                 	max                 	num_nulls           	distinct_count      	avg_col_len         	max_col_len         	num_trues           	num_falses          	comment             	bitVector           
	 	 	 	 	 	 	 	 	 	 	 
key                 	int                 	27                  	495                 	0                   	30                  	                    	                    	                    	                    	SExM4B4ewv+PD8PH8ii9i70BgIb0B4Cc4BPA7aUC/8KhD8C5hRaHm6ND+b3hCYComCaA+tFngba1	 
G7/T4wfAkocbguS2HL+06gTBtfI+/8iBAf/G+AWClaYVvr3WP8H6iQGB35Yz/v9gwYukJIPcgA3+	 	 	 	 	 	 	 	 	 	 	 
6+9ZvuyzPYCwqTo=	 	 	 	 	 	 	 	 	 	 	 
	from deserializer   	 	 	 	 	 	 	 	 	 	 
PREHOOK: query: describe formatted partcolstats partition (ds=date '2015-04-02', hr=3, part='partA') value
PREHOOK: type: DESCTABLE
PREHOOK: Input: default@partcolstats
POSTHOOK: query: describe formatted partcolstats partition (ds=date '2015-04-02', hr=3, part='partA') value
POSTHOOK: type: DESCTABLE
POSTHOOK: Input: default@partcolstats
# col_name            	data_type           	min                 	max                 	num_nulls           	distinct_count      	avg_col_len         	max_col_len         	num_trues           	num_falses          	comment             	bitVector           
	 	 	 	 	 	 	 	 	 	 	 
value               	string              	                    	                    	0                   	30                  	6.833333333333333   	7                   	                    	                    	SExM4B4eg+SgJr7iywPAp44YwK72BIGdshzAtN4dgfC7Af/v9hD/gq0MwK/sFsLS5Df+/L0OgejD	 
CISu/Ar70popgPOFL8GEy1q/or8pwL+aZcHYtQP/8MIqgcewF7+bqFjCr/eeAcDUzQe+39Yigri1	 	 	 	 	 	 	 	 	 	 	 
Ab++nA+CmogTvaOkBw==	 	 	 	 	 	 	 	 	 	 	 
	from deserializer   	 	 	 	 	 	 	 	 	 	 
PREHOOK: query: describe formatted partcolstats partition (ds=date '2015-04-03', hr=3, part='partA') key
PREHOOK: type: DESCTABLE
PREHOOK: Input: default@partcolstats
POSTHOOK: query: describe formatted partcolstats partition (ds=date '2015-04-03', hr=3, part='partA') key
POSTHOOK: type: DESCTABLE
POSTHOOK: Input: default@partcolstats
# col_name            	data_type           	comment             	 	 	 	 	 	 	 	 	 
	 	 	 	 	 	 	 	 	 	 	 
key                 	int                 	from deserializer   	 	 	 	 	 	 	 	 	 
PREHOOK: query: describe formatted partcolstats partition (ds=date '2015-04-03', hr=3, part='partA') value
PREHOOK: type: DESCTABLE
PREHOOK: Input: default@partcolstats
POSTHOOK: query: describe formatted partcolstats partition (ds=date '2015-04-03', hr=3, part='partA') value
POSTHOOK: type: DESCTABLE
POSTHOOK: Input: default@partcolstats
# col_name            	data_type           	comment             	 	 	 	 	 	 	 	 	 
	 	 	 	 	 	 	 	 	 	 	 
value               	string              	from deserializer   	 	 	 	 	 	 	 	 	 
PREHOOK: query: describe formatted partcolstats partition (ds=date '2015-04-03', hr=3, part='partB') key
PREHOOK: type: DESCTABLE
PREHOOK: Input: default@partcolstats
POSTHOOK: query: describe formatted partcolstats partition (ds=date '2015-04-03', hr=3, part='partB') key
POSTHOOK: type: DESCTABLE
POSTHOOK: Input: default@partcolstats
# col_name            	data_type           	comment             	 	 	 	 	 	 	 	 	 
	 	 	 	 	 	 	 	 	 	 	 
key                 	int                 	from deserializer   	 	 	 	 	 	 	 	 	 
PREHOOK: query: describe formatted partcolstats partition (ds=date '2015-04-03', hr=3, part='partB') value
PREHOOK: type: DESCTABLE
PREHOOK: Input: default@partcolstats
POSTHOOK: query: describe formatted partcolstats partition (ds=date '2015-04-03', hr=3, part='partB') value
POSTHOOK: type: DESCTABLE
POSTHOOK: Input: default@partcolstats
# col_name            	data_type           	comment             	 	 	 	 	 	 	 	 	 
	 	 	 	 	 	 	 	 	 	 	 
value               	string              	from deserializer   	 	 	 	 	 	 	 	 	 
PREHOOK: query: analyze table partcolstats partition (ds, hr, part) compute statistics for columns
PREHOOK: type: QUERY
PREHOOK: Input: default@partcolstats
PREHOOK: Input: default@partcolstats@ds=2015-04-02/hr=2/part=partA
PREHOOK: Input: default@partcolstats@ds=2015-04-02/hr=2/part=partB
PREHOOK: Input: default@partcolstats@ds=2015-04-02/hr=3/part=partA
PREHOOK: Input: default@partcolstats@ds=2015-04-03/hr=3/part=partA
PREHOOK: Input: default@partcolstats@ds=2015-04-03/hr=3/part=partB
PREHOOK: Output: default@partcolstats
PREHOOK: Output: default@partcolstats@ds=2015-04-02/hr=2/part=partA
PREHOOK: Output: default@partcolstats@ds=2015-04-02/hr=2/part=partB
PREHOOK: Output: default@partcolstats@ds=2015-04-02/hr=3/part=partA
PREHOOK: Output: default@partcolstats@ds=2015-04-03/hr=3/part=partA
PREHOOK: Output: default@partcolstats@ds=2015-04-03/hr=3/part=partB
#### A masked pattern was here ####
POSTHOOK: query: analyze table partcolstats partition (ds, hr, part) compute statistics for columns
POSTHOOK: type: QUERY
POSTHOOK: Input: default@partcolstats
POSTHOOK: Input: default@partcolstats@ds=2015-04-02/hr=2/part=partA
POSTHOOK: Input: default@partcolstats@ds=2015-04-02/hr=2/part=partB
POSTHOOK: Input: default@partcolstats@ds=2015-04-02/hr=3/part=partA
POSTHOOK: Input: default@partcolstats@ds=2015-04-03/hr=3/part=partA
POSTHOOK: Input: default@partcolstats@ds=2015-04-03/hr=3/part=partB
POSTHOOK: Output: default@partcolstats
POSTHOOK: Output: default@partcolstats@ds=2015-04-02/hr=2/part=partA
POSTHOOK: Output: default@partcolstats@ds=2015-04-02/hr=2/part=partB
POSTHOOK: Output: default@partcolstats@ds=2015-04-02/hr=3/part=partA
POSTHOOK: Output: default@partcolstats@ds=2015-04-03/hr=3/part=partA
POSTHOOK: Output: default@partcolstats@ds=2015-04-03/hr=3/part=partB
#### A masked pattern was here ####
PREHOOK: query: describe formatted partcolstats partition (ds=date '2015-04-03', hr=3, part='partA') key
PREHOOK: type: DESCTABLE
PREHOOK: Input: default@partcolstats
POSTHOOK: query: describe formatted partcolstats partition (ds=date '2015-04-03', hr=3, part='partA') key
POSTHOOK: type: DESCTABLE
POSTHOOK: Input: default@partcolstats
# col_name            	data_type           	min                 	max                 	num_nulls           	distinct_count      	avg_col_len         	max_col_len         	num_trues           	num_falses          	comment             	bitVector           
	 	 	 	 	 	 	 	 	 	 	 
key                 	int                 	15                  	495                 	0                   	40                  	                    	                    	                    	                    	SExM4Cgowv+PD8PH8ii9i70BgIb0B4Cc4BPA7aUC/8KhD4D4jA/AwfgGh5ujQ/m94QmAqJgmgPrR	 
Z4G2tRu/0+MHwJKHG4Lkthy/tOoEwfiHI77r2A7C0ZEN/8iBAf/G+AWClaYVvr3WP8H6iQGB35Yz	 	 	 	 	 	 	 	 	 	 	 
/v9gwYukJL+9zgrEnrIC/OqkAYDasSKCp5k2vuyzPYDrkw6AxZUsgK/7DYK2uAr/ivcC	 	 	 	 	 	 	 	 	 	 	 
	from deserializer   	 	 	 	 	 	 	 	 	 	 
PREHOOK: query: describe formatted partcolstats partition (ds=date '2015-04-03', hr=3, part='partA') value
PREHOOK: type: DESCTABLE
PREHOOK: Input: default@partcolstats
POSTHOOK: query: describe formatted partcolstats partition (ds=date '2015-04-03', hr=3, part='partA') value
POSTHOOK: type: DESCTABLE
POSTHOOK: Input: default@partcolstats
# col_name            	data_type           	min                 	max                 	num_nulls           	distinct_count      	avg_col_len         	max_col_len         	num_trues           	num_falses          	comment             	bitVector           
	 	 	 	 	 	 	 	 	 	 	 
value               	string              	                    	                    	0                   	40                  	6.825               	7                   	                    	                    	SExM4Cgog+SgJr7iywPAp44YwK72BIC/6BaB3skFwLTeHYHwuwH/7/YQ/4KtDMCv7BbC0uQ3vqKP	 
DsDaLoHowwiErvwK+7OXDMDlIsC54ByB1egd/52dEcGEy1q//tAigKTuBsC/mmXB2LUDhN7rGvuS	 	 	 	 	 	 	 	 	 	 	 
1w+Bx7AXv5uoWMHXuTmB2L1lwNTNB77f1iKCuLUBv76cD4KaiBO9o6QHgdygE4DUFw==	 	 	 	 	 	 	 	 	 	 	 
	from deserializer   	 	 	 	 	 	 	 	 	 	 
PREHOOK: query: describe formatted partcolstats partition (ds=date '2015-04-03', hr=3, part='partB') key
PREHOOK: type: DESCTABLE
PREHOOK: Input: default@partcolstats
POSTHOOK: query: describe formatted partcolstats partition (ds=date '2015-04-03', hr=3, part='partB') key
POSTHOOK: type: DESCTABLE
POSTHOOK: Input: default@partcolstats
# col_name            	data_type           	min                 	max                 	num_nulls           	distinct_count      	avg_col_len         	max_col_len         	num_trues           	num_falses          	comment             	bitVector           
	 	 	 	 	 	 	 	 	 	 	 
key                 	int                 	15                  	495                 	0                   	58                  	                    	                    	                    	                    	SExM4Do6wv+PD8PH8ii9i70BgIb0B4Cc4BPA7aUC/8KhD4GbYP/crA7AwfgGwMyEQMfOngP5veEJ	 
gJH1GIDAkAyA15IBg8+TPL25xAzCp9gR/smhDYG2tRu/0+MHwJKHG4Lkthy/tOoExJKoGf3l3wm+	 	 	 	 	 	 	 	 	 	 	 
69gOwtGRDf/IgQH/xvgFwsSVEcDQkAS/qJM3/5TDCMH6iQHAwrIawZzkGP7/YMGLpCS/vc4KxJ6y	 	 	 	 	 	 	 	 	 	 	 
AvzqpAGA2rEigqeZNr7ssz2AgZ4BgOr1DIaz3wL6kbYpgK/7DcCa2QnCm1//ivcC/5fiIsC10AmC	 	 	 	 	 	 	 	 	 	 	 
5uYQvue2GQ==	 	 	 	 	 	 	 	 	 	 	 
	from deserializer   	 	 	 	 	 	 	 	 	 	 
PREHOOK: query: describe formatted partcolstats partition (ds=date '2015-04-03', hr=3, part='partB') value
PREHOOK: type: DESCTABLE
PREHOOK: Input: default@partcolstats
POSTHOOK: query: describe formatted partcolstats partition (ds=date '2015-04-03', hr=3, part='partB') value
POSTHOOK: type: DESCTABLE
POSTHOOK: Input: default@partcolstats
# col_name            	data_type           	min                 	max                 	num_nulls           	distinct_count      	avg_col_len         	max_col_len         	num_trues           	num_falses          	comment             	bitVector           
	 	 	 	 	 	 	 	 	 	 	 
value               	string              	                    	                    	0                   	58                  	6.883333333333334   	7                   	                    	                    	SExM4Do6geTIH4KA2Aa+4ssDwKeOGMCu9gSAv+gWgd7JBcC03h2B8LsB/+/2EP+CrQzAr+wWwIKn	 
HoLQvRm+87oEgK/UCcDaLsH7kALA7LIGhK78CvuzlwzA5SLAueAcgdXoHf+dnRGA+ZUgwPH7M4C0	 	 	 	 	 	 	 	 	 	 	 
+AWB5kC//tAigKTuBoHJvAaAm+4bv91SgP6cQsHYtQO/4s4XxfucA/uS1w+Bx7AXv5uoWMD2mxmB	 	 	 	 	 	 	 	 	 	 	 
4Z0gwMaBGv/Zzz7Ct+wM/raEAsKdyQW+39Yigri1Ab/3igGB6vwG/9yUB4KaiBO9o6QHwdeeA8CE	 	 	 	 	 	 	 	 	 	 	 
ghCA1Bc=	 	 	 	 	 	 	 	 	 	 	 
	from deserializer   	 	 	 	 	 	 	 	 	 	 
PREHOOK: query: drop table partcolstats
PREHOOK: type: DROPTABLE
PREHOOK: Input: default@partcolstats
PREHOOK: Output: default@partcolstats
POSTHOOK: query: drop table partcolstats
POSTHOOK: type: DROPTABLE
POSTHOOK: Input: default@partcolstats
POSTHOOK: Output: default@partcolstats
PREHOOK: query: drop table if exists partcolstatsnum
PREHOOK: type: DROPTABLE
POSTHOOK: query: drop table if exists partcolstatsnum
POSTHOOK: type: DROPTABLE
PREHOOK: query: create table partcolstatsnum (key int, value string) partitioned by (tint tinyint, sint smallint, bint bigint)
PREHOOK: type: CREATETABLE
PREHOOK: Output: database:default
PREHOOK: Output: default@partcolstatsnum
POSTHOOK: query: create table partcolstatsnum (key int, value string) partitioned by (tint tinyint, sint smallint, bint bigint)
POSTHOOK: type: CREATETABLE
POSTHOOK: Output: database:default
POSTHOOK: Output: default@partcolstatsnum
PREHOOK: query: insert into partcolstatsnum partition (tint=100, sint=1000, bint=1000000) select key, value from src limit 30
PREHOOK: type: QUERY
PREHOOK: Input: default@src
PREHOOK: Output: default@partcolstatsnum@tint=100/sint=1000/bint=1000000
POSTHOOK: query: insert into partcolstatsnum partition (tint=100, sint=1000, bint=1000000) select key, value from src limit 30
POSTHOOK: type: QUERY
POSTHOOK: Input: default@src
POSTHOOK: Output: default@partcolstatsnum@tint=100/sint=1000/bint=1000000
POSTHOOK: Lineage: partcolstatsnum PARTITION(tint=100,sint=1000,bint=1000000).key EXPRESSION [(src)src.FieldSchema(name:key, type:string, comment:default), ]
POSTHOOK: Lineage: partcolstatsnum PARTITION(tint=100,sint=1000,bint=1000000).value SIMPLE [(src)src.FieldSchema(name:value, type:string, comment:default), ]
PREHOOK: query: analyze table partcolstatsnum partition (tint=100, sint=1000, bint=1000000) compute statistics for columns
PREHOOK: type: QUERY
PREHOOK: Input: default@partcolstatsnum
PREHOOK: Input: default@partcolstatsnum@tint=100/sint=1000/bint=1000000
PREHOOK: Output: default@partcolstatsnum
PREHOOK: Output: default@partcolstatsnum@tint=100/sint=1000/bint=1000000
#### A masked pattern was here ####
POSTHOOK: query: analyze table partcolstatsnum partition (tint=100, sint=1000, bint=1000000) compute statistics for columns
POSTHOOK: type: QUERY
POSTHOOK: Input: default@partcolstatsnum
POSTHOOK: Input: default@partcolstatsnum@tint=100/sint=1000/bint=1000000
POSTHOOK: Output: default@partcolstatsnum
POSTHOOK: Output: default@partcolstatsnum@tint=100/sint=1000/bint=1000000
#### A masked pattern was here ####
PREHOOK: query: describe formatted partcolstatsnum partition (tint=100, sint=1000, bint=1000000) value
PREHOOK: type: DESCTABLE
PREHOOK: Input: default@partcolstatsnum
POSTHOOK: query: describe formatted partcolstatsnum partition (tint=100, sint=1000, bint=1000000) value
POSTHOOK: type: DESCTABLE
POSTHOOK: Input: default@partcolstatsnum
# col_name            	data_type           	min                 	max                 	num_nulls           	distinct_count      	avg_col_len         	max_col_len         	num_trues           	num_falses          	comment             	bitVector           
	 	 	 	 	 	 	 	 	 	 	 
value               	string              	                    	                    	0                   	30                  	6.833333333333333   	7                   	                    	                    	SExM4B4eg+SgJr7iywPAp44YwK72BIGdshzAtN4dgfC7Af/v9hD/gq0MwK/sFsLS5Df+/L0OgejD	 
CISu/Ar70popgPOFL8GEy1q/or8pwL+aZcHYtQP/8MIqgcewF7+bqFjCr/eeAcDUzQe+39Yigri1	 	 	 	 	 	 	 	 	 	 	 
Ab++nA+CmogTvaOkBw==	 	 	 	 	 	 	 	 	 	 	 
	from deserializer   	 	 	 	 	 	 	 	 	 	 
PREHOOK: query: drop table partcolstatsnum
PREHOOK: type: DROPTABLE
PREHOOK: Input: default@partcolstatsnum
PREHOOK: Output: default@partcolstatsnum
POSTHOOK: query: drop table partcolstatsnum
POSTHOOK: type: DROPTABLE
POSTHOOK: Input: default@partcolstatsnum
POSTHOOK: Output: default@partcolstatsnum
PREHOOK: query: drop table if exists partcolstatsdec
PREHOOK: type: DROPTABLE
POSTHOOK: query: drop table if exists partcolstatsdec
POSTHOOK: type: DROPTABLE
PREHOOK: query: create table partcolstatsdec (key int, value string) partitioned by (decpart decimal(8,4))
PREHOOK: type: CREATETABLE
PREHOOK: Output: database:default
PREHOOK: Output: default@partcolstatsdec
POSTHOOK: query: create table partcolstatsdec (key int, value string) partitioned by (decpart decimal(8,4))
POSTHOOK: type: CREATETABLE
POSTHOOK: Output: database:default
POSTHOOK: Output: default@partcolstatsdec
PREHOOK: query: insert into partcolstatsdec partition (decpart='1000.0001') select key, value from src limit 30
PREHOOK: type: QUERY
PREHOOK: Input: default@src
PREHOOK: Output: default@partcolstatsdec@decpart=1000.0001
POSTHOOK: query: insert into partcolstatsdec partition (decpart='1000.0001') select key, value from src limit 30
POSTHOOK: type: QUERY
POSTHOOK: Input: default@src
POSTHOOK: Output: default@partcolstatsdec@decpart=1000.0001
POSTHOOK: Lineage: partcolstatsdec PARTITION(decpart=1000.0001).key EXPRESSION [(src)src.FieldSchema(name:key, type:string, comment:default), ]
POSTHOOK: Lineage: partcolstatsdec PARTITION(decpart=1000.0001).value SIMPLE [(src)src.FieldSchema(name:value, type:string, comment:default), ]
PREHOOK: query: analyze table partcolstatsdec partition (decpart='1000.0001') compute statistics for columns
PREHOOK: type: QUERY
PREHOOK: Input: default@partcolstatsdec
PREHOOK: Input: default@partcolstatsdec@decpart=1000.0001
PREHOOK: Output: default@partcolstatsdec
PREHOOK: Output: default@partcolstatsdec@decpart=1000.0001
#### A masked pattern was here ####
POSTHOOK: query: analyze table partcolstatsdec partition (decpart='1000.0001') compute statistics for columns
POSTHOOK: type: QUERY
POSTHOOK: Input: default@partcolstatsdec
POSTHOOK: Input: default@partcolstatsdec@decpart=1000.0001
POSTHOOK: Output: default@partcolstatsdec
POSTHOOK: Output: default@partcolstatsdec@decpart=1000.0001
#### A masked pattern was here ####
PREHOOK: query: describe formatted partcolstatsdec partition (decpart='1000.0001') value
PREHOOK: type: DESCTABLE
PREHOOK: Input: default@partcolstatsdec
POSTHOOK: query: describe formatted partcolstatsdec partition (decpart='1000.0001') value
POSTHOOK: type: DESCTABLE
POSTHOOK: Input: default@partcolstatsdec
# col_name            	data_type           	min                 	max                 	num_nulls           	distinct_count      	avg_col_len         	max_col_len         	num_trues           	num_falses          	comment             	bitVector           
	 	 	 	 	 	 	 	 	 	 	 
value               	string              	                    	                    	0                   	30                  	6.833333333333333   	7                   	                    	                    	SExM4B4eg+SgJr7iywPAp44YwK72BIGdshzAtN4dgfC7Af/v9hD/gq0MwK/sFsLS5Df+/L0OgejD	 
CISu/Ar70popgPOFL8GEy1q/or8pwL+aZcHYtQP/8MIqgcewF7+bqFjCr/eeAcDUzQe+39Yigri1	 	 	 	 	 	 	 	 	 	 	 
Ab++nA+CmogTvaOkBw==	 	 	 	 	 	 	 	 	 	 	 
	from deserializer   	 	 	 	 	 	 	 	 	 	 
PREHOOK: query: drop table partcolstatsdec
PREHOOK: type: DROPTABLE
PREHOOK: Input: default@partcolstatsdec
PREHOOK: Output: default@partcolstatsdec
POSTHOOK: query: drop table partcolstatsdec
POSTHOOK: type: DROPTABLE
POSTHOOK: Input: default@partcolstatsdec
POSTHOOK: Output: default@partcolstatsdec
PREHOOK: query: drop table if exists partcolstatschar
PREHOOK: type: DROPTABLE
POSTHOOK: query: drop table if exists partcolstatschar
POSTHOOK: type: DROPTABLE
PREHOOK: query: create table partcolstatschar (key int, value string) partitioned by (varpart varchar(5), charpart char(3))
PREHOOK: type: CREATETABLE
PREHOOK: Output: database:default
PREHOOK: Output: default@partcolstatschar
POSTHOOK: query: create table partcolstatschar (key int, value string) partitioned by (varpart varchar(5), charpart char(3))
POSTHOOK: type: CREATETABLE
POSTHOOK: Output: database:default
POSTHOOK: Output: default@partcolstatschar
PREHOOK: query: insert into partcolstatschar partition (varpart='part1', charpart='aaa') select key, value from src limit 30
PREHOOK: type: QUERY
PREHOOK: Input: default@src
PREHOOK: Output: default@partcolstatschar@varpart=part1/charpart=aaa
POSTHOOK: query: insert into partcolstatschar partition (varpart='part1', charpart='aaa') select key, value from src limit 30
POSTHOOK: type: QUERY
POSTHOOK: Input: default@src
POSTHOOK: Output: default@partcolstatschar@varpart=part1/charpart=aaa
POSTHOOK: Lineage: partcolstatschar PARTITION(varpart=part1,charpart=aaa).key EXPRESSION [(src)src.FieldSchema(name:key, type:string, comment:default), ]
POSTHOOK: Lineage: partcolstatschar PARTITION(varpart=part1,charpart=aaa).value SIMPLE [(src)src.FieldSchema(name:value, type:string, comment:default), ]
PREHOOK: query: analyze table partcolstatschar partition (varpart='part1', charpart='aaa') compute statistics for columns
PREHOOK: type: QUERY
PREHOOK: Input: default@partcolstatschar
PREHOOK: Input: default@partcolstatschar@varpart=part1/charpart=aaa
PREHOOK: Output: default@partcolstatschar
PREHOOK: Output: default@partcolstatschar@varpart=part1/charpart=aaa
#### A masked pattern was here ####
POSTHOOK: query: analyze table partcolstatschar partition (varpart='part1', charpart='aaa') compute statistics for columns
POSTHOOK: type: QUERY
POSTHOOK: Input: default@partcolstatschar
POSTHOOK: Input: default@partcolstatschar@varpart=part1/charpart=aaa
POSTHOOK: Output: default@partcolstatschar
POSTHOOK: Output: default@partcolstatschar@varpart=part1/charpart=aaa
#### A masked pattern was here ####
PREHOOK: query: describe formatted partcolstatschar partition (varpart='part1', charpart='aaa') value
PREHOOK: type: DESCTABLE
PREHOOK: Input: default@partcolstatschar
POSTHOOK: query: describe formatted partcolstatschar partition (varpart='part1', charpart='aaa') value
POSTHOOK: type: DESCTABLE
POSTHOOK: Input: default@partcolstatschar
# col_name            	data_type           	min                 	max                 	num_nulls           	distinct_count      	avg_col_len         	max_col_len         	num_trues           	num_falses          	comment             	bitVector           
	 	 	 	 	 	 	 	 	 	 	 
value               	string              	                    	                    	0                   	30                  	6.833333333333333   	7                   	                    	                    	SExM4B4eg+SgJr7iywPAp44YwK72BIGdshzAtN4dgfC7Af/v9hD/gq0MwK/sFsLS5Df+/L0OgejD	 
CISu/Ar70popgPOFL8GEy1q/or8pwL+aZcHYtQP/8MIqgcewF7+bqFjCr/eeAcDUzQe+39Yigri1	 	 	 	 	 	 	 	 	 	 	 
Ab++nA+CmogTvaOkBw==	 	 	 	 	 	 	 	 	 	 	 
	from deserializer   	 	 	 	 	 	 	 	 	 	 
PREHOOK: query: drop table partcolstatschar
PREHOOK: type: DROPTABLE
PREHOOK: Input: default@partcolstatschar
PREHOOK: Output: default@partcolstatschar
POSTHOOK: query: drop table partcolstatschar
POSTHOOK: type: DROPTABLE
POSTHOOK: Input: default@partcolstatschar
POSTHOOK: Output: default@partcolstatschar
