Warning: Map Join MAPJOIN[28][bigTable=?] in task 'Map 1' is a cross product
PREHOOK: query: -- HIVE-12738 -- We are checking if a MapJoin after a GroupBy will work properly.
explain
select *
from src
where not key in
(select key from src)
order by key
PREHOOK: type: QUERY
POSTHOOK: query: -- HIVE-12738 -- We are checking if a MapJoin after a GroupBy will work properly.
explain
select *
from src
where not key in
(select key from src)
order by key
POSTHOOK: type: QUERY
Plan optimized by CBO.

Vertex dependency in root stage
Map 1 <- Reducer 4 (BROADCAST_EDGE), Reducer 6 (BROADCAST_EDGE)
Reducer 2 <- Map 1 (SIMPLE_EDGE)
Reducer 4 <- Map 3 (SIMPLE_EDGE)
Reducer 6 <- Map 5 (SIMPLE_EDGE)

Stage-0
  Fetch Operator
    limit:-1
    Stage-1
      Reducer 2 vectorized, llap
      File Output Operator [FS_37]
        Select Operator [SEL_36] (rows=500 width=178)
          Output:["_col0","_col1"]
        <-Map 1 [SIMPLE_EDGE] llap
          SHUFFLE [RS_23]
            Select Operator [SEL_22] (rows=500 width=178)
              Output:["_col0","_col1"]
              Filter Operator [FIL_21] (rows=500 width=198)
                predicate:((_col2 = 0) or (_col5 is null and _col0 is not null and (_col3 >= _col2)))
                Map Join Operator [MAPJOIN_29] (rows=500 width=198)
                  Conds:MAPJOIN_28._col0=RS_35._col0(Left Outer),Output:["_col0","_col1","_col2","_col3","_col5"]
                <-Reducer 6 [BROADCAST_EDGE] vectorized, llap
                  BROADCAST [RS_35]
                    PartitionCols:_col0
                    Group By Operator [GBY_34] (rows=205 width=91)
                      Output:["_col0","_col1"],keys:KEY._col0, KEY._col1
                    <-Map 5 [SIMPLE_EDGE] llap
                      SHUFFLE [RS_12]
                        PartitionCols:_col0, _col1
                        Group By Operator [GBY_11] (rows=205 width=91)
                          Output:["_col0","_col1"],keys:_col0, true
                          Select Operator [SEL_9] (rows=500 width=87)
                            Output:["_col0"]
                            TableScan [TS_8] (rows=500 width=87)
                              default@src,src,Tbl:COMPLETE,Col:COMPLETE,Output:["key"]
                <-Map Join Operator [MAPJOIN_28] (rows=500 width=194)
                    Conds:(Inner),Output:["_col0","_col1","_col2","_col3"]
                  <-Reducer 4 [BROADCAST_EDGE] vectorized, llap
                    BROADCAST [RS_33]
                      Group By Operator [GBY_32] (rows=1 width=16)
                        Output:["_col0","_col1"],aggregations:["count(VALUE._col0)","count(VALUE._col1)"]
                      <-Map 3 [SIMPLE_EDGE] llap
                        SHUFFLE [RS_5]
                          Group By Operator [GBY_4] (rows=1 width=16)
                            Output:["_col0","_col1"],aggregations:["count()","count(key)"]
                            Select Operator [SEL_3] (rows=500 width=87)
                              Output:["key"]
                              TableScan [TS_2] (rows=500 width=87)
                                default@src,src,Tbl:COMPLETE,Col:COMPLETE,Output:["key"]
                  <-Select Operator [SEL_1] (rows=500 width=178)
                      Output:["_col0","_col1"]
                      TableScan [TS_0] (rows=500 width=178)
                        default@src,src,Tbl:COMPLETE,Col:COMPLETE,Output:["key","value"]

Warning: Map Join MAPJOIN[28][bigTable=?] in task 'Map 1' is a cross product
PREHOOK: query: select *
from src
where not key in
(select key from src)
order by key
PREHOOK: type: QUERY
PREHOOK: Input: default@src
#### A masked pattern was here ####
POSTHOOK: query: select *
from src
where not key in
(select key from src)
order by key
POSTHOOK: type: QUERY
POSTHOOK: Input: default@src
#### A masked pattern was here ####
