PREHOOK: query: create table sorted_mod_4 stored as orc
as select ctinyint, pmod(cint, 4) as cmodint from alltypesorc
where cint is not null and ctinyint is not null
order by ctinyint
PREHOOK: type: CREATETABLE_AS_SELECT
PREHOOK: Input: default@alltypesorc
PREHOOK: Output: database:default
PREHOOK: Output: default@sorted_mod_4
POSTHOOK: query: create table sorted_mod_4 stored as orc
as select ctinyint, pmod(cint, 4) as cmodint from alltypesorc
where cint is not null and ctinyint is not null
order by ctinyint
POSTHOOK: type: CREATETABLE_AS_SELECT
POSTHOOK: Input: default@alltypesorc
POSTHOOK: Output: database:default
POSTHOOK: Output: default@sorted_mod_4
POSTHOOK: Lineage: sorted_mod_4.cmodint EXPRESSION [(alltypesorc)alltypesorc.FieldSchema(name:cint, type:int, comment:null), ]
POSTHOOK: Lineage: sorted_mod_4.ctinyint SIMPLE [(alltypesorc)alltypesorc.FieldSchema(name:ctinyint, type:tinyint, comment:null), ]
PREHOOK: query: ANALYZE TABLE sorted_mod_4 COMPUTE STATISTICS
PREHOOK: type: QUERY
PREHOOK: Input: default@sorted_mod_4
PREHOOK: Output: default@sorted_mod_4
POSTHOOK: query: ANALYZE TABLE sorted_mod_4 COMPUTE STATISTICS
POSTHOOK: type: QUERY
POSTHOOK: Input: default@sorted_mod_4
POSTHOOK: Output: default@sorted_mod_4
PREHOOK: query: ANALYZE TABLE sorted_mod_4 COMPUTE STATISTICS FOR COLUMNS
PREHOOK: type: ANALYZE_TABLE
PREHOOK: Input: default@sorted_mod_4
PREHOOK: Output: default@sorted_mod_4
#### A masked pattern was here ####
POSTHOOK: query: ANALYZE TABLE sorted_mod_4 COMPUTE STATISTICS FOR COLUMNS
POSTHOOK: type: ANALYZE_TABLE
POSTHOOK: Input: default@sorted_mod_4
POSTHOOK: Output: default@sorted_mod_4
#### A masked pattern was here ####
PREHOOK: query: create table small_table stored
as orc as select ctinyint as ctinyint1, cbigint from alltypesorc limit 100
PREHOOK: type: CREATETABLE_AS_SELECT
PREHOOK: Input: default@alltypesorc
PREHOOK: Output: database:default
PREHOOK: Output: default@small_table
POSTHOOK: query: create table small_table stored
as orc as select ctinyint as ctinyint1, cbigint from alltypesorc limit 100
POSTHOOK: type: CREATETABLE_AS_SELECT
POSTHOOK: Input: default@alltypesorc
POSTHOOK: Output: database:default
POSTHOOK: Output: default@small_table
POSTHOOK: Lineage: small_table.cbigint SIMPLE [(alltypesorc)alltypesorc.FieldSchema(name:cbigint, type:bigint, comment:null), ]
POSTHOOK: Lineage: small_table.ctinyint1 SIMPLE [(alltypesorc)alltypesorc.FieldSchema(name:ctinyint, type:tinyint, comment:null), ]
PREHOOK: query: ANALYZE TABLE small_table COMPUTE STATISTICS
PREHOOK: type: QUERY
PREHOOK: Input: default@small_table
PREHOOK: Output: default@small_table
POSTHOOK: query: ANALYZE TABLE small_table COMPUTE STATISTICS
POSTHOOK: type: QUERY
POSTHOOK: Input: default@small_table
POSTHOOK: Output: default@small_table
PREHOOK: query: ANALYZE TABLE small_table COMPUTE STATISTICS FOR COLUMNS
PREHOOK: type: ANALYZE_TABLE
PREHOOK: Input: default@small_table
PREHOOK: Output: default@small_table
#### A masked pattern was here ####
POSTHOOK: query: ANALYZE TABLE small_table COMPUTE STATISTICS FOR COLUMNS
POSTHOOK: type: ANALYZE_TABLE
POSTHOOK: Input: default@small_table
POSTHOOK: Output: default@small_table
#### A masked pattern was here ####
PREHOOK: query: explain vectorization detail formatted
select count(*) from (select s.*, st.*
from sorted_mod_4 s
left outer join small_table st
on s.ctinyint = st.ctinyint1
) t1
PREHOOK: type: QUERY
POSTHOOK: query: explain vectorization detail formatted
select count(*) from (select s.*, st.*
from sorted_mod_4 s
left outer join small_table st
on s.ctinyint = st.ctinyint1
) t1
POSTHOOK: type: QUERY
#### A masked pattern was here ####
PREHOOK: query: select count(*) from (select s.*, st.*
from sorted_mod_4 s
left outer join small_table st
on s.ctinyint = st.ctinyint1
) t1
PREHOOK: type: QUERY
PREHOOK: Input: default@small_table
PREHOOK: Input: default@sorted_mod_4
#### A masked pattern was here ####
POSTHOOK: query: select count(*) from (select s.*, st.*
from sorted_mod_4 s
left outer join small_table st
on s.ctinyint = st.ctinyint1
) t1
POSTHOOK: type: QUERY
POSTHOOK: Input: default@small_table
POSTHOOK: Input: default@sorted_mod_4
#### A masked pattern was here ####
6876
PREHOOK: query: explain vectorization detail formatted
select count(*) from (select s.ctinyint, s.cmodint, sm.cbigint 
from sorted_mod_4 s
left outer join small_table sm
on s.ctinyint = sm.ctinyint1 and s.cmodint = 2
) t1
PREHOOK: type: QUERY
POSTHOOK: query: explain vectorization detail formatted
select count(*) from (select s.ctinyint, s.cmodint, sm.cbigint 
from sorted_mod_4 s
left outer join small_table sm
on s.ctinyint = sm.ctinyint1 and s.cmodint = 2
) t1
POSTHOOK: type: QUERY
#### A masked pattern was here ####
PREHOOK: query: select count(*) from (select s.ctinyint, s.cmodint, sm.cbigint 
from sorted_mod_4 s
left outer join small_table sm
on s.ctinyint = sm.ctinyint1 and s.cmodint = 2
) t1
PREHOOK: type: QUERY
PREHOOK: Input: default@small_table
PREHOOK: Input: default@sorted_mod_4
#### A masked pattern was here ####
POSTHOOK: query: select count(*) from (select s.ctinyint, s.cmodint, sm.cbigint 
from sorted_mod_4 s
left outer join small_table sm
on s.ctinyint = sm.ctinyint1 and s.cmodint = 2
) t1
POSTHOOK: type: QUERY
POSTHOOK: Input: default@small_table
POSTHOOK: Input: default@sorted_mod_4
#### A masked pattern was here ####
6058
PREHOOK: query: explain vectorization detail formatted
select count(*) from (select s.ctinyint, s.cmodint, sm.cbigint 
from sorted_mod_4 s
left outer join small_table sm
on s.ctinyint = sm.ctinyint1 and pmod(s.ctinyint, 4) = s.cmodint
) t1
PREHOOK: type: QUERY
POSTHOOK: query: explain vectorization detail formatted
select count(*) from (select s.ctinyint, s.cmodint, sm.cbigint 
from sorted_mod_4 s
left outer join small_table sm
on s.ctinyint = sm.ctinyint1 and pmod(s.ctinyint, 4) = s.cmodint
) t1
POSTHOOK: type: QUERY
#### A masked pattern was here ####
PREHOOK: query: select count(*) from (select s.ctinyint, s.cmodint, sm.cbigint 
from sorted_mod_4 s
left outer join small_table sm
on s.ctinyint = sm.ctinyint1 and pmod(s.ctinyint, 4) = s.cmodint
) t1
PREHOOK: type: QUERY
PREHOOK: Input: default@small_table
PREHOOK: Input: default@sorted_mod_4
#### A masked pattern was here ####
POSTHOOK: query: select count(*) from (select s.ctinyint, s.cmodint, sm.cbigint 
from sorted_mod_4 s
left outer join small_table sm
on s.ctinyint = sm.ctinyint1 and pmod(s.ctinyint, 4) = s.cmodint
) t1
POSTHOOK: type: QUERY
POSTHOOK: Input: default@small_table
POSTHOOK: Input: default@sorted_mod_4
#### A masked pattern was here ####
6248
PREHOOK: query: explain vectorization detail formatted
select count(*) from (select s.ctinyint, s.cmodint, sm.cbigint 
from sorted_mod_4 s
left outer join small_table sm
on s.ctinyint = sm.ctinyint1 and s.ctinyint < 100
) t1
PREHOOK: type: QUERY
POSTHOOK: query: explain vectorization detail formatted
select count(*) from (select s.ctinyint, s.cmodint, sm.cbigint 
from sorted_mod_4 s
left outer join small_table sm
on s.ctinyint = sm.ctinyint1 and s.ctinyint < 100
) t1
POSTHOOK: type: QUERY
#### A masked pattern was here ####
PREHOOK: query: select count(*) from (select s.ctinyint, s.cmodint, sm.cbigint 
from sorted_mod_4 s
left outer join small_table sm
on s.ctinyint = sm.ctinyint1 and s.ctinyint < 100
) t1
PREHOOK: type: QUERY
PREHOOK: Input: default@small_table
PREHOOK: Input: default@sorted_mod_4
#### A masked pattern was here ####
POSTHOOK: query: select count(*) from (select s.ctinyint, s.cmodint, sm.cbigint 
from sorted_mod_4 s
left outer join small_table sm
on s.ctinyint = sm.ctinyint1 and s.ctinyint < 100
) t1
POSTHOOK: type: QUERY
POSTHOOK: Input: default@small_table
POSTHOOK: Input: default@sorted_mod_4
#### A masked pattern was here ####
6876
PREHOOK: query: explain vectorization detail formatted
select count(*) from (select s.ctinyint as ctinyint, s.cmodint as cmodint, sm.*, s2.cmodint as cmodint1, s2.ctinyint
    as ctinyint_1
from sorted_mod_4 s
left outer join small_table sm
  on pmod(sm.cbigint, 8) = s.cmodint
left outer join sorted_mod_4 s2
  on s2.ctinyint = s.ctinyint
) t1
PREHOOK: type: QUERY
POSTHOOK: query: explain vectorization detail formatted
select count(*) from (select s.ctinyint as ctinyint, s.cmodint as cmodint, sm.*, s2.cmodint as cmodint1, s2.ctinyint
    as ctinyint_1
from sorted_mod_4 s
left outer join small_table sm
  on pmod(sm.cbigint, 8) = s.cmodint
left outer join sorted_mod_4 s2
  on s2.ctinyint = s.ctinyint
) t1
POSTHOOK: type: QUERY
#### A masked pattern was here ####
PREHOOK: query: select count(*) from (select s.ctinyint as ctinyint, s.cmodint as cmodint, sm.*, s2.cmodint as cmodint1, s2.ctinyint
    as ctinyint_1
from sorted_mod_4 s
left outer join small_table sm
  on pmod(sm.cbigint, 8) = s.cmodint
left outer join sorted_mod_4 s2
  on s2.ctinyint = s.ctinyint
) t1
PREHOOK: type: QUERY
PREHOOK: Input: default@small_table
PREHOOK: Input: default@sorted_mod_4
#### A masked pattern was here ####
POSTHOOK: query: select count(*) from (select s.ctinyint as ctinyint, s.cmodint as cmodint, sm.*, s2.cmodint as cmodint1, s2.ctinyint
    as ctinyint_1
from sorted_mod_4 s
left outer join small_table sm
  on pmod(sm.cbigint, 8) = s.cmodint
left outer join sorted_mod_4 s2
  on s2.ctinyint = s.ctinyint
) t1
POSTHOOK: type: QUERY
POSTHOOK: Input: default@small_table
POSTHOOK: Input: default@sorted_mod_4
#### A masked pattern was here ####
3268334
PREHOOK: query: create table mod_8_mod_4 stored as orc
as select pmod(ctinyint, 8) as cmodtinyint, pmod(cint, 4) as cmodint from alltypesorc
where cint is not null and ctinyint is not null
PREHOOK: type: CREATETABLE_AS_SELECT
PREHOOK: Input: default@alltypesorc
PREHOOK: Output: database:default
PREHOOK: Output: default@mod_8_mod_4
POSTHOOK: query: create table mod_8_mod_4 stored as orc
as select pmod(ctinyint, 8) as cmodtinyint, pmod(cint, 4) as cmodint from alltypesorc
where cint is not null and ctinyint is not null
POSTHOOK: type: CREATETABLE_AS_SELECT
POSTHOOK: Input: default@alltypesorc
POSTHOOK: Output: database:default
POSTHOOK: Output: default@mod_8_mod_4
POSTHOOK: Lineage: mod_8_mod_4.cmodint EXPRESSION [(alltypesorc)alltypesorc.FieldSchema(name:cint, type:int, comment:null), ]
POSTHOOK: Lineage: mod_8_mod_4.cmodtinyint EXPRESSION [(alltypesorc)alltypesorc.FieldSchema(name:ctinyint, type:tinyint, comment:null), ]
PREHOOK: query: ANALYZE TABLE mod_8_mod_4 COMPUTE STATISTICS
PREHOOK: type: QUERY
PREHOOK: Input: default@mod_8_mod_4
PREHOOK: Output: default@mod_8_mod_4
POSTHOOK: query: ANALYZE TABLE mod_8_mod_4 COMPUTE STATISTICS
POSTHOOK: type: QUERY
POSTHOOK: Input: default@mod_8_mod_4
POSTHOOK: Output: default@mod_8_mod_4
PREHOOK: query: ANALYZE TABLE mod_8_mod_4 COMPUTE STATISTICS FOR COLUMNS
PREHOOK: type: ANALYZE_TABLE
PREHOOK: Input: default@mod_8_mod_4
PREHOOK: Output: default@mod_8_mod_4
#### A masked pattern was here ####
POSTHOOK: query: ANALYZE TABLE mod_8_mod_4 COMPUTE STATISTICS FOR COLUMNS
POSTHOOK: type: ANALYZE_TABLE
POSTHOOK: Input: default@mod_8_mod_4
POSTHOOK: Output: default@mod_8_mod_4
#### A masked pattern was here ####
PREHOOK: query: create table small_table2 stored
as orc as select pmod(ctinyint, 16) as cmodtinyint1, cbigint from alltypesorc limit 100
PREHOOK: type: CREATETABLE_AS_SELECT
PREHOOK: Input: default@alltypesorc
PREHOOK: Output: database:default
PREHOOK: Output: default@small_table2
POSTHOOK: query: create table small_table2 stored
as orc as select pmod(ctinyint, 16) as cmodtinyint1, cbigint from alltypesorc limit 100
POSTHOOK: type: CREATETABLE_AS_SELECT
POSTHOOK: Input: default@alltypesorc
POSTHOOK: Output: database:default
POSTHOOK: Output: default@small_table2
POSTHOOK: Lineage: small_table2.cbigint SIMPLE [(alltypesorc)alltypesorc.FieldSchema(name:cbigint, type:bigint, comment:null), ]
POSTHOOK: Lineage: small_table2.cmodtinyint1 EXPRESSION [(alltypesorc)alltypesorc.FieldSchema(name:ctinyint, type:tinyint, comment:null), ]
PREHOOK: query: ANALYZE TABLE small_table2 COMPUTE STATISTICS
PREHOOK: type: QUERY
PREHOOK: Input: default@small_table2
PREHOOK: Output: default@small_table2
POSTHOOK: query: ANALYZE TABLE small_table2 COMPUTE STATISTICS
POSTHOOK: type: QUERY
POSTHOOK: Input: default@small_table2
POSTHOOK: Output: default@small_table2
PREHOOK: query: ANALYZE TABLE small_table2 COMPUTE STATISTICS FOR COLUMNS
PREHOOK: type: ANALYZE_TABLE
PREHOOK: Input: default@small_table2
PREHOOK: Output: default@small_table2
#### A masked pattern was here ####
POSTHOOK: query: ANALYZE TABLE small_table2 COMPUTE STATISTICS FOR COLUMNS
POSTHOOK: type: ANALYZE_TABLE
POSTHOOK: Input: default@small_table2
POSTHOOK: Output: default@small_table2
#### A masked pattern was here ####
PREHOOK: query: explain vectorization detail formatted
select count(*) from (select s.*, st.*
from mod_8_mod_4 s
left outer join small_table2 st
on s.cmodtinyint = st.cmodtinyint1
) t1
PREHOOK: type: QUERY
POSTHOOK: query: explain vectorization detail formatted
select count(*) from (select s.*, st.*
from mod_8_mod_4 s
left outer join small_table2 st
on s.cmodtinyint = st.cmodtinyint1
) t1
POSTHOOK: type: QUERY
#### A masked pattern was here ####
PREHOOK: query: select count(*) from (select s.*, st.*
from mod_8_mod_4 s
left outer join small_table2 st
on s.cmodtinyint = st.cmodtinyint1
) t1
PREHOOK: type: QUERY
PREHOOK: Input: default@mod_8_mod_4
PREHOOK: Input: default@small_table2
#### A masked pattern was here ####
POSTHOOK: query: select count(*) from (select s.*, st.*
from mod_8_mod_4 s
left outer join small_table2 st
on s.cmodtinyint = st.cmodtinyint1
) t1
POSTHOOK: type: QUERY
POSTHOOK: Input: default@mod_8_mod_4
POSTHOOK: Input: default@small_table2
#### A masked pattern was here ####
39112
PREHOOK: query: explain vectorization detail formatted
select count(*) from (select s.cmodtinyint, s.cmodint, sm.cbigint 
from mod_8_mod_4 s
left outer join small_table2 sm
on s.cmodtinyint = sm.cmodtinyint1 and s.cmodint = 2
) t1
PREHOOK: type: QUERY
POSTHOOK: query: explain vectorization detail formatted
select count(*) from (select s.cmodtinyint, s.cmodint, sm.cbigint 
from mod_8_mod_4 s
left outer join small_table2 sm
on s.cmodtinyint = sm.cmodtinyint1 and s.cmodint = 2
) t1
POSTHOOK: type: QUERY
#### A masked pattern was here ####
PREHOOK: query: select count(*) from (select s.cmodtinyint, s.cmodint, sm.cbigint 
from mod_8_mod_4 s
left outer join small_table2 sm
on s.cmodtinyint = sm.cmodtinyint1 and s.cmodint = 2
) t1
PREHOOK: type: QUERY
PREHOOK: Input: default@mod_8_mod_4
PREHOOK: Input: default@small_table2
#### A masked pattern was here ####
POSTHOOK: query: select count(*) from (select s.cmodtinyint, s.cmodint, sm.cbigint 
from mod_8_mod_4 s
left outer join small_table2 sm
on s.cmodtinyint = sm.cmodtinyint1 and s.cmodint = 2
) t1
POSTHOOK: type: QUERY
POSTHOOK: Input: default@mod_8_mod_4
POSTHOOK: Input: default@small_table2
#### A masked pattern was here ####
11171
PREHOOK: query: explain vectorization detail formatted
select count(*) from (select s.cmodtinyint, s.cmodint, sm.cbigint 
from mod_8_mod_4 s
left outer join small_table2 sm
on s.cmodtinyint = sm.cmodtinyint1 and pmod(s.cmodtinyint, 4) = s.cmodint
) t1
PREHOOK: type: QUERY
POSTHOOK: query: explain vectorization detail formatted
select count(*) from (select s.cmodtinyint, s.cmodint, sm.cbigint 
from mod_8_mod_4 s
left outer join small_table2 sm
on s.cmodtinyint = sm.cmodtinyint1 and pmod(s.cmodtinyint, 4) = s.cmodint
) t1
POSTHOOK: type: QUERY
#### A masked pattern was here ####
PREHOOK: query: select count(*) from (select s.cmodtinyint, s.cmodint, sm.cbigint 
from mod_8_mod_4 s
left outer join small_table2 sm
on s.cmodtinyint = sm.cmodtinyint1 and pmod(s.cmodtinyint, 4) = s.cmodint
) t1
PREHOOK: type: QUERY
PREHOOK: Input: default@mod_8_mod_4
PREHOOK: Input: default@small_table2
#### A masked pattern was here ####
POSTHOOK: query: select count(*) from (select s.cmodtinyint, s.cmodint, sm.cbigint 
from mod_8_mod_4 s
left outer join small_table2 sm
on s.cmodtinyint = sm.cmodtinyint1 and pmod(s.cmodtinyint, 4) = s.cmodint
) t1
POSTHOOK: type: QUERY
POSTHOOK: Input: default@mod_8_mod_4
POSTHOOK: Input: default@small_table2
#### A masked pattern was here ####
14371
PREHOOK: query: explain vectorization detail formatted
select count(*) from (select s.cmodtinyint, s.cmodint, sm.cbigint 
from mod_8_mod_4 s
left outer join small_table2 sm
on s.cmodtinyint = sm.cmodtinyint1 and s.cmodtinyint < 3
) t1
PREHOOK: type: QUERY
POSTHOOK: query: explain vectorization detail formatted
select count(*) from (select s.cmodtinyint, s.cmodint, sm.cbigint 
from mod_8_mod_4 s
left outer join small_table2 sm
on s.cmodtinyint = sm.cmodtinyint1 and s.cmodtinyint < 3
) t1
POSTHOOK: type: QUERY
#### A masked pattern was here ####
PREHOOK: query: select count(*) from (select s.cmodtinyint, s.cmodint, sm.cbigint 
from mod_8_mod_4 s
left outer join small_table2 sm
on s.cmodtinyint = sm.cmodtinyint1 and s.cmodtinyint < 3
) t1
PREHOOK: type: QUERY
PREHOOK: Input: default@mod_8_mod_4
PREHOOK: Input: default@small_table2
#### A masked pattern was here ####
POSTHOOK: query: select count(*) from (select s.cmodtinyint, s.cmodint, sm.cbigint 
from mod_8_mod_4 s
left outer join small_table2 sm
on s.cmodtinyint = sm.cmodtinyint1 and s.cmodtinyint < 3
) t1
POSTHOOK: type: QUERY
POSTHOOK: Input: default@mod_8_mod_4
POSTHOOK: Input: default@small_table2
#### A masked pattern was here ####
17792
PREHOOK: query: explain vectorization detail formatted
select count(*) from (select s.cmodtinyint as cmodtinyint, s.cmodint as cmodint, sm.*,
s2.cmodint as cmodint_1, s2.cmodtinyint as cmodtinyint_1
from mod_8_mod_4 s
left outer join small_table2 sm
  on pmod(sm.cbigint, 8) = s.cmodint 
left outer join mod_8_mod_4 s2
  on s2.cmodtinyint = s.cmodtinyint
) t1
PREHOOK: type: QUERY
POSTHOOK: query: explain vectorization detail formatted
select count(*) from (select s.cmodtinyint as cmodtinyint, s.cmodint as cmodint, sm.*,
s2.cmodint as cmodint_1, s2.cmodtinyint as cmodtinyint_1
from mod_8_mod_4 s
left outer join small_table2 sm
  on pmod(sm.cbigint, 8) = s.cmodint 
left outer join mod_8_mod_4 s2
  on s2.cmodtinyint = s.cmodtinyint
) t1
POSTHOOK: type: QUERY
#### A masked pattern was here ####
PREHOOK: query: select count(*) from (select s.cmodtinyint as cmodtinyint, s.cmodint as cmodint, sm.*,
s2.cmodint as cmodint_1, s2.cmodtinyint as cmodtinyint_1
from mod_8_mod_4 s
left outer join small_table2 sm
  on pmod(sm.cbigint, 8) = s.cmodint 
left outer join mod_8_mod_4 s2
  on s2.cmodtinyint = s.cmodtinyint
) t1
PREHOOK: type: QUERY
PREHOOK: Input: default@mod_8_mod_4
PREHOOK: Input: default@small_table2
#### A masked pattern was here ####
POSTHOOK: query: select count(*) from (select s.cmodtinyint as cmodtinyint, s.cmodint as cmodint, sm.*,
s2.cmodint as cmodint_1, s2.cmodtinyint as cmodtinyint_1
from mod_8_mod_4 s
left outer join small_table2 sm
  on pmod(sm.cbigint, 8) = s.cmodint 
left outer join mod_8_mod_4 s2
  on s2.cmodtinyint = s.cmodtinyint
) t1
POSTHOOK: type: QUERY
POSTHOOK: Input: default@mod_8_mod_4
POSTHOOK: Input: default@small_table2
#### A masked pattern was here ####
6524438
