PREHOOK: query: explain
select   
  ca_state,
  cd_gender,
  cd_marital_status,
  count(*) cnt1,
  avg(cd_dep_count),
  max(cd_dep_count),
  sum(cd_dep_count),
  cd_dep_employed_count,
  count(*) cnt2,
  avg(cd_dep_employed_count),
  max(cd_dep_employed_count),
  sum(cd_dep_employed_count),
  cd_dep_college_count,
  count(*) cnt3,
  avg(cd_dep_college_count),
  max(cd_dep_college_count),
  sum(cd_dep_college_count)
 from
  customer c,customer_address ca,customer_demographics
 where
  c.c_current_addr_sk = ca.ca_address_sk and
  cd_demo_sk = c.c_current_cdemo_sk and 
  exists (select *
          from store_sales,date_dim
          where c.c_customer_sk = ss_customer_sk and
                ss_sold_date_sk = d_date_sk and
                d_year = 1999 and
                d_qoy < 4) and
   (exists (select *
            from web_sales,date_dim
            where c.c_customer_sk = ws_bill_customer_sk and
                  ws_sold_date_sk = d_date_sk and
                  d_year = 1999 and
                  d_qoy < 4) or 
    exists (select * 
            from catalog_sales,date_dim
            where c.c_customer_sk = cs_ship_customer_sk and
                  cs_sold_date_sk = d_date_sk and
                  d_year = 1999 and
                  d_qoy < 4))
 group by ca_state,
          cd_gender,
          cd_marital_status,
          cd_dep_count,
          cd_dep_employed_count,
          cd_dep_college_count
 order by ca_state,
          cd_gender,
          cd_marital_status,
          cd_dep_count,
          cd_dep_employed_count,
          cd_dep_college_count
 limit 100
PREHOOK: type: QUERY
POSTHOOK: query: explain
select   
  ca_state,
  cd_gender,
  cd_marital_status,
  count(*) cnt1,
  avg(cd_dep_count),
  max(cd_dep_count),
  sum(cd_dep_count),
  cd_dep_employed_count,
  count(*) cnt2,
  avg(cd_dep_employed_count),
  max(cd_dep_employed_count),
  sum(cd_dep_employed_count),
  cd_dep_college_count,
  count(*) cnt3,
  avg(cd_dep_college_count),
  max(cd_dep_college_count),
  sum(cd_dep_college_count)
 from
  customer c,customer_address ca,customer_demographics
 where
  c.c_current_addr_sk = ca.ca_address_sk and
  cd_demo_sk = c.c_current_cdemo_sk and 
  exists (select *
          from store_sales,date_dim
          where c.c_customer_sk = ss_customer_sk and
                ss_sold_date_sk = d_date_sk and
                d_year = 1999 and
                d_qoy < 4) and
   (exists (select *
            from web_sales,date_dim
            where c.c_customer_sk = ws_bill_customer_sk and
                  ws_sold_date_sk = d_date_sk and
                  d_year = 1999 and
                  d_qoy < 4) or 
    exists (select * 
            from catalog_sales,date_dim
            where c.c_customer_sk = cs_ship_customer_sk and
                  cs_sold_date_sk = d_date_sk and
                  d_year = 1999 and
                  d_qoy < 4))
 group by ca_state,
          cd_gender,
          cd_marital_status,
          cd_dep_count,
          cd_dep_employed_count,
          cd_dep_college_count
 order by ca_state,
          cd_gender,
          cd_marital_status,
          cd_dep_count,
          cd_dep_employed_count,
          cd_dep_college_count
 limit 100
POSTHOOK: type: QUERY
Plan optimized by CBO.

Vertex dependency in root stage
Reducer 10 <- Map 12 (SIMPLE_EDGE), Map 9 (SIMPLE_EDGE)
Reducer 11 <- Reducer 10 (SIMPLE_EDGE)
Reducer 13 <- Map 12 (SIMPLE_EDGE), Map 17 (SIMPLE_EDGE)
Reducer 14 <- Reducer 13 (SIMPLE_EDGE)
Reducer 15 <- Map 12 (SIMPLE_EDGE), Map 18 (SIMPLE_EDGE)
Reducer 16 <- Reducer 15 (SIMPLE_EDGE)
Reducer 2 <- Map 1 (SIMPLE_EDGE), Map 7 (SIMPLE_EDGE)
Reducer 3 <- Map 8 (SIMPLE_EDGE), Reducer 2 (SIMPLE_EDGE)
Reducer 4 <- Reducer 11 (SIMPLE_EDGE), Reducer 14 (ONE_TO_ONE_EDGE), Reducer 16 (ONE_TO_ONE_EDGE), Reducer 3 (SIMPLE_EDGE)
Reducer 5 <- Reducer 4 (SIMPLE_EDGE)
Reducer 6 <- Reducer 5 (SIMPLE_EDGE)

Stage-0
  Fetch Operator
    limit:-1
    Stage-1
      Reducer 6
      File Output Operator [FS_75]
        Limit [LIM_73] (rows=100 width=88)
          Number of rows:100
          Select Operator [SEL_72] (rows=522716061 width=88)
            Output:["_col0","_col1","_col2","_col3","_col4","_col5","_col6","_col7","_col8","_col9","_col10","_col11","_col12","_col13","_col14","_col15","_col16"]
          <-Reducer 5 [SIMPLE_EDGE]
            SHUFFLE [RS_71]
              Select Operator [SEL_70] (rows=522716061 width=88)
                Output:["_col0","_col1","_col2","_col3","_col4","_col5","_col6","_col7","_col9","_col10","_col11","_col12","_col14","_col15","_col16","_col17"]
                Group By Operator [GBY_69] (rows=522716061 width=88)
                  Output:["_col0","_col1","_col2","_col3","_col4","_col5","_col6","_col7","_col8","_col9","_col10","_col11","_col12","_col13","_col14","_col15"],aggregations:["count(VALUE._col0)","avg(VALUE._col1)","max(VALUE._col2)","sum(VALUE._col3)","avg(VALUE._col4)","max(VALUE._col5)","sum(VALUE._col6)","avg(VALUE._col7)","max(VALUE._col8)","sum(VALUE._col9)"],keys:KEY._col0, KEY._col1, KEY._col2, KEY._col3, KEY._col4, KEY._col5
                <-Reducer 4 [SIMPLE_EDGE]
                  SHUFFLE [RS_68]
                    PartitionCols:_col0, _col1, _col2, _col3, _col4, _col5
                    Group By Operator [GBY_67] (rows=1045432122 width=88)
                      Output:["_col0","_col1","_col2","_col3","_col4","_col5","_col6","_col7","_col8","_col9","_col10","_col11","_col12","_col13","_col14","_col15"],aggregations:["count()","avg(_col8)","max(_col8)","sum(_col8)","avg(_col9)","max(_col9)","sum(_col9)","avg(_col10)","max(_col10)","sum(_col10)"],keys:_col4, _col6, _col7, _col8, _col9, _col10
                      Select Operator [SEL_66] (rows=1045432122 width=88)
                        Output:["_col4","_col6","_col7","_col8","_col9","_col10"]
                        Filter Operator [FIL_65] (rows=1045432122 width=88)
                          predicate:(_col12 is not null or _col14 is not null)
                          Merge Join Operator [MERGEJOIN_114] (rows=1045432122 width=88)
                            Conds:RS_60._col0=RS_61._col0(Left Semi),RS_60._col0=RS_62._col0(Left Outer),RS_60._col0=RS_63._col0(Left Outer),Output:["_col4","_col6","_col7","_col8","_col9","_col10","_col12","_col14"]
                          <-Reducer 11 [SIMPLE_EDGE]
                            SHUFFLE [RS_61]
                              PartitionCols:_col0
                              Group By Operator [GBY_59] (rows=316797606 width=88)
                                Output:["_col0"],keys:_col0
                                Filter Operator [FIL_22] (rows=316797606 width=88)
                                  predicate:_col0 is not null
                                  Group By Operator [GBY_21] (rows=316797606 width=88)
                                    Output:["_col0"],keys:KEY._col0
                                  <-Reducer 10 [SIMPLE_EDGE]
                                    SHUFFLE [RS_20]
                                      PartitionCols:_col0
                                      Group By Operator [GBY_19] (rows=633595212 width=88)
                                        Output:["_col0"],keys:_col1
                                        Merge Join Operator [MERGEJOIN_111] (rows=633595212 width=88)
                                          Conds:RS_15._col0=RS_16._col0(Inner),Output:["_col1"]
                                        <-Map 12 [SIMPLE_EDGE]
                                          SHUFFLE [RS_16]
                                            PartitionCols:_col0
                                            Select Operator [SEL_14] (rows=12174 width=1119)
                                              Output:["_col0"]
                                              Filter Operator [FIL_104] (rows=12174 width=1119)
                                                predicate:((d_qoy < 4) and (d_year = 1999) and d_date_sk is not null)
                                                TableScan [TS_12] (rows=73049 width=1119)
                                                  default@date_dim,date_dim,Tbl:COMPLETE,Col:NONE,Output:["d_date_sk","d_year","d_qoy"]
                                        <-Map 9 [SIMPLE_EDGE]
                                          SHUFFLE [RS_15]
                                            PartitionCols:_col0
                                            Select Operator [SEL_11] (rows=575995635 width=88)
                                              Output:["_col0","_col1"]
                                              Filter Operator [FIL_103] (rows=575995635 width=88)
                                                predicate:(ss_customer_sk is not null and ss_sold_date_sk is not null)
                                                TableScan [TS_9] (rows=575995635 width=88)
                                                  default@store_sales,store_sales,Tbl:COMPLETE,Col:NONE,Output:["ss_sold_date_sk","ss_customer_sk"]
                          <-Reducer 14 [ONE_TO_ONE_EDGE]
                            FORWARD [RS_62]
                              PartitionCols:_col0
                              Select Operator [SEL_37] (rows=79201469 width=135)
                                Output:["_col0","_col1"]
                                Group By Operator [GBY_36] (rows=79201469 width=135)
                                  Output:["_col0"],keys:KEY._col0
                                <-Reducer 13 [SIMPLE_EDGE]
                                  SHUFFLE [RS_35]
                                    PartitionCols:_col0
                                    Group By Operator [GBY_34] (rows=158402938 width=135)
                                      Output:["_col0"],keys:_col1
                                      Merge Join Operator [MERGEJOIN_112] (rows=158402938 width=135)
                                        Conds:RS_30._col0=RS_31._col0(Inner),Output:["_col1"]
                                      <-Map 12 [SIMPLE_EDGE]
                                        SHUFFLE [RS_31]
                                          PartitionCols:_col0
                                           Please refer to the previous Select Operator [SEL_14]
                                      <-Map 17 [SIMPLE_EDGE]
                                        SHUFFLE [RS_30]
                                          PartitionCols:_col0
                                          Select Operator [SEL_26] (rows=144002668 width=135)
                                            Output:["_col0","_col1"]
                                            Filter Operator [FIL_105] (rows=144002668 width=135)
                                              predicate:(ws_bill_customer_sk is not null and ws_sold_date_sk is not null)
                                              TableScan [TS_24] (rows=144002668 width=135)
                                                default@web_sales,web_sales,Tbl:COMPLETE,Col:NONE,Output:["ws_sold_date_sk","ws_bill_customer_sk"]
                          <-Reducer 16 [ONE_TO_ONE_EDGE]
                            FORWARD [RS_63]
                              PartitionCols:_col0
                              Select Operator [SEL_51] (rows=158394413 width=135)
                                Output:["_col0","_col1"]
                                Group By Operator [GBY_50] (rows=158394413 width=135)
                                  Output:["_col0"],keys:KEY._col0
                                <-Reducer 15 [SIMPLE_EDGE]
                                  SHUFFLE [RS_49]
                                    PartitionCols:_col0
                                    Group By Operator [GBY_48] (rows=316788826 width=135)
                                      Output:["_col0"],keys:_col1
                                      Merge Join Operator [MERGEJOIN_113] (rows=316788826 width=135)
                                        Conds:RS_44._col0=RS_45._col0(Inner),Output:["_col1"]
                                      <-Map 12 [SIMPLE_EDGE]
                                        SHUFFLE [RS_45]
                                          PartitionCols:_col0
                                           Please refer to the previous Select Operator [SEL_14]
                                      <-Map 18 [SIMPLE_EDGE]
                                        SHUFFLE [RS_44]
                                          PartitionCols:_col0
                                          Select Operator [SEL_40] (rows=287989836 width=135)
                                            Output:["_col0","_col1"]
                                            Filter Operator [FIL_107] (rows=287989836 width=135)
                                              predicate:(cs_ship_customer_sk is not null and cs_sold_date_sk is not null)
                                              TableScan [TS_38] (rows=287989836 width=135)
                                                default@catalog_sales,catalog_sales,Tbl:COMPLETE,Col:NONE,Output:["cs_sold_date_sk","cs_ship_customer_sk"]
                          <-Reducer 3 [SIMPLE_EDGE]
                            SHUFFLE [RS_60]
                              PartitionCols:_col0
                              Merge Join Operator [MERGEJOIN_110] (rows=96800003 width=860)
                                Conds:RS_55._col1=RS_56._col0(Inner),Output:["_col0","_col4","_col6","_col7","_col8","_col9","_col10"]
                              <-Map 8 [SIMPLE_EDGE]
                                SHUFFLE [RS_56]
                                  PartitionCols:_col0
                                  Select Operator [SEL_8] (rows=1861800 width=385)
                                    Output:["_col0","_col1","_col2","_col3","_col4","_col5"]
                                    Filter Operator [FIL_102] (rows=1861800 width=385)
                                      predicate:cd_demo_sk is not null
                                      TableScan [TS_6] (rows=1861800 width=385)
                                        default@customer_demographics,customer_demographics,Tbl:COMPLETE,Col:NONE,Output:["cd_demo_sk","cd_gender","cd_marital_status","cd_dep_count","cd_dep_employed_count","cd_dep_college_count"]
                              <-Reducer 2 [SIMPLE_EDGE]
                                SHUFFLE [RS_55]
                                  PartitionCols:_col1
                                  Merge Join Operator [MERGEJOIN_109] (rows=88000001 width=860)
                                    Conds:RS_52._col2=RS_53._col0(Inner),Output:["_col0","_col1","_col4"]
                                  <-Map 1 [SIMPLE_EDGE]
                                    SHUFFLE [RS_52]
                                      PartitionCols:_col2
                                      Select Operator [SEL_2] (rows=80000000 width=860)
                                        Output:["_col0","_col1","_col2"]
                                        Filter Operator [FIL_100] (rows=80000000 width=860)
                                          predicate:(c_current_addr_sk is not null and c_current_cdemo_sk is not null and c_customer_sk is not null)
                                          TableScan [TS_0] (rows=80000000 width=860)
                                            default@customer,c,Tbl:COMPLETE,Col:NONE,Output:["c_customer_sk","c_current_cdemo_sk","c_current_addr_sk"]
                                  <-Map 7 [SIMPLE_EDGE]
                                    SHUFFLE [RS_53]
                                      PartitionCols:_col0
                                      Select Operator [SEL_5] (rows=40000000 width=1014)
                                        Output:["_col0","_col1"]
                                        Filter Operator [FIL_101] (rows=40000000 width=1014)
                                          predicate:ca_address_sk is not null
                                          TableScan [TS_3] (rows=40000000 width=1014)
                                            default@customer_address,ca,Tbl:COMPLETE,Col:NONE,Output:["ca_address_sk","ca_state"]

