PREHOOK: query: create table tab_decimal(a decimal(35,3))
PREHOOK: type: CREATETABLE
PREHOOK: Output: database:default
PREHOOK: Output: default@tab_decimal
POSTHOOK: query: create table tab_decimal(a decimal(35,3))
POSTHOOK: type: CREATETABLE
POSTHOOK: Output: database:default
POSTHOOK: Output: default@tab_decimal
PREHOOK: query: LOAD DATA LOCAL INPATH "../../data/files/decimal.txt" INTO TABLE tab_decimal
PREHOOK: type: LOAD
#### A masked pattern was here ####
PREHOOK: Output: default@tab_decimal
POSTHOOK: query: LOAD DATA LOCAL INPATH "../../data/files/decimal.txt" INTO TABLE tab_decimal
POSTHOOK: type: LOAD
#### A masked pattern was here ####
POSTHOOK: Output: default@tab_decimal
PREHOOK: query: select count(*) from tab_decimal
PREHOOK: type: QUERY
PREHOOK: Input: default@tab_decimal
#### A masked pattern was here ####
POSTHOOK: query: select count(*) from tab_decimal
POSTHOOK: type: QUERY
POSTHOOK: Input: default@tab_decimal
#### A masked pattern was here ####
19
PREHOOK: query: select compute_stats(a, 'fm', 18) from tab_decimal
PREHOOK: type: QUERY
PREHOOK: Input: default@tab_decimal
#### A masked pattern was here ####
POSTHOOK: query: select compute_stats(a, 'fm', 18) from tab_decimal
POSTHOOK: type: QUERY
POSTHOOK: Input: default@tab_decimal
#### A masked pattern was here ####
{"columntype":"Decimal","min":-87.2,"max":123456789012345678901234567890.123,"countnulls":2,"numdistinctvalues":13,"ndvbitvector":"Rk0SAB8AAAAvAAAADwAAAAcAAAAHAAAALwAAAAsAAAAXAAAALwAAAA8AAAAHAAAAAwAAAAcAAAAP\r\nAAAARwEAAA8AAAAHAAAAMwAAAA==\r\n"}
