PREHOOK: query: describe function width_bucket
PREHOOK: type: DESCFUNCTION
POSTHOOK: query: describe function width_bucket
POSTHOOK: type: DESCFUNCTION
width_bucket(expr, min_value, max_value, num_buckets) - Returns an integer between 0 and num_buckets+1 by mapping the expr into buckets defined by the range [min_value, max_value]
PREHOOK: query: desc function extended width_bucket
PREHOOK: type: DESCFUNCTION
POSTHOOK: query: desc function extended width_bucket
POSTHOOK: type: DESCFUNCTION
width_bucket(expr, min_value, max_value, num_buckets) - Returns an integer between 0 and num_buckets+1 by mapping the expr into buckets defined by the range [min_value, max_value]
Returns an integer between 0 and num_buckets+1 by mapping expr into the ith equally sized bucket. Buckets are made by dividing [min_value, max_value] into equally sized regions. If expr < min_value, return 1, if expr > max_value return num_buckets+1
Example: expr is an integer column withs values 1, 10, 20, 30.
  > SELECT width_bucket(expr, 5, 25, 4) FROM src;
1
1
3
5
Function class:org.apache.hadoop.hive.ql.udf.generic.GenericUDFWidthBucket
Function type:BUILTIN
PREHOOK: query: explain select width_bucket(10, 5, 25, 4)
PREHOOK: type: QUERY
POSTHOOK: query: explain select width_bucket(10, 5, 25, 4)
POSTHOOK: type: QUERY
STAGE DEPENDENCIES:
  Stage-0 is a root stage

STAGE PLANS:
  Stage: Stage-0
    Fetch Operator
      limit: -1
      Processor Tree:
        TableScan
          alias: _dummy_table
          Row Limit Per Split: 1
          Statistics: Num rows: 1 Data size: 1 Basic stats: COMPLETE Column stats: COMPLETE
          Select Operator
            expressions: 2 (type: int)
            outputColumnNames: _col0
            Statistics: Num rows: 1 Data size: 4 Basic stats: COMPLETE Column stats: COMPLETE
            ListSink

PREHOOK: query: select
width_bucket(1, 5, 25, 4),
width_bucket(10, 5, 25, 4),
width_bucket(20, 5, 25, 4),
width_bucket(30, 5, 25, 4)
PREHOOK: type: QUERY
PREHOOK: Input: _dummy_database@_dummy_table
#### A masked pattern was here ####
POSTHOOK: query: select
width_bucket(1, 5, 25, 4),
width_bucket(10, 5, 25, 4),
width_bucket(20, 5, 25, 4),
width_bucket(30, 5, 25, 4)
POSTHOOK: type: QUERY
POSTHOOK: Input: _dummy_database@_dummy_table
#### A masked pattern was here ####
0	2	4	5
PREHOOK: query: select
width_bucket(1, NULL, 25, 4),
width_bucket(NULL, 5, 25, 4),
width_bucket(20, 5, NULL, 4),
width_bucket(30, 5, 25, NULL),
width_bucket(NULL, NULL, NULL, NULL)
PREHOOK: type: QUERY
PREHOOK: Input: _dummy_database@_dummy_table
#### A masked pattern was here ####
POSTHOOK: query: select
width_bucket(1, NULL, 25, 4),
width_bucket(NULL, 5, 25, 4),
width_bucket(20, 5, NULL, 4),
width_bucket(30, 5, 25, NULL),
width_bucket(NULL, NULL, NULL, NULL)
POSTHOOK: type: QUERY
POSTHOOK: Input: _dummy_database@_dummy_table
#### A masked pattern was here ####
NULL	NULL	NULL	NULL	NULL
PREHOOK: query: select
width_bucket(-1, -25, -5, 4),
width_bucket(-10, -25, -5, 4),
width_bucket(-20, -25, -5, 4),
width_bucket(-30, -25, -5, 4)
PREHOOK: type: QUERY
PREHOOK: Input: _dummy_database@_dummy_table
#### A masked pattern was here ####
POSTHOOK: query: select
width_bucket(-1, -25, -5, 4),
width_bucket(-10, -25, -5, 4),
width_bucket(-20, -25, -5, 4),
width_bucket(-30, -25, -5, 4)
POSTHOOK: type: QUERY
POSTHOOK: Input: _dummy_database@_dummy_table
#### A masked pattern was here ####
5	4	2	0
PREHOOK: query: select
width_bucket(-10, -5, 15, 4),
width_bucket(0, -5, 15, 4),
width_bucket(10, -5, 15, 4),
width_bucket(20, -5, 15, 4)
PREHOOK: type: QUERY
PREHOOK: Input: _dummy_database@_dummy_table
#### A masked pattern was here ####
POSTHOOK: query: select
width_bucket(-10, -5, 15, 4),
width_bucket(0, -5, 15, 4),
width_bucket(10, -5, 15, 4),
width_bucket(20, -5, 15, 4)
POSTHOOK: type: QUERY
POSTHOOK: Input: _dummy_database@_dummy_table
#### A masked pattern was here ####
0	2	4	5
