PREHOOK: query: create table cd
(
    cd_demo_sk                int,
    cd_gender                 string,
    cd_marital_status         string,
    cd_purchase_estimate      int,
    cd_credit_rating          string,
    cd_dep_count              int,
    cd_dep_employed_count     int,
    cd_dep_college_count      int
)
partitioned by
(
    cd_education_status       string
)
PREHOOK: type: CREATETABLE
PREHOOK: Output: database:default
PREHOOK: Output: default@cd
POSTHOOK: query: create table cd
(
    cd_demo_sk                int,
    cd_gender                 string,
    cd_marital_status         string,
    cd_purchase_estimate      int,
    cd_credit_rating          string,
    cd_dep_count              int,
    cd_dep_employed_count     int,
    cd_dep_college_count      int
)
partitioned by
(
    cd_education_status       string
)
POSTHOOK: type: CREATETABLE
POSTHOOK: Output: database:default
POSTHOOK: Output: default@cd
PREHOOK: query: alter table cd add partition (cd_education_status='Primary')
PREHOOK: type: ALTERTABLE_ADDPARTS
PREHOOK: Output: default@cd
POSTHOOK: query: alter table cd add partition (cd_education_status='Primary')
POSTHOOK: type: ALTERTABLE_ADDPARTS
POSTHOOK: Output: default@cd
POSTHOOK: Output: default@cd@cd_education_status=Primary
PREHOOK: query: insert into table cd partition (cd_education_status='Primary') values (1, 'M', 'M', 500, 'Good', 0, 0, 0)
PREHOOK: type: QUERY
PREHOOK: Output: default@cd@cd_education_status=Primary
POSTHOOK: query: insert into table cd partition (cd_education_status='Primary') values (1, 'M', 'M', 500, 'Good', 0, 0, 0)
POSTHOOK: type: QUERY
POSTHOOK: Output: default@cd@cd_education_status=Primary
POSTHOOK: Lineage: cd PARTITION(cd_education_status=Primary).cd_credit_rating SIMPLE [(values__tmp__table__1)values__tmp__table__1.FieldSchema(name:tmp_values_col5, type:string, comment:), ]
POSTHOOK: Lineage: cd PARTITION(cd_education_status=Primary).cd_demo_sk EXPRESSION [(values__tmp__table__1)values__tmp__table__1.FieldSchema(name:tmp_values_col1, type:string, comment:), ]
POSTHOOK: Lineage: cd PARTITION(cd_education_status=Primary).cd_dep_college_count EXPRESSION [(values__tmp__table__1)values__tmp__table__1.FieldSchema(name:tmp_values_col8, type:string, comment:), ]
POSTHOOK: Lineage: cd PARTITION(cd_education_status=Primary).cd_dep_count EXPRESSION [(values__tmp__table__1)values__tmp__table__1.FieldSchema(name:tmp_values_col6, type:string, comment:), ]
POSTHOOK: Lineage: cd PARTITION(cd_education_status=Primary).cd_dep_employed_count EXPRESSION [(values__tmp__table__1)values__tmp__table__1.FieldSchema(name:tmp_values_col7, type:string, comment:), ]
POSTHOOK: Lineage: cd PARTITION(cd_education_status=Primary).cd_gender SIMPLE [(values__tmp__table__1)values__tmp__table__1.FieldSchema(name:tmp_values_col2, type:string, comment:), ]
POSTHOOK: Lineage: cd PARTITION(cd_education_status=Primary).cd_marital_status SIMPLE [(values__tmp__table__1)values__tmp__table__1.FieldSchema(name:tmp_values_col3, type:string, comment:), ]
POSTHOOK: Lineage: cd PARTITION(cd_education_status=Primary).cd_purchase_estimate EXPRESSION [(values__tmp__table__1)values__tmp__table__1.FieldSchema(name:tmp_values_col4, type:string, comment:), ]
PREHOOK: query: explain vectorization detail
analyze table cd partition (cd_education_status) compute statistics
PREHOOK: type: QUERY
POSTHOOK: query: explain vectorization detail
analyze table cd partition (cd_education_status) compute statistics
POSTHOOK: type: QUERY
PLAN VECTORIZATION:
  enabled: true
  enabledConditionsMet: [hive.vectorized.execution.enabled IS true]

STAGE DEPENDENCIES:
  Stage-0 is a root stage
  Stage-1 depends on stages: Stage-0

STAGE PLANS:
  Stage: Stage-0
    Map Reduce
      Map Operator Tree:
          TableScan
            alias: cd
            Statistics: Num rows: 1 Data size: 20 Basic stats: COMPLETE Column stats: NONE
      Map Vectorization:
          enabled: true
          enabledConditionsMet: hive.vectorized.use.vector.serde.deserialize IS true
          inputFileFormats: org.apache.hadoop.mapred.TextInputFormat
          notVectorizedReason: TABLESCAN operator: gather stats not supported
          vectorized: false

  Stage: Stage-1
    Stats Work
      Basic Stats Work:

PREHOOK: query: analyze table cd partition (cd_education_status) compute statistics
PREHOOK: type: QUERY
PREHOOK: Input: default@cd
PREHOOK: Input: default@cd@cd_education_status=Primary
PREHOOK: Output: default@cd
PREHOOK: Output: default@cd@cd_education_status=Primary
POSTHOOK: query: analyze table cd partition (cd_education_status) compute statistics
POSTHOOK: type: QUERY
POSTHOOK: Input: default@cd
POSTHOOK: Input: default@cd@cd_education_status=Primary
POSTHOOK: Output: default@cd
POSTHOOK: Output: default@cd@cd_education_status=Primary
