PREHOOK: query: -- start query 1 in stream 0 using template query83.tpl and seed 1930872976
explain with sr_items as
 (select i_item_id item_id,
        sum(sr_return_quantity) sr_item_qty
 from store_returns,
      item,
      date_dim
 where sr_item_sk = i_item_sk
 and   d_date    in 
	(select d_date
	from date_dim
	where d_week_seq in 
		(select d_week_seq
		from date_dim
	  where d_date in ('1998-01-02','1998-10-15','1998-11-10')))
 and   sr_returned_date_sk   = d_date_sk
 group by i_item_id),
 cr_items as
 (select i_item_id item_id,
        sum(cr_return_quantity) cr_item_qty
 from catalog_returns,
      item,
      date_dim
 where cr_item_sk = i_item_sk
 and   d_date    in 
	(select d_date
	from date_dim
	where d_week_seq in 
		(select d_week_seq
		from date_dim
	  where d_date in ('1998-01-02','1998-10-15','1998-11-10')))
 and   cr_returned_date_sk   = d_date_sk
 group by i_item_id),
 wr_items as
 (select i_item_id item_id,
        sum(wr_return_quantity) wr_item_qty
 from web_returns,
      item,
      date_dim
 where wr_item_sk = i_item_sk
 and   d_date    in 
	(select d_date
	from date_dim
	where d_week_seq in 
		(select d_week_seq
		from date_dim
		where d_date in ('1998-01-02','1998-10-15','1998-11-10')))
 and   wr_returned_date_sk   = d_date_sk
 group by i_item_id)
  select  sr_items.item_id
       ,sr_item_qty
       ,sr_item_qty/(sr_item_qty+cr_item_qty+wr_item_qty)/3.0 * 100 sr_dev
       ,cr_item_qty
       ,cr_item_qty/(sr_item_qty+cr_item_qty+wr_item_qty)/3.0 * 100 cr_dev
       ,wr_item_qty
       ,wr_item_qty/(sr_item_qty+cr_item_qty+wr_item_qty)/3.0 * 100 wr_dev
       ,(sr_item_qty+cr_item_qty+wr_item_qty)/3.0 average
 from sr_items
     ,cr_items
     ,wr_items
 where sr_items.item_id=cr_items.item_id
   and sr_items.item_id=wr_items.item_id 
 order by sr_items.item_id
         ,sr_item_qty
 limit 100
PREHOOK: type: QUERY
POSTHOOK: query: -- start query 1 in stream 0 using template query83.tpl and seed 1930872976
explain with sr_items as
 (select i_item_id item_id,
        sum(sr_return_quantity) sr_item_qty
 from store_returns,
      item,
      date_dim
 where sr_item_sk = i_item_sk
 and   d_date    in 
	(select d_date
	from date_dim
	where d_week_seq in 
		(select d_week_seq
		from date_dim
	  where d_date in ('1998-01-02','1998-10-15','1998-11-10')))
 and   sr_returned_date_sk   = d_date_sk
 group by i_item_id),
 cr_items as
 (select i_item_id item_id,
        sum(cr_return_quantity) cr_item_qty
 from catalog_returns,
      item,
      date_dim
 where cr_item_sk = i_item_sk
 and   d_date    in 
	(select d_date
	from date_dim
	where d_week_seq in 
		(select d_week_seq
		from date_dim
	  where d_date in ('1998-01-02','1998-10-15','1998-11-10')))
 and   cr_returned_date_sk   = d_date_sk
 group by i_item_id),
 wr_items as
 (select i_item_id item_id,
        sum(wr_return_quantity) wr_item_qty
 from web_returns,
      item,
      date_dim
 where wr_item_sk = i_item_sk
 and   d_date    in 
	(select d_date
	from date_dim
	where d_week_seq in 
		(select d_week_seq
		from date_dim
		where d_date in ('1998-01-02','1998-10-15','1998-11-10')))
 and   wr_returned_date_sk   = d_date_sk
 group by i_item_id)
  select  sr_items.item_id
       ,sr_item_qty
       ,sr_item_qty/(sr_item_qty+cr_item_qty+wr_item_qty)/3.0 * 100 sr_dev
       ,cr_item_qty
       ,cr_item_qty/(sr_item_qty+cr_item_qty+wr_item_qty)/3.0 * 100 cr_dev
       ,wr_item_qty
       ,wr_item_qty/(sr_item_qty+cr_item_qty+wr_item_qty)/3.0 * 100 wr_dev
       ,(sr_item_qty+cr_item_qty+wr_item_qty)/3.0 average
 from sr_items
     ,cr_items
     ,wr_items
 where sr_items.item_id=cr_items.item_id
   and sr_items.item_id=wr_items.item_id 
 order by sr_items.item_id
         ,sr_item_qty
 limit 100
POSTHOOK: type: QUERY
Plan optimized by CBO.

Vertex dependency in root stage
Reducer 11 <- Map 10 (SIMPLE_EDGE), Reducer 14 (SIMPLE_EDGE)
Reducer 12 <- Reducer 11 (SIMPLE_EDGE)
Reducer 14 <- Map 13 (SIMPLE_EDGE)
Reducer 16 <- Map 15 (SIMPLE_EDGE), Map 19 (SIMPLE_EDGE)
Reducer 17 <- Reducer 16 (SIMPLE_EDGE), Reducer 21 (SIMPLE_EDGE)
Reducer 18 <- Reducer 17 (SIMPLE_EDGE)
Reducer 2 <- Map 1 (SIMPLE_EDGE), Map 7 (SIMPLE_EDGE)
Reducer 21 <- Map 20 (SIMPLE_EDGE), Reducer 24 (SIMPLE_EDGE)
Reducer 23 <- Map 22 (SIMPLE_EDGE), Reducer 26 (SIMPLE_EDGE)
Reducer 24 <- Reducer 23 (SIMPLE_EDGE)
Reducer 26 <- Map 25 (SIMPLE_EDGE)
Reducer 28 <- Map 27 (SIMPLE_EDGE), Map 31 (SIMPLE_EDGE)
Reducer 29 <- Reducer 28 (SIMPLE_EDGE), Reducer 33 (SIMPLE_EDGE)
Reducer 3 <- Reducer 2 (SIMPLE_EDGE), Reducer 9 (SIMPLE_EDGE)
Reducer 30 <- Reducer 29 (SIMPLE_EDGE)
Reducer 33 <- Map 32 (SIMPLE_EDGE), Reducer 36 (SIMPLE_EDGE)
Reducer 35 <- Map 34 (SIMPLE_EDGE), Reducer 38 (SIMPLE_EDGE)
Reducer 36 <- Reducer 35 (SIMPLE_EDGE)
Reducer 38 <- Map 37 (SIMPLE_EDGE)
Reducer 4 <- Reducer 3 (SIMPLE_EDGE)
Reducer 5 <- Reducer 18 (SIMPLE_EDGE), Reducer 30 (SIMPLE_EDGE), Reducer 4 (SIMPLE_EDGE)
Reducer 6 <- Reducer 5 (SIMPLE_EDGE)
Reducer 9 <- Map 8 (SIMPLE_EDGE), Reducer 12 (SIMPLE_EDGE)

Stage-0
  Fetch Operator
    limit:100
    Stage-1
      Reducer 6
      File Output Operator [FS_137]
        Limit [LIM_136] (rows=100 width=77)
          Number of rows:100
          Select Operator [SEL_135] (rows=76653825 width=77)
            Output:["_col0","_col1","_col2","_col3","_col4","_col5","_col6","_col7"]
          <-Reducer 5 [SIMPLE_EDGE]
            SHUFFLE [RS_134]
              Select Operator [SEL_133] (rows=76653825 width=77)
                Output:["_col0","_col1","_col2","_col3","_col4","_col5","_col6","_col7"]
                Merge Join Operator [MERGEJOIN_231] (rows=76653825 width=77)
                  Conds:RS_129._col0=RS_130._col0(Inner),RS_129._col0=RS_131._col0(Inner),Output:["_col0","_col1","_col3","_col5"]
                <-Reducer 18 [SIMPLE_EDGE]
                  SHUFFLE [RS_130]
                    PartitionCols:_col0
                    Group By Operator [GBY_84] (rows=34842647 width=77)
                      Output:["_col0","_col1"],aggregations:["sum(VALUE._col0)"],keys:KEY._col0
                    <-Reducer 17 [SIMPLE_EDGE]
                      SHUFFLE [RS_83]
                        PartitionCols:_col0
                        Group By Operator [GBY_82] (rows=69685294 width=77)
                          Output:["_col0","_col1"],aggregations:["sum(_col0)"],keys:_col1
                          Filter Operator [FIL_80] (rows=69685294 width=77)
                            predicate:_col1 is not null
                            Select Operator [SEL_79] (rows=69685294 width=77)
                              Output:["_col0","_col1"]
                              Merge Join Operator [MERGEJOIN_229] (rows=69685294 width=77)
                                Conds:RS_76._col0=RS_77._col0(Inner),Output:["_col2","_col4"]
                              <-Reducer 16 [SIMPLE_EDGE]
                                SHUFFLE [RS_76]
                                  PartitionCols:_col0
                                  Merge Join Operator [MERGEJOIN_224] (rows=63350266 width=77)
                                    Conds:RS_73._col1=RS_74._col0(Inner),Output:["_col0","_col2","_col4"]
                                  <-Map 15 [SIMPLE_EDGE]
                                    SHUFFLE [RS_73]
                                      PartitionCols:_col1
                                      Select Operator [SEL_45] (rows=57591150 width=77)
                                        Output:["_col0","_col1","_col2"]
                                        Filter Operator [FIL_209] (rows=57591150 width=77)
                                          predicate:(sr_item_sk is not null and sr_returned_date_sk is not null)
                                          TableScan [TS_43] (rows=57591150 width=77)
                                            default@store_returns,store_returns,Tbl:COMPLETE,Col:NONE,Output:["sr_returned_date_sk","sr_item_sk","sr_return_quantity"]
                                  <-Map 19 [SIMPLE_EDGE]
                                    SHUFFLE [RS_74]
                                      PartitionCols:_col0
                                      Select Operator [SEL_48] (rows=462000 width=1436)
                                        Output:["_col0","_col1"]
                                        Filter Operator [FIL_210] (rows=462000 width=1436)
                                          predicate:i_item_sk is not null
                                          TableScan [TS_46] (rows=462000 width=1436)
                                            default@item,item,Tbl:COMPLETE,Col:NONE,Output:["i_item_sk","i_item_id"]
                              <-Reducer 21 [SIMPLE_EDGE]
                                SHUFFLE [RS_77]
                                  PartitionCols:_col0
                                  Merge Join Operator [MERGEJOIN_225] (rows=80353 width=1119)
                                    Conds:RS_69._col1=RS_70._col0(Inner),Output:["_col0"]
                                  <-Map 20 [SIMPLE_EDGE]
                                    SHUFFLE [RS_69]
                                      PartitionCols:_col1
                                      Select Operator [SEL_51] (rows=73049 width=1119)
                                        Output:["_col0","_col1"]
                                        Filter Operator [FIL_211] (rows=73049 width=1119)
                                          predicate:d_date_sk is not null
                                          TableScan [TS_49] (rows=73049 width=1119)
                                            default@date_dim,date_dim,Tbl:COMPLETE,Col:NONE,Output:["d_date_sk","d_date"]
                                  <-Reducer 24 [SIMPLE_EDGE]
                                    SHUFFLE [RS_70]
                                      PartitionCols:_col0
                                      Group By Operator [GBY_67] (rows=40176 width=1119)
                                        Output:["_col0"],keys:KEY._col0
                                      <-Reducer 23 [SIMPLE_EDGE]
                                        SHUFFLE [RS_66]
                                          PartitionCols:_col0
                                          Group By Operator [GBY_65] (rows=80353 width=1119)
                                            Output:["_col0"],keys:_col0
                                            Merge Join Operator [MERGEJOIN_220] (rows=80353 width=1119)
                                              Conds:RS_61._col1=RS_62._col0(Inner),Output:["_col0"]
                                            <-Map 22 [SIMPLE_EDGE]
                                              SHUFFLE [RS_61]
                                                PartitionCols:_col1
                                                Select Operator [SEL_53] (rows=73049 width=1119)
                                                  Output:["_col0","_col1"]
                                                  TableScan [TS_52] (rows=73049 width=1119)
                                                    default@date_dim,date_dim,Tbl:COMPLETE,Col:NONE,Output:["d_date","d_week_seq"]
                                            <-Reducer 26 [SIMPLE_EDGE]
                                              SHUFFLE [RS_62]
                                                PartitionCols:_col0
                                                Group By Operator [GBY_59] (rows=18262 width=1119)
                                                  Output:["_col0"],keys:KEY._col0
                                                <-Map 25 [SIMPLE_EDGE]
                                                  SHUFFLE [RS_58]
                                                    PartitionCols:_col0
                                                    Group By Operator [GBY_57] (rows=36525 width=1119)
                                                      Output:["_col0"],keys:d_week_seq
                                                      Select Operator [SEL_56] (rows=36525 width=1119)
                                                        Output:["d_week_seq"]
                                                        Filter Operator [FIL_213] (rows=36525 width=1119)
                                                          predicate:(d_date) IN ('1998-01-02', '1998-10-15', '1998-11-10')
                                                          TableScan [TS_54] (rows=73049 width=1119)
                                                            default@date_dim,date_dim,Tbl:COMPLETE,Col:NONE,Output:["d_date","d_week_seq"]
                <-Reducer 30 [SIMPLE_EDGE]
                  SHUFFLE [RS_131]
                    PartitionCols:_col0
                    Group By Operator [GBY_127] (rows=8711072 width=92)
                      Output:["_col0","_col1"],aggregations:["sum(VALUE._col0)"],keys:KEY._col0
                    <-Reducer 29 [SIMPLE_EDGE]
                      SHUFFLE [RS_126]
                        PartitionCols:_col0
                        Group By Operator [GBY_125] (rows=17422145 width=92)
                          Output:["_col0","_col1"],aggregations:["sum(_col0)"],keys:_col1
                          Filter Operator [FIL_123] (rows=17422145 width=92)
                            predicate:_col1 is not null
                            Select Operator [SEL_122] (rows=17422145 width=92)
                              Output:["_col0","_col1"]
                              Merge Join Operator [MERGEJOIN_230] (rows=17422145 width=92)
                                Conds:RS_119._col0=RS_120._col0(Inner),Output:["_col2","_col4"]
                              <-Reducer 28 [SIMPLE_EDGE]
                                SHUFFLE [RS_119]
                                  PartitionCols:_col0
                                  Merge Join Operator [MERGEJOIN_226] (rows=15838314 width=92)
                                    Conds:RS_116._col1=RS_117._col0(Inner),Output:["_col0","_col2","_col4"]
                                  <-Map 27 [SIMPLE_EDGE]
                                    SHUFFLE [RS_116]
                                      PartitionCols:_col1
                                      Select Operator [SEL_88] (rows=14398467 width=92)
                                        Output:["_col0","_col1","_col2"]
                                        Filter Operator [FIL_214] (rows=14398467 width=92)
                                          predicate:(wr_item_sk is not null and wr_returned_date_sk is not null)
                                          TableScan [TS_86] (rows=14398467 width=92)
                                            default@web_returns,web_returns,Tbl:COMPLETE,Col:NONE,Output:["wr_returned_date_sk","wr_item_sk","wr_return_quantity"]
                                  <-Map 31 [SIMPLE_EDGE]
                                    SHUFFLE [RS_117]
                                      PartitionCols:_col0
                                      Select Operator [SEL_91] (rows=462000 width=1436)
                                        Output:["_col0","_col1"]
                                        Filter Operator [FIL_215] (rows=462000 width=1436)
                                          predicate:i_item_sk is not null
                                          TableScan [TS_89] (rows=462000 width=1436)
                                            default@item,item,Tbl:COMPLETE,Col:NONE,Output:["i_item_sk","i_item_id"]
                              <-Reducer 33 [SIMPLE_EDGE]
                                SHUFFLE [RS_120]
                                  PartitionCols:_col0
                                  Merge Join Operator [MERGEJOIN_227] (rows=80353 width=1119)
                                    Conds:RS_112._col1=RS_113._col0(Inner),Output:["_col0"]
                                  <-Map 32 [SIMPLE_EDGE]
                                    SHUFFLE [RS_112]
                                      PartitionCols:_col1
                                      Select Operator [SEL_94] (rows=73049 width=1119)
                                        Output:["_col0","_col1"]
                                        Filter Operator [FIL_216] (rows=73049 width=1119)
                                          predicate:d_date_sk is not null
                                          TableScan [TS_92] (rows=73049 width=1119)
                                            default@date_dim,date_dim,Tbl:COMPLETE,Col:NONE,Output:["d_date_sk","d_date"]
                                  <-Reducer 36 [SIMPLE_EDGE]
                                    SHUFFLE [RS_113]
                                      PartitionCols:_col0
                                      Group By Operator [GBY_110] (rows=40176 width=1119)
                                        Output:["_col0"],keys:KEY._col0
                                      <-Reducer 35 [SIMPLE_EDGE]
                                        SHUFFLE [RS_109]
                                          PartitionCols:_col0
                                          Group By Operator [GBY_108] (rows=80353 width=1119)
                                            Output:["_col0"],keys:_col0
                                            Merge Join Operator [MERGEJOIN_221] (rows=80353 width=1119)
                                              Conds:RS_104._col1=RS_105._col0(Inner),Output:["_col0"]
                                            <-Map 34 [SIMPLE_EDGE]
                                              SHUFFLE [RS_104]
                                                PartitionCols:_col1
                                                Select Operator [SEL_96] (rows=73049 width=1119)
                                                  Output:["_col0","_col1"]
                                                  TableScan [TS_95] (rows=73049 width=1119)
                                                    default@date_dim,date_dim,Tbl:COMPLETE,Col:NONE,Output:["d_date","d_week_seq"]
                                            <-Reducer 38 [SIMPLE_EDGE]
                                              SHUFFLE [RS_105]
                                                PartitionCols:_col0
                                                Group By Operator [GBY_102] (rows=18262 width=1119)
                                                  Output:["_col0"],keys:KEY._col0
                                                <-Map 37 [SIMPLE_EDGE]
                                                  SHUFFLE [RS_101]
                                                    PartitionCols:_col0
                                                    Group By Operator [GBY_100] (rows=36525 width=1119)
                                                      Output:["_col0"],keys:d_week_seq
                                                      Select Operator [SEL_99] (rows=36525 width=1119)
                                                        Output:["d_week_seq"]
                                                        Filter Operator [FIL_218] (rows=36525 width=1119)
                                                          predicate:(d_date) IN ('1998-01-02', '1998-10-15', '1998-11-10')
                                                          TableScan [TS_97] (rows=73049 width=1119)
                                                            default@date_dim,date_dim,Tbl:COMPLETE,Col:NONE,Output:["d_date","d_week_seq"]
                <-Reducer 4 [SIMPLE_EDGE]
                  SHUFFLE [RS_129]
                    PartitionCols:_col0
                    Group By Operator [GBY_41] (rows=17423323 width=106)
                      Output:["_col0","_col1"],aggregations:["sum(VALUE._col0)"],keys:KEY._col0
                    <-Reducer 3 [SIMPLE_EDGE]
                      SHUFFLE [RS_40]
                        PartitionCols:_col0
                        Group By Operator [GBY_39] (rows=34846646 width=106)
                          Output:["_col0","_col1"],aggregations:["sum(_col0)"],keys:_col1
                          Filter Operator [FIL_37] (rows=34846646 width=106)
                            predicate:_col1 is not null
                            Select Operator [SEL_36] (rows=34846646 width=106)
                              Output:["_col0","_col1"]
                              Merge Join Operator [MERGEJOIN_228] (rows=34846646 width=106)
                                Conds:RS_33._col0=RS_34._col0(Inner),Output:["_col2","_col4"]
                              <-Reducer 2 [SIMPLE_EDGE]
                                SHUFFLE [RS_33]
                                  PartitionCols:_col0
                                  Merge Join Operator [MERGEJOIN_222] (rows=31678769 width=106)
                                    Conds:RS_30._col1=RS_31._col0(Inner),Output:["_col0","_col2","_col4"]
                                  <-Map 1 [SIMPLE_EDGE]
                                    SHUFFLE [RS_30]
                                      PartitionCols:_col1
                                      Select Operator [SEL_2] (rows=28798881 width=106)
                                        Output:["_col0","_col1","_col2"]
                                        Filter Operator [FIL_204] (rows=28798881 width=106)
                                          predicate:(cr_item_sk is not null and cr_returned_date_sk is not null)
                                          TableScan [TS_0] (rows=28798881 width=106)
                                            default@catalog_returns,catalog_returns,Tbl:COMPLETE,Col:NONE,Output:["cr_returned_date_sk","cr_item_sk","cr_return_quantity"]
                                  <-Map 7 [SIMPLE_EDGE]
                                    SHUFFLE [RS_31]
                                      PartitionCols:_col0
                                      Select Operator [SEL_5] (rows=462000 width=1436)
                                        Output:["_col0","_col1"]
                                        Filter Operator [FIL_205] (rows=462000 width=1436)
                                          predicate:i_item_sk is not null
                                          TableScan [TS_3] (rows=462000 width=1436)
                                            default@item,item,Tbl:COMPLETE,Col:NONE,Output:["i_item_sk","i_item_id"]
                              <-Reducer 9 [SIMPLE_EDGE]
                                SHUFFLE [RS_34]
                                  PartitionCols:_col0
                                  Merge Join Operator [MERGEJOIN_223] (rows=80353 width=1119)
                                    Conds:RS_26._col1=RS_27._col0(Inner),Output:["_col0"]
                                  <-Map 8 [SIMPLE_EDGE]
                                    SHUFFLE [RS_26]
                                      PartitionCols:_col1
                                      Select Operator [SEL_8] (rows=73049 width=1119)
                                        Output:["_col0","_col1"]
                                        Filter Operator [FIL_206] (rows=73049 width=1119)
                                          predicate:d_date_sk is not null
                                          TableScan [TS_6] (rows=73049 width=1119)
                                            default@date_dim,date_dim,Tbl:COMPLETE,Col:NONE,Output:["d_date_sk","d_date"]
                                  <-Reducer 12 [SIMPLE_EDGE]
                                    SHUFFLE [RS_27]
                                      PartitionCols:_col0
                                      Group By Operator [GBY_24] (rows=40176 width=1119)
                                        Output:["_col0"],keys:KEY._col0
                                      <-Reducer 11 [SIMPLE_EDGE]
                                        SHUFFLE [RS_23]
                                          PartitionCols:_col0
                                          Group By Operator [GBY_22] (rows=80353 width=1119)
                                            Output:["_col0"],keys:_col0
                                            Merge Join Operator [MERGEJOIN_219] (rows=80353 width=1119)
                                              Conds:RS_18._col1=RS_19._col0(Inner),Output:["_col0"]
                                            <-Map 10 [SIMPLE_EDGE]
                                              SHUFFLE [RS_18]
                                                PartitionCols:_col1
                                                Select Operator [SEL_10] (rows=73049 width=1119)
                                                  Output:["_col0","_col1"]
                                                  TableScan [TS_9] (rows=73049 width=1119)
                                                    default@date_dim,date_dim,Tbl:COMPLETE,Col:NONE,Output:["d_date","d_week_seq"]
                                            <-Reducer 14 [SIMPLE_EDGE]
                                              SHUFFLE [RS_19]
                                                PartitionCols:_col0
                                                Group By Operator [GBY_16] (rows=18262 width=1119)
                                                  Output:["_col0"],keys:KEY._col0
                                                <-Map 13 [SIMPLE_EDGE]
                                                  SHUFFLE [RS_15]
                                                    PartitionCols:_col0
                                                    Group By Operator [GBY_14] (rows=36525 width=1119)
                                                      Output:["_col0"],keys:d_week_seq
                                                      Select Operator [SEL_13] (rows=36525 width=1119)
                                                        Output:["d_week_seq"]
                                                        Filter Operator [FIL_208] (rows=36525 width=1119)
                                                          predicate:(d_date) IN ('1998-01-02', '1998-10-15', '1998-11-10')
                                                          TableScan [TS_11] (rows=73049 width=1119)
                                                            default@date_dim,date_dim,Tbl:COMPLETE,Col:NONE,Output:["d_date","d_week_seq"]

