Warning: Shuffle Join MERGEJOIN[119][tables = [$hdt$_4, $hdt$_5, $hdt$_6]] in Stage 'Reducer 18' is a cross product
PREHOOK: query: explain with customer_total_return as
(select sr_customer_sk as ctr_customer_sk
,sr_store_sk as ctr_store_sk
,sum(SR_FEE) as ctr_total_return
from store_returns
,date_dim
where sr_returned_date_sk = d_date_sk
and d_year =2000
group by sr_customer_sk
,sr_store_sk)
 select  c_customer_id
from customer_total_return ctr1
,store
,customer
where ctr1.ctr_total_return > (select avg(ctr_total_return)*1.2
from customer_total_return ctr2
where ctr1.ctr_store_sk = ctr2.ctr_store_sk)
and s_store_sk = ctr1.ctr_store_sk
and s_state = 'NM'
and ctr1.ctr_customer_sk = c_customer_sk
order by c_customer_id
limit 100
PREHOOK: type: QUERY
POSTHOOK: query: explain with customer_total_return as
(select sr_customer_sk as ctr_customer_sk
,sr_store_sk as ctr_store_sk
,sum(SR_FEE) as ctr_total_return
from store_returns
,date_dim
where sr_returned_date_sk = d_date_sk
and d_year =2000
group by sr_customer_sk
,sr_store_sk)
 select  c_customer_id
from customer_total_return ctr1
,store
,customer
where ctr1.ctr_total_return > (select avg(ctr_total_return)*1.2
from customer_total_return ctr2
where ctr1.ctr_store_sk = ctr2.ctr_store_sk)
and s_store_sk = ctr1.ctr_store_sk
and s_state = 'NM'
and ctr1.ctr_customer_sk = c_customer_sk
order by c_customer_id
limit 100
POSTHOOK: type: QUERY
Plan optimized by CBO.

Vertex dependency in root stage
Reducer 12 <- Map 11 (SIMPLE_EDGE), Map 16 (SIMPLE_EDGE)
Reducer 13 <- Reducer 12 (SIMPLE_EDGE)
Reducer 14 <- Reducer 13 (SIMPLE_EDGE), Reducer 19 (SIMPLE_EDGE)
Reducer 15 <- Reducer 14 (SIMPLE_EDGE)
Reducer 18 <- Map 17 (SIMPLE_EDGE), Map 20 (SIMPLE_EDGE), Reducer 23 (SIMPLE_EDGE)
Reducer 19 <- Reducer 18 (SIMPLE_EDGE)
Reducer 2 <- Map 1 (SIMPLE_EDGE), Map 8 (SIMPLE_EDGE)
Reducer 22 <- Map 21 (SIMPLE_EDGE), Map 24 (SIMPLE_EDGE)
Reducer 23 <- Reducer 22 (SIMPLE_EDGE)
Reducer 3 <- Reducer 2 (SIMPLE_EDGE)
Reducer 4 <- Map 9 (SIMPLE_EDGE), Reducer 3 (SIMPLE_EDGE)
Reducer 5 <- Map 10 (SIMPLE_EDGE), Reducer 4 (SIMPLE_EDGE)
Reducer 6 <- Reducer 15 (SIMPLE_EDGE), Reducer 5 (SIMPLE_EDGE)
Reducer 7 <- Reducer 6 (SIMPLE_EDGE)

Stage-0
  Fetch Operator
    limit:100
    Stage-1
      Reducer 7
      File Output Operator [FS_84]
        Limit [LIM_83] (rows=100 width=2)
          Number of rows:100
          Select Operator [SEL_82] (rows=435393727038609152 width=2)
            Output:["_col0"]
          <-Reducer 6 [SIMPLE_EDGE]
            SHUFFLE [RS_81]
              Select Operator [SEL_80] (rows=435393727038609152 width=2)
                Output:["_col0"]
                Filter Operator [FIL_79] (rows=435393727038609152 width=2)
                  predicate:(_col2 > CASE WHEN (_col8 is null) THEN (null) ELSE (_col7) END)
                  Merge Join Operator [MERGEJOIN_125] (rows=1306181181115827456 width=2)
                    Conds:RS_75._col1=RS_76._col2(Left Outer),Output:["_col2","_col6","_col7","_col8"]
                  <-Reducer 15 [SIMPLE_EDGE]
                    SHUFFLE [RS_76]
                      PartitionCols:_col2
                      Select Operator [SEL_68] (rows=1187437411641012224 width=2)
                        Output:["_col0","_col1","_col2"]
                        Group By Operator [GBY_67] (rows=1187437411641012224 width=2)
                          Output:["_col0","_col1"],aggregations:["avg(VALUE._col0)"],keys:KEY._col0
                        <-Reducer 14 [SIMPLE_EDGE]
                          SHUFFLE [RS_66]
                            PartitionCols:_col0
                            Group By Operator [GBY_65] (rows=2374874823282024448 width=2)
                              Output:["_col0","_col1"],aggregations:["avg(_col2)"],keys:_col3
                              Select Operator [SEL_64] (rows=2374874823282024448 width=2)
                                Output:["_col3","_col2"]
                                Merge Join Operator [MERGEJOIN_124] (rows=2374874823282024448 width=2)
                                  Conds:RS_61._col1=RS_62._col0(Inner),Output:["_col2","_col3"]
                                <-Reducer 13 [SIMPLE_EDGE]
                                  SHUFFLE [RS_61]
                                    PartitionCols:_col1
                                    Select Operator [SEL_33] (rows=31675133 width=77)
                                      Output:["_col1","_col2"]
                                      Group By Operator [GBY_32] (rows=31675133 width=77)
                                        Output:["_col0","_col1","_col2"],aggregations:["sum(VALUE._col0)"],keys:KEY._col0, KEY._col1
                                      <-Reducer 12 [SIMPLE_EDGE]
                                        SHUFFLE [RS_31]
                                          PartitionCols:_col0, _col1
                                          Group By Operator [GBY_30] (rows=63350266 width=77)
                                            Output:["_col0","_col1","_col2"],aggregations:["sum(_col3)"],keys:_col2, _col1
                                            Select Operator [SEL_29] (rows=63350266 width=77)
                                              Output:["_col2","_col1","_col3"]
                                              Merge Join Operator [MERGEJOIN_123] (rows=63350266 width=77)
                                                Conds:RS_26._col0=RS_27._col0(Inner),Output:["_col1","_col2","_col3"]
                                              <-Map 11 [SIMPLE_EDGE]
                                                SHUFFLE [RS_26]
                                                  PartitionCols:_col0
                                                  Select Operator [SEL_22] (rows=57591150 width=77)
                                                    Output:["_col0","_col1","_col2","_col3"]
                                                    Filter Operator [FIL_114] (rows=57591150 width=77)
                                                      predicate:sr_returned_date_sk is not null
                                                      TableScan [TS_20] (rows=57591150 width=77)
                                                        default@store_returns,store_returns,Tbl:COMPLETE,Col:NONE,Output:["sr_returned_date_sk","sr_customer_sk","sr_store_sk","sr_fee"]
                                              <-Map 16 [SIMPLE_EDGE]
                                                SHUFFLE [RS_27]
                                                  PartitionCols:_col0
                                                  Select Operator [SEL_25] (rows=36524 width=1119)
                                                    Output:["_col0"]
                                                    Filter Operator [FIL_115] (rows=36524 width=1119)
                                                      predicate:((d_year = 2000) and d_date_sk is not null)
                                                      TableScan [TS_23] (rows=73049 width=1119)
                                                        default@date_dim,date_dim,Tbl:COMPLETE,Col:NONE,Output:["d_date_sk","d_year"]
                                <-Reducer 19 [SIMPLE_EDGE]
                                  SHUFFLE [RS_62]
                                    PartitionCols:_col0
                                    Group By Operator [GBY_59] (rows=2158977065280000000 width=2)
                                      Output:["_col0"],keys:KEY._col0
                                    <-Reducer 18 [SIMPLE_EDGE]
                                      SHUFFLE [RS_58]
                                        PartitionCols:_col0
                                        Group By Operator [GBY_57] (rows=4317954130560000000 width=2)
                                          Output:["_col0"],keys:_col3
                                          Merge Join Operator [MERGEJOIN_119] (rows=4317954130560000000 width=2)
                                            Conds:(Inner),(Inner),Output:["_col3"]
                                          <-Map 17 [SIMPLE_EDGE]
                                            SHUFFLE [RS_52]
                                              Select Operator [SEL_35] (rows=80000000 width=4)
                                                TableScan [TS_34] (rows=80000000 width=860)
                                                  default@customer,customer,Tbl:COMPLETE,Col:COMPLETE
                                          <-Map 20 [SIMPLE_EDGE]
                                            SHUFFLE [RS_53]
                                              Select Operator [SEL_37] (rows=1704 width=4)
                                                TableScan [TS_36] (rows=1704 width=1910)
                                                  default@store,store,Tbl:COMPLETE,Col:COMPLETE
                                          <-Reducer 23 [SIMPLE_EDGE]
                                            SHUFFLE [RS_54]
                                              Select Operator [SEL_51] (rows=31675133 width=77)
                                                Output:["_col1"]
                                                Group By Operator [GBY_50] (rows=31675133 width=77)
                                                  Output:["_col0","_col1"],keys:KEY._col0, KEY._col1
                                                <-Reducer 22 [SIMPLE_EDGE]
                                                  SHUFFLE [RS_49]
                                                    PartitionCols:_col0, _col1
                                                    Group By Operator [GBY_48] (rows=63350266 width=77)
                                                      Output:["_col0","_col1"],keys:_col1, _col2
                                                      Merge Join Operator [MERGEJOIN_118] (rows=63350266 width=77)
                                                        Conds:RS_44._col0=RS_45._col0(Inner),Output:["_col1","_col2"]
                                                      <-Map 21 [SIMPLE_EDGE]
                                                        SHUFFLE [RS_44]
                                                          PartitionCols:_col0
                                                          Select Operator [SEL_40] (rows=57591150 width=77)
                                                            Output:["_col0","_col1","_col2"]
                                                            Filter Operator [FIL_116] (rows=57591150 width=77)
                                                              predicate:sr_returned_date_sk is not null
                                                              TableScan [TS_38] (rows=57591150 width=77)
                                                                default@store_returns,store_returns,Tbl:COMPLETE,Col:NONE,Output:["sr_returned_date_sk","sr_customer_sk","sr_store_sk"]
                                                      <-Map 24 [SIMPLE_EDGE]
                                                        SHUFFLE [RS_45]
                                                          PartitionCols:_col0
                                                          Select Operator [SEL_43] (rows=36524 width=1119)
                                                            Output:["_col0"]
                                                            Filter Operator [FIL_117] (rows=36524 width=1119)
                                                              predicate:((d_year = 2000) and d_date_sk is not null)
                                                              TableScan [TS_41] (rows=73049 width=1119)
                                                                default@date_dim,date_dim,Tbl:COMPLETE,Col:NONE,Output:["d_date_sk","d_year"]
                  <-Reducer 5 [SIMPLE_EDGE]
                    SHUFFLE [RS_75]
                      PartitionCols:_col1
                      Merge Join Operator [MERGEJOIN_122] (rows=88000001 width=860)
                        Conds:RS_72._col0=RS_73._col0(Inner),Output:["_col1","_col2","_col6"]
                      <-Map 10 [SIMPLE_EDGE]
                        SHUFFLE [RS_73]
                          PartitionCols:_col0
                          Select Operator [SEL_19] (rows=80000000 width=860)
                            Output:["_col0","_col1"]
                            Filter Operator [FIL_113] (rows=80000000 width=860)
                              predicate:c_customer_sk is not null
                              TableScan [TS_17] (rows=80000000 width=860)
                                default@customer,customer,Tbl:COMPLETE,Col:NONE,Output:["c_customer_sk","c_customer_id"]
                      <-Reducer 4 [SIMPLE_EDGE]
                        SHUFFLE [RS_72]
                          PartitionCols:_col0
                          Merge Join Operator [MERGEJOIN_121] (rows=34842647 width=77)
                            Conds:RS_69._col1=RS_70._col0(Inner),Output:["_col0","_col1","_col2"]
                          <-Map 9 [SIMPLE_EDGE]
                            SHUFFLE [RS_70]
                              PartitionCols:_col0
                              Select Operator [SEL_16] (rows=852 width=1910)
                                Output:["_col0"]
                                Filter Operator [FIL_112] (rows=852 width=1910)
                                  predicate:((s_state = 'NM') and s_store_sk is not null)
                                  TableScan [TS_14] (rows=1704 width=1910)
                                    default@store,store,Tbl:COMPLETE,Col:NONE,Output:["s_store_sk","s_state"]
                          <-Reducer 3 [SIMPLE_EDGE]
                            SHUFFLE [RS_69]
                              PartitionCols:_col1
                              Select Operator [SEL_13] (rows=31675133 width=77)
                                Output:["_col0","_col1","_col2"]
                                Group By Operator [GBY_12] (rows=31675133 width=77)
                                  Output:["_col0","_col1","_col2"],aggregations:["sum(VALUE._col0)"],keys:KEY._col0, KEY._col1
                                <-Reducer 2 [SIMPLE_EDGE]
                                  SHUFFLE [RS_11]
                                    PartitionCols:_col0, _col1
                                    Group By Operator [GBY_10] (rows=63350266 width=77)
                                      Output:["_col0","_col1","_col2"],aggregations:["sum(_col3)"],keys:_col2, _col1
                                      Select Operator [SEL_9] (rows=63350266 width=77)
                                        Output:["_col2","_col1","_col3"]
                                        Merge Join Operator [MERGEJOIN_120] (rows=63350266 width=77)
                                          Conds:RS_6._col0=RS_7._col0(Inner),Output:["_col1","_col2","_col3"]
                                        <-Map 1 [SIMPLE_EDGE]
                                          SHUFFLE [RS_6]
                                            PartitionCols:_col0
                                            Select Operator [SEL_2] (rows=57591150 width=77)
                                              Output:["_col0","_col1","_col2","_col3"]
                                              Filter Operator [FIL_110] (rows=57591150 width=77)
                                                predicate:(sr_returned_date_sk is not null and sr_store_sk is not null and sr_customer_sk is not null)
                                                TableScan [TS_0] (rows=57591150 width=77)
                                                  default@store_returns,store_returns,Tbl:COMPLETE,Col:NONE,Output:["sr_returned_date_sk","sr_customer_sk","sr_store_sk","sr_fee"]
                                        <-Map 8 [SIMPLE_EDGE]
                                          SHUFFLE [RS_7]
                                            PartitionCols:_col0
                                            Select Operator [SEL_5] (rows=36524 width=1119)
                                              Output:["_col0"]
                                              Filter Operator [FIL_111] (rows=36524 width=1119)
                                                predicate:((d_year = 2000) and d_date_sk is not null)
                                                TableScan [TS_3] (rows=73049 width=1119)
                                                  default@date_dim,date_dim,Tbl:COMPLETE,Col:NONE,Output:["d_date_sk","d_year"]

