Warning: Shuffle Join MERGEJOIN[93][tables = [$hdt$_1, $hdt$_2]] in Stage 'Reducer 8' is a cross product
Warning: Shuffle Join MERGEJOIN[95][tables = [$hdt$_3, $hdt$_4]] in Stage 'Reducer 11' is a cross product
PREHOOK: query: explain
select  asceding.rnk, i1.i_product_name best_performing, i2.i_product_name worst_performing
from(select *
     from (select item_sk,rank() over (order by rank_col asc) rnk
           from (select ss_item_sk item_sk,avg(ss_net_profit) rank_col 
                 from store_sales ss1
                 where ss_store_sk = 410
                 group by ss_item_sk
                 having avg(ss_net_profit) > 0.9*(select avg(ss_net_profit) rank_col
                                                  from store_sales
                                                  where ss_store_sk = 410
                                                    and ss_hdemo_sk is null
                                                  group by ss_store_sk))V1)V11
     where rnk  < 11) asceding,
    (select *
     from (select item_sk,rank() over (order by rank_col desc) rnk
           from (select ss_item_sk item_sk,avg(ss_net_profit) rank_col
                 from store_sales ss1
                 where ss_store_sk = 410
                 group by ss_item_sk
                 having avg(ss_net_profit) > 0.9*(select avg(ss_net_profit) rank_col
                                                  from store_sales
                                                  where ss_store_sk = 410
                                                    and ss_hdemo_sk is null
                                                  group by ss_store_sk))V2)V21
     where rnk  < 11) descending,
item i1,
item i2
where asceding.rnk = descending.rnk 
  and i1.i_item_sk=asceding.item_sk
  and i2.i_item_sk=descending.item_sk
order by asceding.rnk
limit 100
PREHOOK: type: QUERY
POSTHOOK: query: explain
select  asceding.rnk, i1.i_product_name best_performing, i2.i_product_name worst_performing
from(select *
     from (select item_sk,rank() over (order by rank_col asc) rnk
           from (select ss_item_sk item_sk,avg(ss_net_profit) rank_col 
                 from store_sales ss1
                 where ss_store_sk = 410
                 group by ss_item_sk
                 having avg(ss_net_profit) > 0.9*(select avg(ss_net_profit) rank_col
                                                  from store_sales
                                                  where ss_store_sk = 410
                                                    and ss_hdemo_sk is null
                                                  group by ss_store_sk))V1)V11
     where rnk  < 11) asceding,
    (select *
     from (select item_sk,rank() over (order by rank_col desc) rnk
           from (select ss_item_sk item_sk,avg(ss_net_profit) rank_col
                 from store_sales ss1
                 where ss_store_sk = 410
                 group by ss_item_sk
                 having avg(ss_net_profit) > 0.9*(select avg(ss_net_profit) rank_col
                                                  from store_sales
                                                  where ss_store_sk = 410
                                                    and ss_hdemo_sk is null
                                                  group by ss_store_sk))V2)V21
     where rnk  < 11) descending,
item i1,
item i2
where asceding.rnk = descending.rnk 
  and i1.i_item_sk=asceding.item_sk
  and i2.i_item_sk=descending.item_sk
order by asceding.rnk
limit 100
POSTHOOK: type: QUERY
Plan optimized by CBO.

Vertex dependency in root stage
Reducer 10 <- Map 6 (SIMPLE_EDGE)
Reducer 11 <- Reducer 10 (CUSTOM_SIMPLE_EDGE), Reducer 15 (CUSTOM_SIMPLE_EDGE)
Reducer 12 <- Reducer 11 (SIMPLE_EDGE)
Reducer 14 <- Map 13 (SIMPLE_EDGE)
Reducer 15 <- Map 13 (SIMPLE_EDGE)
Reducer 2 <- Map 1 (SIMPLE_EDGE), Reducer 9 (SIMPLE_EDGE)
Reducer 3 <- Reducer 2 (SIMPLE_EDGE), Reducer 5 (SIMPLE_EDGE)
Reducer 4 <- Reducer 3 (SIMPLE_EDGE)
Reducer 5 <- Map 1 (SIMPLE_EDGE), Reducer 12 (SIMPLE_EDGE)
Reducer 7 <- Map 6 (SIMPLE_EDGE)
Reducer 8 <- Reducer 14 (CUSTOM_SIMPLE_EDGE), Reducer 7 (CUSTOM_SIMPLE_EDGE)
Reducer 9 <- Reducer 8 (SIMPLE_EDGE)

Stage-0
  Fetch Operator
    limit:100
    Stage-1
      Reducer 4
      File Output Operator [FS_72]
        Limit [LIM_71] (rows=100 width=177)
          Number of rows:100
          Select Operator [SEL_70] (rows=1393898919384048 width=177)
            Output:["_col0","_col1","_col2"]
          <-Reducer 3 [SIMPLE_EDGE]
            SHUFFLE [RS_69]
              Select Operator [SEL_68] (rows=1393898919384048 width=177)
                Output:["_col0","_col1","_col2"]
                Merge Join Operator [MERGEJOIN_97] (rows=1393898919384048 width=177)
                  Conds:RS_65._col3=RS_66._col3(Inner),Output:["_col1","_col3","_col5"]
                <-Reducer 2 [SIMPLE_EDGE]
                  SHUFFLE [RS_65]
                    PartitionCols:_col3
                    Merge Join Operator [MERGEJOIN_94] (rows=1267180808338276 width=177)
                      Conds:RS_62._col0=RS_63._col0(Inner),Output:["_col1","_col3"]
                    <-Map 1 [SIMPLE_EDGE]
                      SHUFFLE [RS_62]
                        PartitionCols:_col0
                        Select Operator [SEL_2] (rows=462000 width=1436)
                          Output:["_col0","_col1"]
                          Filter Operator [FIL_85] (rows=462000 width=1436)
                            predicate:i_item_sk is not null
                            TableScan [TS_0] (rows=462000 width=1436)
                              default@item,i1,Tbl:COMPLETE,Col:NONE,Output:["i_item_sk","i_product_name"]
                    <-Reducer 9 [SIMPLE_EDGE]
                      SHUFFLE [RS_63]
                        PartitionCols:_col0
                        Select Operator [SEL_25] (rows=1151982528066248 width=177)
                          Output:["_col0","_col1"]
                          Filter Operator [FIL_86] (rows=1151982528066248 width=177)
                            predicate:((rank_window_0 < 11) and _col0 is not null)
                            PTF Operator [PTF_24] (rows=3455947584198744 width=177)
                              Function definitions:[{},{"name:":"windowingtablefunction","order by:":"_col1 ASC NULLS FIRST","partition by:":"0"}]
                              Select Operator [SEL_23] (rows=3455947584198744 width=177)
                                Output:["_col0","_col1"]
                              <-Reducer 8 [SIMPLE_EDGE]
                                SHUFFLE [RS_22]
                                  PartitionCols:0
                                  Filter Operator [FIL_21] (rows=3455947584198744 width=177)
                                    predicate:(_col1 > (0.9 * _col2))
                                    Merge Join Operator [MERGEJOIN_93] (rows=10367842752596232 width=177)
                                      Conds:(Inner),Output:["_col0","_col1","_col2"]
                                    <-Reducer 14 [CUSTOM_SIMPLE_EDGE]
                                      PARTITION_ONLY_SHUFFLE [RS_19]
                                        Select Operator [SEL_17] (rows=71999454 width=88)
                                          Output:["_col0"]
                                          Group By Operator [GBY_16] (rows=71999454 width=88)
                                            Output:["_col0","_col1"],aggregations:["avg(VALUE._col0)"],keys:KEY._col0
                                          <-Map 13 [SIMPLE_EDGE]
                                            SHUFFLE [RS_15]
                                              PartitionCols:_col0
                                              Group By Operator [GBY_14] (rows=143998908 width=88)
                                                Output:["_col0","_col1"],aggregations:["avg(_col1)"],keys:410
                                                Select Operator [SEL_12] (rows=143998908 width=88)
                                                  Output:["_col1"]
                                                  Filter Operator [FIL_88] (rows=143998908 width=88)
                                                    predicate:((ss_store_sk = 410) and ss_hdemo_sk is null)
                                                    TableScan [TS_10] (rows=575995635 width=88)
                                                      default@store_sales,store_sales,Tbl:COMPLETE,Col:NONE,Output:["ss_hdemo_sk","ss_store_sk","ss_net_profit"]
                                    <-Reducer 7 [CUSTOM_SIMPLE_EDGE]
                                      PARTITION_ONLY_SHUFFLE [RS_18]
                                        Group By Operator [GBY_8] (rows=143998908 width=88)
                                          Output:["_col0","_col1"],aggregations:["avg(VALUE._col0)"],keys:KEY._col0
                                        <-Map 6 [SIMPLE_EDGE]
                                          SHUFFLE [RS_7]
                                            PartitionCols:_col0
                                            Group By Operator [GBY_6] (rows=287997817 width=88)
                                              Output:["_col0","_col1"],aggregations:["avg(ss_net_profit)"],keys:ss_item_sk
                                              Select Operator [SEL_5] (rows=287997817 width=88)
                                                Output:["ss_item_sk","ss_net_profit"]
                                                Filter Operator [FIL_87] (rows=287997817 width=88)
                                                  predicate:(ss_store_sk = 410)
                                                  TableScan [TS_3] (rows=575995635 width=88)
                                                    default@store_sales,ss1,Tbl:COMPLETE,Col:NONE,Output:["ss_item_sk","ss_store_sk","ss_net_profit"]
                <-Reducer 5 [SIMPLE_EDGE]
                  SHUFFLE [RS_66]
                    PartitionCols:_col3
                    Merge Join Operator [MERGEJOIN_96] (rows=1267180808338276 width=177)
                      Conds:RS_58._col0=RS_59._col0(Inner),Output:["_col1","_col3"]
                    <-Map 1 [SIMPLE_EDGE]
                      SHUFFLE [RS_58]
                        PartitionCols:_col0
                         Please refer to the previous Select Operator [SEL_2]
                    <-Reducer 12 [SIMPLE_EDGE]
                      SHUFFLE [RS_59]
                        PartitionCols:_col0
                        Select Operator [SEL_54] (rows=1151982528066248 width=177)
                          Output:["_col0","_col1"]
                          Filter Operator [FIL_90] (rows=1151982528066248 width=177)
                            predicate:((rank_window_0 < 11) and _col0 is not null)
                            PTF Operator [PTF_53] (rows=3455947584198744 width=177)
                              Function definitions:[{},{"name:":"windowingtablefunction","order by:":"_col1 DESC NULLS LAST","partition by:":"0"}]
                              Select Operator [SEL_52] (rows=3455947584198744 width=177)
                                Output:["_col0","_col1"]
                              <-Reducer 11 [SIMPLE_EDGE]
                                SHUFFLE [RS_51]
                                  PartitionCols:0
                                  Filter Operator [FIL_50] (rows=3455947584198744 width=177)
                                    predicate:(_col1 > (0.9 * _col2))
                                    Merge Join Operator [MERGEJOIN_95] (rows=10367842752596232 width=177)
                                      Conds:(Inner),Output:["_col0","_col1","_col2"]
                                    <-Reducer 10 [CUSTOM_SIMPLE_EDGE]
                                      PARTITION_ONLY_SHUFFLE [RS_47]
                                        Group By Operator [GBY_37] (rows=143998908 width=88)
                                          Output:["_col0","_col1"],aggregations:["avg(VALUE._col0)"],keys:KEY._col0
                                        <-Map 6 [SIMPLE_EDGE]
                                          SHUFFLE [RS_36]
                                            PartitionCols:_col0
                                             Please refer to the previous Group By Operator [GBY_6]
                                    <-Reducer 15 [CUSTOM_SIMPLE_EDGE]
                                      PARTITION_ONLY_SHUFFLE [RS_48]
                                        Select Operator [SEL_46] (rows=71999454 width=88)
                                          Output:["_col0"]
                                          Group By Operator [GBY_45] (rows=71999454 width=88)
                                            Output:["_col0","_col1"],aggregations:["avg(VALUE._col0)"],keys:KEY._col0
                                          <-Map 13 [SIMPLE_EDGE]
                                            SHUFFLE [RS_44]
                                              PartitionCols:_col0
                                               Please refer to the previous Group By Operator [GBY_14]

