Warning: Shuffle Join MERGEJOIN[154][tables = [$hdt$_4, $hdt$_5, $hdt$_6]] in Stage 'Reducer 22' is a cross product
PREHOOK: query: explain with customer_total_return as
 (select cr_returning_customer_sk as ctr_customer_sk
        ,ca_state as ctr_state, 
 	sum(cr_return_amt_inc_tax) as ctr_total_return
 from catalog_returns
     ,date_dim
     ,customer_address
 where cr_returned_date_sk = d_date_sk 
   and d_year =1998
   and cr_returning_addr_sk = ca_address_sk 
 group by cr_returning_customer_sk
         ,ca_state )
  select  c_customer_id,c_salutation,c_first_name,c_last_name,ca_street_number,ca_street_name
                   ,ca_street_type,ca_suite_number,ca_city,ca_county,ca_state,ca_zip,ca_country,ca_gmt_offset
                  ,ca_location_type,ctr_total_return
 from customer_total_return ctr1
     ,customer_address
     ,customer
 where ctr1.ctr_total_return > (select avg(ctr_total_return)*1.2
 			  from customer_total_return ctr2 
                  	  where ctr1.ctr_state = ctr2.ctr_state)
       and ca_address_sk = c_current_addr_sk
       and ca_state = 'IL'
       and ctr1.ctr_customer_sk = c_customer_sk
 order by c_customer_id,c_salutation,c_first_name,c_last_name,ca_street_number,ca_street_name
                   ,ca_street_type,ca_suite_number,ca_city,ca_county,ca_state,ca_zip,ca_country,ca_gmt_offset
                  ,ca_location_type,ctr_total_return
 limit 100
PREHOOK: type: QUERY
POSTHOOK: query: explain with customer_total_return as
 (select cr_returning_customer_sk as ctr_customer_sk
        ,ca_state as ctr_state, 
 	sum(cr_return_amt_inc_tax) as ctr_total_return
 from catalog_returns
     ,date_dim
     ,customer_address
 where cr_returned_date_sk = d_date_sk 
   and d_year =1998
   and cr_returning_addr_sk = ca_address_sk 
 group by cr_returning_customer_sk
         ,ca_state )
  select  c_customer_id,c_salutation,c_first_name,c_last_name,ca_street_number,ca_street_name
                   ,ca_street_type,ca_suite_number,ca_city,ca_county,ca_state,ca_zip,ca_country,ca_gmt_offset
                  ,ca_location_type,ctr_total_return
 from customer_total_return ctr1
     ,customer_address
     ,customer
 where ctr1.ctr_total_return > (select avg(ctr_total_return)*1.2
 			  from customer_total_return ctr2 
                  	  where ctr1.ctr_state = ctr2.ctr_state)
       and ca_address_sk = c_current_addr_sk
       and ca_state = 'IL'
       and ctr1.ctr_customer_sk = c_customer_sk
 order by c_customer_id,c_salutation,c_first_name,c_last_name,ca_street_number,ca_street_name
                   ,ca_street_type,ca_suite_number,ca_city,ca_county,ca_state,ca_zip,ca_country,ca_gmt_offset
                  ,ca_location_type,ctr_total_return
 limit 100
POSTHOOK: type: QUERY
Plan optimized by CBO.

Vertex dependency in root stage
Reducer 10 <- Reducer 9 (SIMPLE_EDGE)
Reducer 14 <- Map 13 (SIMPLE_EDGE), Map 19 (SIMPLE_EDGE)
Reducer 15 <- Map 20 (SIMPLE_EDGE), Reducer 14 (SIMPLE_EDGE)
Reducer 16 <- Reducer 15 (SIMPLE_EDGE)
Reducer 17 <- Reducer 16 (SIMPLE_EDGE), Reducer 23 (SIMPLE_EDGE)
Reducer 18 <- Reducer 17 (SIMPLE_EDGE)
Reducer 2 <- Map 1 (SIMPLE_EDGE), Map 6 (SIMPLE_EDGE)
Reducer 22 <- Map 21 (SIMPLE_EDGE), Map 30 (SIMPLE_EDGE), Reducer 27 (SIMPLE_EDGE)
Reducer 23 <- Reducer 22 (SIMPLE_EDGE)
Reducer 25 <- Map 24 (SIMPLE_EDGE), Map 28 (SIMPLE_EDGE)
Reducer 26 <- Map 29 (SIMPLE_EDGE), Reducer 25 (SIMPLE_EDGE)
Reducer 27 <- Reducer 26 (SIMPLE_EDGE)
Reducer 3 <- Reducer 10 (SIMPLE_EDGE), Reducer 2 (SIMPLE_EDGE)
Reducer 4 <- Reducer 18 (SIMPLE_EDGE), Reducer 3 (SIMPLE_EDGE)
Reducer 5 <- Reducer 4 (SIMPLE_EDGE)
Reducer 8 <- Map 11 (SIMPLE_EDGE), Map 7 (SIMPLE_EDGE)
Reducer 9 <- Map 12 (SIMPLE_EDGE), Reducer 8 (SIMPLE_EDGE)

Stage-0
  Fetch Operator
    limit:100
    Stage-1
      Reducer 5
      File Output Operator [FS_102]
        Limit [LIM_101] (rows=100 width=1)
          Number of rows:100
          Select Operator [SEL_100] (rows=930023387364950016 width=1)
            Output:["_col0","_col1","_col2","_col3","_col4","_col5","_col6","_col7","_col8","_col9","_col10","_col11","_col12","_col13","_col14","_col15"]
          <-Reducer 4 [SIMPLE_EDGE]
            SHUFFLE [RS_99]
              Select Operator [SEL_98] (rows=930023387364950016 width=1)
                Output:["_col0","_col1","_col11","_col12","_col13","_col14","_col15","_col2","_col3","_col4","_col5","_col6","_col7","_col8","_col9"]
                Filter Operator [FIL_97] (rows=930023387364950016 width=1)
                  predicate:(_col2 > CASE WHEN (_col22 is null) THEN (null) ELSE (_col21) END)
                  Select Operator [SEL_96] (rows=2790070162094850048 width=1)
                    Output:["_col2","_col4","_col5","_col6","_col7","_col8","_col9","_col11","_col12","_col13","_col14","_col16","_col18","_col19","_col20","_col21","_col22"]
                    Merge Join Operator [MERGEJOIN_162] (rows=2790070162094850048 width=1)
                      Conds:RS_93._col19=RS_94._col2(Left Outer),Output:["_col1","_col3","_col4","_col5","_col7","_col8","_col9","_col10","_col11","_col12","_col14","_col15","_col16","_col17","_col20","_col21","_col22"]
                    <-Reducer 18 [SIMPLE_EDGE]
                      SHUFFLE [RS_94]
                        PartitionCols:_col2
                        Select Operator [SEL_86] (rows=2536427365110644736 width=1)
                          Output:["_col0","_col1","_col2"]
                          Group By Operator [GBY_85] (rows=2536427365110644736 width=1)
                            Output:["_col0","_col1"],aggregations:["avg(VALUE._col0)"],keys:KEY._col0
                          <-Reducer 17 [SIMPLE_EDGE]
                            SHUFFLE [RS_84]
                              PartitionCols:_col0
                              Group By Operator [GBY_83] (rows=5072854730221289472 width=1)
                                Output:["_col0","_col1"],aggregations:["avg(_col2)"],keys:_col3
                                Select Operator [SEL_82] (rows=5072854730221289472 width=1)
                                  Output:["_col3","_col2"]
                                  Merge Join Operator [MERGEJOIN_161] (rows=5072854730221289472 width=1)
                                    Conds:RS_79._col1=RS_80._col0(Inner),Output:["_col2","_col3"]
                                  <-Reducer 16 [SIMPLE_EDGE]
                                    SHUFFLE [RS_79]
                                      PartitionCols:_col1
                                      Select Operator [SEL_45] (rows=22000000 width=1014)
                                        Output:["_col1","_col2"]
                                        Group By Operator [GBY_44] (rows=22000000 width=1014)
                                          Output:["_col0","_col1","_col2"],aggregations:["sum(VALUE._col0)"],keys:KEY._col0, KEY._col1
                                        <-Reducer 15 [SIMPLE_EDGE]
                                          SHUFFLE [RS_43]
                                            PartitionCols:_col0, _col1
                                            Group By Operator [GBY_42] (rows=44000000 width=1014)
                                              Output:["_col0","_col1","_col2"],aggregations:["sum(_col3)"],keys:_col7, _col1
                                              Select Operator [SEL_41] (rows=44000000 width=1014)
                                                Output:["_col7","_col1","_col3"]
                                                Merge Join Operator [MERGEJOIN_159] (rows=44000000 width=1014)
                                                  Conds:RS_38._col2=RS_39._col0(Inner),Output:["_col1","_col3","_col7"]
                                                <-Map 20 [SIMPLE_EDGE]
                                                  SHUFFLE [RS_39]
                                                    PartitionCols:_col0
                                                    Select Operator [SEL_34] (rows=40000000 width=1014)
                                                      Output:["_col0","_col1"]
                                                      Filter Operator [FIL_148] (rows=40000000 width=1014)
                                                        predicate:ca_address_sk is not null
                                                        TableScan [TS_32] (rows=40000000 width=1014)
                                                          default@customer_address,customer_address,Tbl:COMPLETE,Col:NONE,Output:["ca_address_sk","ca_state"]
                                                <-Reducer 14 [SIMPLE_EDGE]
                                                  SHUFFLE [RS_38]
                                                    PartitionCols:_col2
                                                    Merge Join Operator [MERGEJOIN_158] (rows=31678769 width=106)
                                                      Conds:RS_35._col0=RS_36._col0(Inner),Output:["_col1","_col2","_col3"]
                                                    <-Map 13 [SIMPLE_EDGE]
                                                      SHUFFLE [RS_35]
                                                        PartitionCols:_col0
                                                        Select Operator [SEL_28] (rows=28798881 width=106)
                                                          Output:["_col0","_col1","_col2","_col3"]
                                                          Filter Operator [FIL_146] (rows=28798881 width=106)
                                                            predicate:(cr_returned_date_sk is not null and cr_returning_addr_sk is not null)
                                                            TableScan [TS_26] (rows=28798881 width=106)
                                                              default@catalog_returns,catalog_returns,Tbl:COMPLETE,Col:NONE,Output:["cr_returned_date_sk","cr_returning_customer_sk","cr_returning_addr_sk","cr_return_amt_inc_tax"]
                                                    <-Map 19 [SIMPLE_EDGE]
                                                      SHUFFLE [RS_36]
                                                        PartitionCols:_col0
                                                        Select Operator [SEL_31] (rows=36524 width=1119)
                                                          Output:["_col0"]
                                                          Filter Operator [FIL_147] (rows=36524 width=1119)
                                                            predicate:((d_year = 1998) and d_date_sk is not null)
                                                            TableScan [TS_29] (rows=73049 width=1119)
                                                              default@date_dim,date_dim,Tbl:COMPLETE,Col:NONE,Output:["d_date_sk","d_year"]
                                  <-Reducer 23 [SIMPLE_EDGE]
                                    SHUFFLE [RS_80]
                                      PartitionCols:_col0
                                      Group By Operator [GBY_77] (rows=4611686018427387903 width=1)
                                        Output:["_col0"],keys:KEY._col0
                                      <-Reducer 22 [SIMPLE_EDGE]
                                        SHUFFLE [RS_76]
                                          PartitionCols:_col0
                                          Group By Operator [GBY_75] (rows=9223372036854775807 width=1)
                                            Output:["_col0"],keys:_col2
                                            Merge Join Operator [MERGEJOIN_154] (rows=9223372036854775807 width=1)
                                              Conds:(Inner),(Inner),Output:["_col2"]
                                            <-Map 21 [SIMPLE_EDGE]
                                              SHUFFLE [RS_70]
                                                Select Operator [SEL_47] (rows=80000000 width=4)
                                                  TableScan [TS_46] (rows=80000000 width=860)
                                                    default@customer,customer,Tbl:COMPLETE,Col:COMPLETE
                                            <-Map 30 [SIMPLE_EDGE]
                                              SHUFFLE [RS_72]
                                                Select Operator [SEL_69] (rows=40000000 width=4)
                                                  TableScan [TS_68] (rows=40000000 width=1014)
                                                    default@customer_address,customer_address,Tbl:COMPLETE,Col:COMPLETE
                                            <-Reducer 27 [SIMPLE_EDGE]
                                              SHUFFLE [RS_71]
                                                Select Operator [SEL_67] (rows=22000000 width=1014)
                                                  Output:["_col1"]
                                                  Group By Operator [GBY_66] (rows=22000000 width=1014)
                                                    Output:["_col0","_col1"],keys:KEY._col0, KEY._col1
                                                  <-Reducer 26 [SIMPLE_EDGE]
                                                    SHUFFLE [RS_65]
                                                      PartitionCols:_col0, _col1
                                                      Group By Operator [GBY_64] (rows=44000000 width=1014)
                                                        Output:["_col0","_col1"],keys:_col7, _col1
                                                        Select Operator [SEL_63] (rows=44000000 width=1014)
                                                          Output:["_col7","_col1"]
                                                          Merge Join Operator [MERGEJOIN_153] (rows=44000000 width=1014)
                                                            Conds:RS_60._col2=RS_61._col0(Inner),Output:["_col1","_col7"]
                                                          <-Map 29 [SIMPLE_EDGE]
                                                            SHUFFLE [RS_61]
                                                              PartitionCols:_col0
                                                              Select Operator [SEL_56] (rows=40000000 width=1014)
                                                                Output:["_col0","_col1"]
                                                                Filter Operator [FIL_151] (rows=40000000 width=1014)
                                                                  predicate:ca_address_sk is not null
                                                                  TableScan [TS_54] (rows=40000000 width=1014)
                                                                    default@customer_address,customer_address,Tbl:COMPLETE,Col:NONE,Output:["ca_address_sk","ca_state"]
                                                          <-Reducer 25 [SIMPLE_EDGE]
                                                            SHUFFLE [RS_60]
                                                              PartitionCols:_col2
                                                              Merge Join Operator [MERGEJOIN_152] (rows=31678769 width=106)
                                                                Conds:RS_57._col0=RS_58._col0(Inner),Output:["_col1","_col2"]
                                                              <-Map 24 [SIMPLE_EDGE]
                                                                SHUFFLE [RS_57]
                                                                  PartitionCols:_col0
                                                                  Select Operator [SEL_50] (rows=28798881 width=106)
                                                                    Output:["_col0","_col1","_col2"]
                                                                    Filter Operator [FIL_149] (rows=28798881 width=106)
                                                                      predicate:(cr_returned_date_sk is not null and cr_returning_addr_sk is not null)
                                                                      TableScan [TS_48] (rows=28798881 width=106)
                                                                        default@catalog_returns,catalog_returns,Tbl:COMPLETE,Col:NONE,Output:["cr_returned_date_sk","cr_returning_customer_sk","cr_returning_addr_sk"]
                                                              <-Map 28 [SIMPLE_EDGE]
                                                                SHUFFLE [RS_58]
                                                                  PartitionCols:_col0
                                                                  Select Operator [SEL_53] (rows=36524 width=1119)
                                                                    Output:["_col0"]
                                                                    Filter Operator [FIL_150] (rows=36524 width=1119)
                                                                      predicate:((d_year = 1998) and d_date_sk is not null)
                                                                      TableScan [TS_51] (rows=73049 width=1119)
                                                                        default@date_dim,date_dim,Tbl:COMPLETE,Col:NONE,Output:["d_date_sk","d_year"]
                    <-Reducer 3 [SIMPLE_EDGE]
                      SHUFFLE [RS_93]
                        PartitionCols:_col19
                        Merge Join Operator [MERGEJOIN_160] (rows=96800003 width=860)
                          Conds:RS_90._col0=RS_91._col0(Inner),Output:["_col1","_col3","_col4","_col5","_col7","_col8","_col9","_col10","_col11","_col12","_col14","_col15","_col16","_col17","_col19","_col20"]
                        <-Reducer 10 [SIMPLE_EDGE]
                          SHUFFLE [RS_91]
                            PartitionCols:_col0
                            Group By Operator [GBY_24] (rows=22000000 width=1014)
                              Output:["_col0","_col1","_col2"],aggregations:["sum(VALUE._col0)"],keys:KEY._col0, KEY._col1
                            <-Reducer 9 [SIMPLE_EDGE]
                              SHUFFLE [RS_23]
                                PartitionCols:_col0, _col1
                                Group By Operator [GBY_22] (rows=44000000 width=1014)
                                  Output:["_col0","_col1","_col2"],aggregations:["sum(_col3)"],keys:_col1, _col7
                                  Select Operator [SEL_21] (rows=44000000 width=1014)
                                    Output:["_col1","_col7","_col3"]
                                    Merge Join Operator [MERGEJOIN_157] (rows=44000000 width=1014)
                                      Conds:RS_18._col2=RS_19._col0(Inner),Output:["_col1","_col3","_col7"]
                                    <-Map 12 [SIMPLE_EDGE]
                                      SHUFFLE [RS_19]
                                        PartitionCols:_col0
                                        Select Operator [SEL_14] (rows=40000000 width=1014)
                                          Output:["_col0","_col1"]
                                          Filter Operator [FIL_145] (rows=40000000 width=1014)
                                            predicate:ca_address_sk is not null
                                            TableScan [TS_12] (rows=40000000 width=1014)
                                              default@customer_address,customer_address,Tbl:COMPLETE,Col:NONE,Output:["ca_address_sk","ca_state"]
                                    <-Reducer 8 [SIMPLE_EDGE]
                                      SHUFFLE [RS_18]
                                        PartitionCols:_col2
                                        Merge Join Operator [MERGEJOIN_156] (rows=31678769 width=106)
                                          Conds:RS_15._col0=RS_16._col0(Inner),Output:["_col1","_col2","_col3"]
                                        <-Map 11 [SIMPLE_EDGE]
                                          SHUFFLE [RS_16]
                                            PartitionCols:_col0
                                            Select Operator [SEL_11] (rows=36524 width=1119)
                                              Output:["_col0"]
                                              Filter Operator [FIL_144] (rows=36524 width=1119)
                                                predicate:((d_year = 1998) and d_date_sk is not null)
                                                TableScan [TS_9] (rows=73049 width=1119)
                                                  default@date_dim,date_dim,Tbl:COMPLETE,Col:NONE,Output:["d_date_sk","d_year"]
                                        <-Map 7 [SIMPLE_EDGE]
                                          SHUFFLE [RS_15]
                                            PartitionCols:_col0
                                            Select Operator [SEL_8] (rows=28798881 width=106)
                                              Output:["_col0","_col1","_col2","_col3"]
                                              Filter Operator [FIL_143] (rows=28798881 width=106)
                                                predicate:(cr_returned_date_sk is not null and cr_returning_addr_sk is not null and cr_returning_customer_sk is not null)
                                                TableScan [TS_6] (rows=28798881 width=106)
                                                  default@catalog_returns,catalog_returns,Tbl:COMPLETE,Col:NONE,Output:["cr_returned_date_sk","cr_returning_customer_sk","cr_returning_addr_sk","cr_return_amt_inc_tax"]
                        <-Reducer 2 [SIMPLE_EDGE]
                          SHUFFLE [RS_90]
                            PartitionCols:_col0
                            Merge Join Operator [MERGEJOIN_155] (rows=88000001 width=860)
                              Conds:RS_87._col2=RS_88._col0(Inner),Output:["_col0","_col1","_col3","_col4","_col5","_col7","_col8","_col9","_col10","_col11","_col12","_col14","_col15","_col16","_col17"]
                            <-Map 1 [SIMPLE_EDGE]
                              SHUFFLE [RS_87]
                                PartitionCols:_col2
                                Select Operator [SEL_2] (rows=80000000 width=860)
                                  Output:["_col0","_col1","_col2","_col3","_col4","_col5"]
                                  Filter Operator [FIL_141] (rows=80000000 width=860)
                                    predicate:(c_customer_sk is not null and c_current_addr_sk is not null)
                                    TableScan [TS_0] (rows=80000000 width=860)
                                      default@customer,customer,Tbl:COMPLETE,Col:NONE,Output:["c_customer_sk","c_customer_id","c_current_addr_sk","c_salutation","c_first_name","c_last_name"]
                            <-Map 6 [SIMPLE_EDGE]
                              SHUFFLE [RS_88]
                                PartitionCols:_col0
                                Select Operator [SEL_5] (rows=20000000 width=1014)
                                  Output:["_col0","_col1","_col10","_col11","_col2","_col3","_col4","_col5","_col6","_col8","_col9"]
                                  Filter Operator [FIL_142] (rows=20000000 width=1014)
                                    predicate:((ca_state = 'IL') and ca_address_sk is not null)
                                    TableScan [TS_3] (rows=40000000 width=1014)
                                      default@customer_address,customer_address,Tbl:COMPLETE,Col:NONE,Output:["ca_address_sk","ca_street_number","ca_street_name","ca_street_type","ca_suite_number","ca_city","ca_county","ca_state","ca_zip","ca_country","ca_gmt_offset","ca_location_type"]

