Warning: Shuffle Join MERGEJOIN[177][tables = [$hdt$_1, $hdt$_2, $hdt$_3]] in Stage 'Reducer 16' is a cross product
Warning: Shuffle Join MERGEJOIN[185][tables = [$hdt$_2, $hdt$_3, $hdt$_1]] in Stage 'Reducer 12' is a cross product
Warning: Shuffle Join MERGEJOIN[178][tables = [$hdt$_0, $hdt$_1, $hdt$_2]] in Stage 'Reducer 26' is a cross product
Warning: Shuffle Join MERGEJOIN[186][tables = [$hdt$_1, $hdt$_2, $hdt$_0]] in Stage 'Reducer 22' is a cross product
Warning: Shuffle Join MERGEJOIN[179][tables = [$hdt$_1, $hdt$_2, $hdt$_3]] in Stage 'Reducer 36' is a cross product
Warning: Shuffle Join MERGEJOIN[188][tables = [$hdt$_2, $hdt$_3, $hdt$_1]] in Stage 'Reducer 32' is a cross product
PREHOOK: query: explain select  
  cd_gender,
  cd_marital_status,
  cd_education_status,
  count(*) cnt1,
  cd_purchase_estimate,
  count(*) cnt2,
  cd_credit_rating,
  count(*) cnt3
 from
  customer c,customer_address ca,customer_demographics
 where
  c.c_current_addr_sk = ca.ca_address_sk and
  ca_state in ('CO','IL','MN') and
  cd_demo_sk = c.c_current_cdemo_sk and 
  exists (select *
          from store_sales,date_dim
          where c.c_customer_sk = ss_customer_sk and
                ss_sold_date_sk = d_date_sk and
                d_year = 1999 and
                d_moy between 1 and 1+2) and
   (not exists (select *
            from web_sales,date_dim
            where c.c_customer_sk = ws_bill_customer_sk and
                  ws_sold_date_sk = d_date_sk and
                  d_year = 1999 and
                  d_moy between 1 and 1+2) and
    not exists (select * 
            from catalog_sales,date_dim
            where c.c_customer_sk = cs_ship_customer_sk and
                  cs_sold_date_sk = d_date_sk and
                  d_year = 1999 and
                  d_moy between 1 and 1+2))
 group by cd_gender,
          cd_marital_status,
          cd_education_status,
          cd_purchase_estimate,
          cd_credit_rating
 order by cd_gender,
          cd_marital_status,
          cd_education_status,
          cd_purchase_estimate,
          cd_credit_rating
 limit 100
PREHOOK: type: QUERY
POSTHOOK: query: explain select  
  cd_gender,
  cd_marital_status,
  cd_education_status,
  count(*) cnt1,
  cd_purchase_estimate,
  count(*) cnt2,
  cd_credit_rating,
  count(*) cnt3
 from
  customer c,customer_address ca,customer_demographics
 where
  c.c_current_addr_sk = ca.ca_address_sk and
  ca_state in ('CO','IL','MN') and
  cd_demo_sk = c.c_current_cdemo_sk and 
  exists (select *
          from store_sales,date_dim
          where c.c_customer_sk = ss_customer_sk and
                ss_sold_date_sk = d_date_sk and
                d_year = 1999 and
                d_moy between 1 and 1+2) and
   (not exists (select *
            from web_sales,date_dim
            where c.c_customer_sk = ws_bill_customer_sk and
                  ws_sold_date_sk = d_date_sk and
                  d_year = 1999 and
                  d_moy between 1 and 1+2) and
    not exists (select * 
            from catalog_sales,date_dim
            where c.c_customer_sk = cs_ship_customer_sk and
                  cs_sold_date_sk = d_date_sk and
                  d_year = 1999 and
                  d_moy between 1 and 1+2))
 group by cd_gender,
          cd_marital_status,
          cd_education_status,
          cd_purchase_estimate,
          cd_credit_rating
 order by cd_gender,
          cd_marital_status,
          cd_education_status,
          cd_purchase_estimate,
          cd_credit_rating
 limit 100
POSTHOOK: type: QUERY
Plan optimized by CBO.

Vertex dependency in root stage
Reducer 11 <- Map 10 (SIMPLE_EDGE), Map 14 (SIMPLE_EDGE)
Reducer 12 <- Reducer 11 (CUSTOM_SIMPLE_EDGE), Reducer 17 (CUSTOM_SIMPLE_EDGE)
Reducer 13 <- Reducer 12 (SIMPLE_EDGE)
Reducer 16 <- Map 15 (CUSTOM_SIMPLE_EDGE), Map 18 (CUSTOM_SIMPLE_EDGE), Map 19 (CUSTOM_SIMPLE_EDGE)
Reducer 17 <- Reducer 16 (SIMPLE_EDGE)
Reducer 2 <- Map 1 (SIMPLE_EDGE), Map 8 (SIMPLE_EDGE)
Reducer 21 <- Map 20 (SIMPLE_EDGE), Map 24 (SIMPLE_EDGE)
Reducer 22 <- Reducer 21 (CUSTOM_SIMPLE_EDGE), Reducer 27 (CUSTOM_SIMPLE_EDGE)
Reducer 23 <- Reducer 22 (SIMPLE_EDGE)
Reducer 26 <- Map 25 (CUSTOM_SIMPLE_EDGE), Map 28 (CUSTOM_SIMPLE_EDGE), Map 29 (CUSTOM_SIMPLE_EDGE)
Reducer 27 <- Reducer 26 (SIMPLE_EDGE)
Reducer 3 <- Map 9 (SIMPLE_EDGE), Reducer 2 (SIMPLE_EDGE)
Reducer 31 <- Map 30 (SIMPLE_EDGE), Map 34 (SIMPLE_EDGE)
Reducer 32 <- Reducer 31 (CUSTOM_SIMPLE_EDGE), Reducer 37 (CUSTOM_SIMPLE_EDGE)
Reducer 33 <- Reducer 32 (SIMPLE_EDGE)
Reducer 36 <- Map 35 (CUSTOM_SIMPLE_EDGE), Map 38 (CUSTOM_SIMPLE_EDGE), Map 39 (CUSTOM_SIMPLE_EDGE)
Reducer 37 <- Reducer 36 (SIMPLE_EDGE)
Reducer 4 <- Reducer 13 (SIMPLE_EDGE), Reducer 23 (SIMPLE_EDGE), Reducer 3 (SIMPLE_EDGE)
Reducer 5 <- Reducer 33 (SIMPLE_EDGE), Reducer 4 (SIMPLE_EDGE)
Reducer 6 <- Reducer 5 (SIMPLE_EDGE)
Reducer 7 <- Reducer 6 (SIMPLE_EDGE)

Stage-0
  Fetch Operator
    limit:100
    Stage-1
      Reducer 7
      File Output Operator [FS_130]
        Limit [LIM_129] (rows=100 width=1)
          Number of rows:100
          Select Operator [SEL_128] (rows=1268213682555322368 width=1)
            Output:["_col0","_col1","_col2","_col3","_col4","_col5","_col6","_col7"]
          <-Reducer 6 [SIMPLE_EDGE]
            SHUFFLE [RS_127]
              Select Operator [SEL_126] (rows=1268213682555322368 width=1)
                Output:["_col0","_col1","_col2","_col3","_col4","_col6"]
                Group By Operator [GBY_125] (rows=1268213682555322368 width=1)
                  Output:["_col0","_col1","_col2","_col3","_col4","_col5"],aggregations:["count(VALUE._col0)"],keys:KEY._col0, KEY._col1, KEY._col2, KEY._col3, KEY._col4
                <-Reducer 5 [SIMPLE_EDGE]
                  SHUFFLE [RS_124]
                    PartitionCols:_col0, _col1, _col2, _col3, _col4
                    Group By Operator [GBY_123] (rows=2536427365110644736 width=1)
                      Output:["_col0","_col1","_col2","_col3","_col4","_col5"],aggregations:["count()"],keys:_col6, _col7, _col8, _col9, _col10
                      Select Operator [SEL_122] (rows=2536427365110644736 width=1)
                        Output:["_col6","_col7","_col8","_col9","_col10"]
                        Filter Operator [FIL_121] (rows=2536427365110644736 width=1)
                          predicate:_col15 is null
                          Merge Join Operator [MERGEJOIN_189] (rows=5072854730221289472 width=1)
                            Conds:RS_118._col0=RS_119._col0(Left Outer),Output:["_col6","_col7","_col8","_col9","_col10","_col15"]
                          <-Reducer 33 [SIMPLE_EDGE]
                            SHUFFLE [RS_119]
                              PartitionCols:_col0
                              Select Operator [SEL_117] (rows=4611686018427387903 width=1)
                                Output:["_col0","_col1"]
                                Group By Operator [GBY_116] (rows=4611686018427387903 width=1)
                                  Output:["_col0"],keys:KEY._col0
                                <-Reducer 32 [SIMPLE_EDGE]
                                  SHUFFLE [RS_115]
                                    PartitionCols:_col0
                                    Group By Operator [GBY_114] (rows=9223372036854775807 width=1)
                                      Output:["_col0"],keys:_col5
                                      Merge Join Operator [MERGEJOIN_188] (rows=9223372036854775807 width=1)
                                        Conds:(Inner),Output:["_col5"]
                                      <-Reducer 31 [CUSTOM_SIMPLE_EDGE]
                                        PARTITION_ONLY_SHUFFLE [RS_110]
                                          Merge Join Operator [MERGEJOIN_184] (rows=158394413 width=135)
                                            Conds:RS_107._col0=RS_108._col0(Inner)
                                          <-Map 30 [SIMPLE_EDGE]
                                            SHUFFLE [RS_107]
                                              PartitionCols:_col0
                                              Select Operator [SEL_88] (rows=143994918 width=135)
                                                Output:["_col0"]
                                                Filter Operator [FIL_174] (rows=143994918 width=135)
                                                  predicate:((cs_ship_customer_sk = cs_ship_customer_sk) and cs_sold_date_sk is not null)
                                                  TableScan [TS_86] (rows=287989836 width=135)
                                                    default@catalog_sales,catalog_sales,Tbl:COMPLETE,Col:NONE,Output:["cs_sold_date_sk","cs_ship_customer_sk"]
                                          <-Map 34 [SIMPLE_EDGE]
                                            SHUFFLE [RS_108]
                                              PartitionCols:_col0
                                              Select Operator [SEL_91] (rows=4058 width=1119)
                                                Output:["_col0"]
                                                Filter Operator [FIL_175] (rows=4058 width=1119)
                                                  predicate:((d_year = 1999) and d_moy BETWEEN 1 AND 3 and d_date_sk is not null)
                                                  TableScan [TS_89] (rows=73049 width=1119)
                                                    default@date_dim,date_dim,Tbl:COMPLETE,Col:NONE,Output:["d_date_sk","d_year","d_moy"]
                                      <-Reducer 37 [CUSTOM_SIMPLE_EDGE]
                                        PARTITION_ONLY_SHUFFLE [RS_111]
                                          Group By Operator [GBY_105] (rows=4611686018427387903 width=1)
                                            Output:["_col0"],keys:KEY._col0
                                          <-Reducer 36 [SIMPLE_EDGE]
                                            SHUFFLE [RS_104]
                                              PartitionCols:_col0
                                              Group By Operator [GBY_103] (rows=9223372036854775807 width=1)
                                                Output:["_col0"],keys:_col2
                                                Merge Join Operator [MERGEJOIN_179] (rows=9223372036854775807 width=1)
                                                  Conds:(Inner),(Inner),Output:["_col2"]
                                                <-Map 35 [CUSTOM_SIMPLE_EDGE]
                                                  PARTITION_ONLY_SHUFFLE [RS_98]
                                                    Select Operator [SEL_93] (rows=40000000 width=4)
                                                      TableScan [TS_92] (rows=40000000 width=1014)
                                                        default@customer_address,ca,Tbl:COMPLETE,Col:COMPLETE
                                                <-Map 38 [CUSTOM_SIMPLE_EDGE]
                                                  PARTITION_ONLY_SHUFFLE [RS_99]
                                                    Select Operator [SEL_95] (rows=1861800 width=4)
                                                      TableScan [TS_94] (rows=1861800 width=385)
                                                        default@customer_demographics,customer_demographics,Tbl:COMPLETE,Col:COMPLETE
                                                <-Map 39 [CUSTOM_SIMPLE_EDGE]
                                                  PARTITION_ONLY_SHUFFLE [RS_100]
                                                    Select Operator [SEL_97] (rows=80000000 width=860)
                                                      Output:["_col0"]
                                                      TableScan [TS_96] (rows=80000000 width=860)
                                                        default@customer,c,Tbl:COMPLETE,Col:NONE,Output:["c_customer_sk"]
                          <-Reducer 4 [SIMPLE_EDGE]
                            SHUFFLE [RS_118]
                              PartitionCols:_col0
                              Select Operator [SEL_85] (rows=4611686018427387903 width=1)
                                Output:["_col0","_col10","_col6","_col7","_col8","_col9"]
                                Filter Operator [FIL_84] (rows=4611686018427387903 width=1)
                                  predicate:_col13 is null
                                  Merge Join Operator [MERGEJOIN_187] (rows=9223372036854775807 width=1)
                                    Conds:RS_79._col0=RS_80._col0(Inner),RS_79._col0=RS_81._col0(Left Outer),Output:["_col0","_col6","_col7","_col8","_col9","_col10","_col13"]
                                  <-Reducer 13 [SIMPLE_EDGE]
                                    SHUFFLE [RS_80]
                                      PartitionCols:_col0
                                      Group By Operator [GBY_39] (rows=4611686018427387903 width=1)
                                        Output:["_col0"],keys:KEY._col0
                                      <-Reducer 12 [SIMPLE_EDGE]
                                        SHUFFLE [RS_38]
                                          PartitionCols:_col0
                                          Group By Operator [GBY_37] (rows=9223372036854775807 width=1)
                                            Output:["_col0"],keys:_col5
                                            Merge Join Operator [MERGEJOIN_185] (rows=9223372036854775807 width=1)
                                              Conds:(Inner),Output:["_col5"]
                                            <-Reducer 11 [CUSTOM_SIMPLE_EDGE]
                                              PARTITION_ONLY_SHUFFLE [RS_33]
                                                Merge Join Operator [MERGEJOIN_182] (rows=316797605 width=88)
                                                  Conds:RS_30._col0=RS_31._col0(Inner)
                                                <-Map 10 [SIMPLE_EDGE]
                                                  SHUFFLE [RS_30]
                                                    PartitionCols:_col0
                                                    Select Operator [SEL_11] (rows=287997817 width=88)
                                                      Output:["_col0"]
                                                      Filter Operator [FIL_168] (rows=287997817 width=88)
                                                        predicate:((ss_customer_sk = ss_customer_sk) and ss_sold_date_sk is not null)
                                                        TableScan [TS_9] (rows=575995635 width=88)
                                                          default@store_sales,store_sales,Tbl:COMPLETE,Col:NONE,Output:["ss_sold_date_sk","ss_customer_sk"]
                                                <-Map 14 [SIMPLE_EDGE]
                                                  SHUFFLE [RS_31]
                                                    PartitionCols:_col0
                                                    Select Operator [SEL_14] (rows=4058 width=1119)
                                                      Output:["_col0"]
                                                      Filter Operator [FIL_169] (rows=4058 width=1119)
                                                        predicate:((d_year = 1999) and d_moy BETWEEN 1 AND 3 and d_date_sk is not null)
                                                        TableScan [TS_12] (rows=73049 width=1119)
                                                          default@date_dim,date_dim,Tbl:COMPLETE,Col:NONE,Output:["d_date_sk","d_year","d_moy"]
                                            <-Reducer 17 [CUSTOM_SIMPLE_EDGE]
                                              PARTITION_ONLY_SHUFFLE [RS_34]
                                                Group By Operator [GBY_28] (rows=4611686018427387903 width=1)
                                                  Output:["_col0"],keys:KEY._col0
                                                <-Reducer 16 [SIMPLE_EDGE]
                                                  SHUFFLE [RS_27]
                                                    PartitionCols:_col0
                                                    Group By Operator [GBY_26] (rows=9223372036854775807 width=1)
                                                      Output:["_col0"],keys:_col2
                                                      Merge Join Operator [MERGEJOIN_177] (rows=9223372036854775807 width=1)
                                                        Conds:(Inner),(Inner),Output:["_col2"]
                                                      <-Map 15 [CUSTOM_SIMPLE_EDGE]
                                                        PARTITION_ONLY_SHUFFLE [RS_21]
                                                          Select Operator [SEL_16] (rows=40000000 width=4)
                                                            TableScan [TS_15] (rows=40000000 width=1014)
                                                              default@customer_address,ca,Tbl:COMPLETE,Col:COMPLETE
                                                      <-Map 18 [CUSTOM_SIMPLE_EDGE]
                                                        PARTITION_ONLY_SHUFFLE [RS_22]
                                                          Select Operator [SEL_18] (rows=1861800 width=4)
                                                            TableScan [TS_17] (rows=1861800 width=385)
                                                              default@customer_demographics,customer_demographics,Tbl:COMPLETE,Col:COMPLETE
                                                      <-Map 19 [CUSTOM_SIMPLE_EDGE]
                                                        PARTITION_ONLY_SHUFFLE [RS_23]
                                                          Select Operator [SEL_20] (rows=80000000 width=860)
                                                            Output:["_col0"]
                                                            TableScan [TS_19] (rows=80000000 width=860)
                                                              default@customer,c,Tbl:COMPLETE,Col:NONE,Output:["c_customer_sk"]
                                  <-Reducer 23 [SIMPLE_EDGE]
                                    SHUFFLE [RS_81]
                                      PartitionCols:_col0
                                      Select Operator [SEL_72] (rows=4611686018427387903 width=1)
                                        Output:["_col0","_col1"]
                                        Group By Operator [GBY_71] (rows=4611686018427387903 width=1)
                                          Output:["_col0"],keys:KEY._col0
                                        <-Reducer 22 [SIMPLE_EDGE]
                                          SHUFFLE [RS_70]
                                            PartitionCols:_col0
                                            Group By Operator [GBY_69] (rows=9223372036854775807 width=1)
                                              Output:["_col0"],keys:_col5
                                              Merge Join Operator [MERGEJOIN_186] (rows=9223372036854775807 width=1)
                                                Conds:(Inner),Output:["_col5"]
                                              <-Reducer 21 [CUSTOM_SIMPLE_EDGE]
                                                PARTITION_ONLY_SHUFFLE [RS_65]
                                                  Merge Join Operator [MERGEJOIN_183] (rows=79201469 width=135)
                                                    Conds:RS_62._col0=RS_63._col0(Inner)
                                                  <-Map 20 [SIMPLE_EDGE]
                                                    SHUFFLE [RS_62]
                                                      PartitionCols:_col0
                                                      Select Operator [SEL_43] (rows=72001334 width=135)
                                                        Output:["_col0"]
                                                        Filter Operator [FIL_171] (rows=72001334 width=135)
                                                          predicate:((ws_bill_customer_sk = ws_bill_customer_sk) and ws_sold_date_sk is not null)
                                                          TableScan [TS_41] (rows=144002668 width=135)
                                                            default@web_sales,web_sales,Tbl:COMPLETE,Col:NONE,Output:["ws_sold_date_sk","ws_bill_customer_sk"]
                                                  <-Map 24 [SIMPLE_EDGE]
                                                    SHUFFLE [RS_63]
                                                      PartitionCols:_col0
                                                      Select Operator [SEL_46] (rows=4058 width=1119)
                                                        Output:["_col0"]
                                                        Filter Operator [FIL_172] (rows=4058 width=1119)
                                                          predicate:((d_year = 1999) and d_moy BETWEEN 1 AND 3 and d_date_sk is not null)
                                                          TableScan [TS_44] (rows=73049 width=1119)
                                                            default@date_dim,date_dim,Tbl:COMPLETE,Col:NONE,Output:["d_date_sk","d_year","d_moy"]
                                              <-Reducer 27 [CUSTOM_SIMPLE_EDGE]
                                                PARTITION_ONLY_SHUFFLE [RS_66]
                                                  Group By Operator [GBY_60] (rows=4611686018427387903 width=1)
                                                    Output:["_col0"],keys:KEY._col0
                                                  <-Reducer 26 [SIMPLE_EDGE]
                                                    SHUFFLE [RS_59]
                                                      PartitionCols:_col0
                                                      Group By Operator [GBY_58] (rows=9223372036854775807 width=1)
                                                        Output:["_col0"],keys:_col2
                                                        Merge Join Operator [MERGEJOIN_178] (rows=9223372036854775807 width=1)
                                                          Conds:(Inner),(Inner),Output:["_col2"]
                                                        <-Map 25 [CUSTOM_SIMPLE_EDGE]
                                                          PARTITION_ONLY_SHUFFLE [RS_53]
                                                            Select Operator [SEL_48] (rows=40000000 width=4)
                                                              TableScan [TS_47] (rows=40000000 width=1014)
                                                                default@customer_address,ca,Tbl:COMPLETE,Col:COMPLETE
                                                        <-Map 28 [CUSTOM_SIMPLE_EDGE]
                                                          PARTITION_ONLY_SHUFFLE [RS_54]
                                                            Select Operator [SEL_50] (rows=1861800 width=4)
                                                              TableScan [TS_49] (rows=1861800 width=385)
                                                                default@customer_demographics,customer_demographics,Tbl:COMPLETE,Col:COMPLETE
                                                        <-Map 29 [CUSTOM_SIMPLE_EDGE]
                                                          PARTITION_ONLY_SHUFFLE [RS_55]
                                                            Select Operator [SEL_52] (rows=80000000 width=860)
                                                              Output:["_col0"]
                                                              TableScan [TS_51] (rows=80000000 width=860)
                                                                default@customer,c,Tbl:COMPLETE,Col:NONE,Output:["c_customer_sk"]
                                  <-Reducer 3 [SIMPLE_EDGE]
                                    SHUFFLE [RS_79]
                                      PartitionCols:_col0
                                      Merge Join Operator [MERGEJOIN_181] (rows=96800003 width=860)
                                        Conds:RS_76._col1=RS_77._col0(Inner),Output:["_col0","_col6","_col7","_col8","_col9","_col10"]
                                      <-Map 9 [SIMPLE_EDGE]
                                        SHUFFLE [RS_77]
                                          PartitionCols:_col0
                                          Select Operator [SEL_8] (rows=1861800 width=385)
                                            Output:["_col0","_col1","_col2","_col3","_col4","_col5"]
                                            Filter Operator [FIL_167] (rows=1861800 width=385)
                                              predicate:cd_demo_sk is not null
                                              TableScan [TS_6] (rows=1861800 width=385)
                                                default@customer_demographics,customer_demographics,Tbl:COMPLETE,Col:NONE,Output:["cd_demo_sk","cd_gender","cd_marital_status","cd_education_status","cd_purchase_estimate","cd_credit_rating"]
                                      <-Reducer 2 [SIMPLE_EDGE]
                                        SHUFFLE [RS_76]
                                          PartitionCols:_col1
                                          Merge Join Operator [MERGEJOIN_180] (rows=88000001 width=860)
                                            Conds:RS_73._col2=RS_74._col0(Inner),Output:["_col0","_col1"]
                                          <-Map 1 [SIMPLE_EDGE]
                                            SHUFFLE [RS_73]
                                              PartitionCols:_col2
                                              Select Operator [SEL_2] (rows=80000000 width=860)
                                                Output:["_col0","_col1","_col2"]
                                                Filter Operator [FIL_165] (rows=80000000 width=860)
                                                  predicate:(c_current_addr_sk is not null and c_current_cdemo_sk is not null)
                                                  TableScan [TS_0] (rows=80000000 width=860)
                                                    default@customer,c,Tbl:COMPLETE,Col:NONE,Output:["c_customer_sk","c_current_cdemo_sk","c_current_addr_sk"]
                                          <-Map 8 [SIMPLE_EDGE]
                                            SHUFFLE [RS_74]
                                              PartitionCols:_col0
                                              Select Operator [SEL_5] (rows=20000000 width=1014)
                                                Output:["_col0"]
                                                Filter Operator [FIL_166] (rows=20000000 width=1014)
                                                  predicate:((ca_state) IN ('CO', 'IL', 'MN') and ca_address_sk is not null)
                                                  TableScan [TS_3] (rows=40000000 width=1014)
                                                    default@customer_address,ca,Tbl:COMPLETE,Col:NONE,Output:["ca_address_sk","ca_state"]

