PREHOOK: query: explain select ca_zip, ca_county, sum(ws_sales_price) from web_sales JOIN customer ON web_sales.ws_bill_customer_sk = customer.c_customer_sk JOIN customer_address ON customer.c_current_addr_sk = customer_address.ca_address_sk JOIN date_dim ON web_sales.ws_sold_date_sk = date_dim.d_date_sk JOIN item ON web_sales.ws_item_sk = item.i_item_sk where ( item.i_item_id in (select i_item_id from item i2 where i2.i_item_sk in (2, 3, 5, 7, 11, 13, 17, 19, 23, 29) ) ) and d_qoy = 2 and d_year = 2000 group by ca_zip, ca_county order by ca_zip, ca_county limit 100
PREHOOK: type: QUERY
POSTHOOK: query: explain select ca_zip, ca_county, sum(ws_sales_price) from web_sales JOIN customer ON web_sales.ws_bill_customer_sk = customer.c_customer_sk JOIN customer_address ON customer.c_current_addr_sk = customer_address.ca_address_sk JOIN date_dim ON web_sales.ws_sold_date_sk = date_dim.d_date_sk JOIN item ON web_sales.ws_item_sk = item.i_item_sk where ( item.i_item_id in (select i_item_id from item i2 where i2.i_item_sk in (2, 3, 5, 7, 11, 13, 17, 19, 23, 29) ) ) and d_qoy = 2 and d_year = 2000 group by ca_zip, ca_county order by ca_zip, ca_county limit 100
POSTHOOK: type: QUERY
Plan optimized by CBO.

Vertex dependency in root stage
Reducer 11 <- Map 10 (SIMPLE_EDGE)
Reducer 13 <- Map 12 (SIMPLE_EDGE), Map 14 (SIMPLE_EDGE)
Reducer 2 <- Map 1 (SIMPLE_EDGE), Map 6 (SIMPLE_EDGE)
Reducer 3 <- Reducer 2 (SIMPLE_EDGE), Reducer 9 (SIMPLE_EDGE)
Reducer 4 <- Reducer 3 (SIMPLE_EDGE)
Reducer 5 <- Reducer 4 (SIMPLE_EDGE)
Reducer 8 <- Map 7 (SIMPLE_EDGE), Reducer 11 (SIMPLE_EDGE)
Reducer 9 <- Reducer 13 (SIMPLE_EDGE), Reducer 8 (SIMPLE_EDGE)

Stage-0
  Fetch Operator
    limit:100
    Stage-1
      Reducer 5
      File Output Operator [FS_47]
        Limit [LIM_46] (rows=100 width=135)
          Number of rows:100
          Select Operator [SEL_45] (rows=95833781 width=135)
            Output:["_col0","_col1","_col2"]
          <-Reducer 4 [SIMPLE_EDGE]
            SHUFFLE [RS_44]
              Group By Operator [GBY_42] (rows=95833781 width=135)
                Output:["_col0","_col1","_col2"],aggregations:["sum(VALUE._col0)"],keys:KEY._col0, KEY._col1
              <-Reducer 3 [SIMPLE_EDGE]
                SHUFFLE [RS_41]
                  PartitionCols:_col0, _col1
                  Group By Operator [GBY_40] (rows=191667562 width=135)
                    Output:["_col0","_col1","_col2"],aggregations:["sum(_col11)"],keys:_col4, _col3
                    Select Operator [SEL_39] (rows=191667562 width=135)
                      Output:["_col4","_col3","_col11"]
                      Merge Join Operator [MERGEJOIN_74] (rows=191667562 width=135)
                        Conds:RS_36._col0=RS_37._col5(Inner),Output:["_col3","_col4","_col11"]
                      <-Reducer 2 [SIMPLE_EDGE]
                        SHUFFLE [RS_36]
                          PartitionCols:_col0
                          Merge Join Operator [MERGEJOIN_70] (rows=88000001 width=860)
                            Conds:RS_33._col1=RS_34._col0(Inner),Output:["_col0","_col3","_col4"]
                          <-Map 1 [SIMPLE_EDGE]
                            SHUFFLE [RS_33]
                              PartitionCols:_col1
                              Select Operator [SEL_2] (rows=80000000 width=860)
                                Output:["_col0","_col1"]
                                Filter Operator [FIL_64] (rows=80000000 width=860)
                                  predicate:(c_customer_sk is not null and c_current_addr_sk is not null)
                                  TableScan [TS_0] (rows=80000000 width=860)
                                    default@customer,customer,Tbl:COMPLETE,Col:NONE,Output:["c_customer_sk","c_current_addr_sk"]
                          <-Map 6 [SIMPLE_EDGE]
                            SHUFFLE [RS_34]
                              PartitionCols:_col0
                              Select Operator [SEL_5] (rows=40000000 width=1014)
                                Output:["_col0","_col1","_col2"]
                                Filter Operator [FIL_65] (rows=40000000 width=1014)
                                  predicate:ca_address_sk is not null
                                  TableScan [TS_3] (rows=40000000 width=1014)
                                    default@customer_address,customer_address,Tbl:COMPLETE,Col:NONE,Output:["ca_address_sk","ca_county","ca_zip"]
                      <-Reducer 9 [SIMPLE_EDGE]
                        SHUFFLE [RS_37]
                          PartitionCols:_col5
                          Merge Join Operator [MERGEJOIN_73] (rows=174243235 width=135)
                            Conds:RS_29._col0=RS_30._col1(Inner),Output:["_col5","_col6"]
                          <-Reducer 13 [SIMPLE_EDGE]
                            SHUFFLE [RS_30]
                              PartitionCols:_col1
                              Merge Join Operator [MERGEJOIN_72] (rows=158402938 width=135)
                                Conds:RS_22._col0=RS_23._col0(Inner),Output:["_col1","_col2","_col3"]
                              <-Map 12 [SIMPLE_EDGE]
                                SHUFFLE [RS_22]
                                  PartitionCols:_col0
                                  Select Operator [SEL_18] (rows=144002668 width=135)
                                    Output:["_col0","_col1","_col2","_col3"]
                                    Filter Operator [FIL_68] (rows=144002668 width=135)
                                      predicate:(ws_bill_customer_sk is not null and ws_sold_date_sk is not null and ws_item_sk is not null)
                                      TableScan [TS_16] (rows=144002668 width=135)
                                        default@web_sales,web_sales,Tbl:COMPLETE,Col:NONE,Output:["ws_sold_date_sk","ws_item_sk","ws_bill_customer_sk","ws_sales_price"]
                              <-Map 14 [SIMPLE_EDGE]
                                SHUFFLE [RS_23]
                                  PartitionCols:_col0
                                  Select Operator [SEL_21] (rows=18262 width=1119)
                                    Output:["_col0"]
                                    Filter Operator [FIL_69] (rows=18262 width=1119)
                                      predicate:((d_qoy = 2) and (d_year = 2000) and d_date_sk is not null)
                                      TableScan [TS_19] (rows=73049 width=1119)
                                        default@date_dim,date_dim,Tbl:COMPLETE,Col:NONE,Output:["d_date_sk","d_year","d_qoy"]
                          <-Reducer 8 [SIMPLE_EDGE]
                            SHUFFLE [RS_29]
                              PartitionCols:_col0
                              Merge Join Operator [MERGEJOIN_71] (rows=508200 width=1436)
                                Conds:RS_26._col1=RS_27._col0(Inner),Output:["_col0"]
                              <-Map 7 [SIMPLE_EDGE]
                                SHUFFLE [RS_26]
                                  PartitionCols:_col1
                                  Select Operator [SEL_8] (rows=462000 width=1436)
                                    Output:["_col0","_col1"]
                                    Filter Operator [FIL_66] (rows=462000 width=1436)
                                      predicate:i_item_sk is not null
                                      TableScan [TS_6] (rows=462000 width=1436)
                                        default@item,item,Tbl:COMPLETE,Col:NONE,Output:["i_item_sk","i_item_id"]
                              <-Reducer 11 [SIMPLE_EDGE]
                                SHUFFLE [RS_27]
                                  PartitionCols:_col0
                                  Group By Operator [GBY_14] (rows=115500 width=1436)
                                    Output:["_col0"],keys:KEY._col0
                                  <-Map 10 [SIMPLE_EDGE]
                                    SHUFFLE [RS_13]
                                      PartitionCols:_col0
                                      Group By Operator [GBY_12] (rows=231000 width=1436)
                                        Output:["_col0"],keys:i_item_id
                                        Select Operator [SEL_11] (rows=231000 width=1436)
                                          Output:["i_item_id"]
                                          Filter Operator [FIL_67] (rows=231000 width=1436)
                                            predicate:(i_item_sk) IN (2, 3, 5, 7, 11, 13, 17, 19, 23, 29)
                                            TableScan [TS_9] (rows=462000 width=1436)
                                              default@item,i2,Tbl:COMPLETE,Col:NONE,Output:["i_item_sk","i_item_id"]

