PREHOOK: query: create table acid_ivot(
    ctinyint TINYINT,
    csmallint SMALLINT,
    cint INT,
    cbigint BIGINT,
    cfloat FLOAT,
    cdouble DOUBLE,
    cstring1 STRING,
    cstring2 STRING,
    ctimestamp1 TIMESTAMP,
    ctimestamp2 TIMESTAMP,
    cboolean1 BOOLEAN,
    cboolean2 BOOLEAN) stored as orc TBLPROPERTIES ('transactional'='true')
PREHOOK: type: CREATETABLE
PREHOOK: Output: database:default
PREHOOK: Output: default@acid_ivot
POSTHOOK: query: create table acid_ivot(
    ctinyint TINYINT,
    csmallint SMALLINT,
    cint INT,
    cbigint BIGINT,
    cfloat FLOAT,
    cdouble DOUBLE,
    cstring1 STRING,
    cstring2 STRING,
    ctimestamp1 TIMESTAMP,
    ctimestamp2 TIMESTAMP,
    cboolean1 BOOLEAN,
    cboolean2 BOOLEAN) stored as orc TBLPROPERTIES ('transactional'='true')
POSTHOOK: type: CREATETABLE
POSTHOOK: Output: database:default
POSTHOOK: Output: default@acid_ivot
FAILED: SemanticException [Error 30023]: alltypesorc file name is not valid in Load Data into Acid table default.acid_ivot.  Examples of valid names are: 00000_0, 00000_0_copy_1
