PREHOOK: query: drop table if exists srcpart_acid
PREHOOK: type: DROPTABLE
POSTHOOK: query: drop table if exists srcpart_acid
POSTHOOK: type: DROPTABLE
PREHOOK: query: CREATE TABLE srcpart_acid (key STRING, value STRING) PARTITIONED BY (ds STRING, hr STRING) stored as ORC TBLPROPERTIES ('transactional'='true', 'transactional_properties'='default')
PREHOOK: type: CREATETABLE
PREHOOK: Output: database:default
PREHOOK: Output: default@srcpart_acid
POSTHOOK: query: CREATE TABLE srcpart_acid (key STRING, value STRING) PARTITIONED BY (ds STRING, hr STRING) stored as ORC TBLPROPERTIES ('transactional'='true', 'transactional_properties'='default')
POSTHOOK: type: CREATETABLE
POSTHOOK: Output: database:default
POSTHOOK: Output: default@srcpart_acid
PREHOOK: query: insert into srcpart_acid PARTITION (ds, hr) select * from srcpart
PREHOOK: type: QUERY
PREHOOK: Input: default@srcpart
PREHOOK: Input: default@srcpart@ds=2008-04-08/hr=11
PREHOOK: Input: default@srcpart@ds=2008-04-08/hr=12
PREHOOK: Input: default@srcpart@ds=2008-04-09/hr=11
PREHOOK: Input: default@srcpart@ds=2008-04-09/hr=12
PREHOOK: Output: default@srcpart_acid
POSTHOOK: query: insert into srcpart_acid PARTITION (ds, hr) select * from srcpart
POSTHOOK: type: QUERY
POSTHOOK: Input: default@srcpart
POSTHOOK: Input: default@srcpart@ds=2008-04-08/hr=11
POSTHOOK: Input: default@srcpart@ds=2008-04-08/hr=12
POSTHOOK: Input: default@srcpart@ds=2008-04-09/hr=11
POSTHOOK: Input: default@srcpart@ds=2008-04-09/hr=12
POSTHOOK: Output: default@srcpart_acid@ds=2008-04-08/hr=11
POSTHOOK: Output: default@srcpart_acid@ds=2008-04-08/hr=12
POSTHOOK: Output: default@srcpart_acid@ds=2008-04-09/hr=11
POSTHOOK: Output: default@srcpart_acid@ds=2008-04-09/hr=12
POSTHOOK: Lineage: srcpart_acid PARTITION(ds=2008-04-08,hr=11).key SIMPLE [(srcpart)srcpart.FieldSchema(name:key, type:string, comment:default), ]
POSTHOOK: Lineage: srcpart_acid PARTITION(ds=2008-04-08,hr=11).value SIMPLE [(srcpart)srcpart.FieldSchema(name:value, type:string, comment:default), ]
POSTHOOK: Lineage: srcpart_acid PARTITION(ds=2008-04-08,hr=12).key SIMPLE [(srcpart)srcpart.FieldSchema(name:key, type:string, comment:default), ]
POSTHOOK: Lineage: srcpart_acid PARTITION(ds=2008-04-08,hr=12).value SIMPLE [(srcpart)srcpart.FieldSchema(name:value, type:string, comment:default), ]
POSTHOOK: Lineage: srcpart_acid PARTITION(ds=2008-04-09,hr=11).key SIMPLE [(srcpart)srcpart.FieldSchema(name:key, type:string, comment:default), ]
POSTHOOK: Lineage: srcpart_acid PARTITION(ds=2008-04-09,hr=11).value SIMPLE [(srcpart)srcpart.FieldSchema(name:value, type:string, comment:default), ]
POSTHOOK: Lineage: srcpart_acid PARTITION(ds=2008-04-09,hr=12).key SIMPLE [(srcpart)srcpart.FieldSchema(name:key, type:string, comment:default), ]
POSTHOOK: Lineage: srcpart_acid PARTITION(ds=2008-04-09,hr=12).value SIMPLE [(srcpart)srcpart.FieldSchema(name:value, type:string, comment:default), ]
PREHOOK: query: insert into srcpart_acid PARTITION (ds, hr) select * from srcpart
PREHOOK: type: QUERY
PREHOOK: Input: default@srcpart
PREHOOK: Input: default@srcpart@ds=2008-04-08/hr=11
PREHOOK: Input: default@srcpart@ds=2008-04-08/hr=12
PREHOOK: Input: default@srcpart@ds=2008-04-09/hr=11
PREHOOK: Input: default@srcpart@ds=2008-04-09/hr=12
PREHOOK: Output: default@srcpart_acid
POSTHOOK: query: insert into srcpart_acid PARTITION (ds, hr) select * from srcpart
POSTHOOK: type: QUERY
POSTHOOK: Input: default@srcpart
POSTHOOK: Input: default@srcpart@ds=2008-04-08/hr=11
POSTHOOK: Input: default@srcpart@ds=2008-04-08/hr=12
POSTHOOK: Input: default@srcpart@ds=2008-04-09/hr=11
POSTHOOK: Input: default@srcpart@ds=2008-04-09/hr=12
POSTHOOK: Output: default@srcpart_acid@ds=2008-04-08/hr=11
POSTHOOK: Output: default@srcpart_acid@ds=2008-04-08/hr=12
POSTHOOK: Output: default@srcpart_acid@ds=2008-04-09/hr=11
POSTHOOK: Output: default@srcpart_acid@ds=2008-04-09/hr=12
POSTHOOK: Lineage: srcpart_acid PARTITION(ds=2008-04-08,hr=11).key SIMPLE [(srcpart)srcpart.FieldSchema(name:key, type:string, comment:default), ]
POSTHOOK: Lineage: srcpart_acid PARTITION(ds=2008-04-08,hr=11).value SIMPLE [(srcpart)srcpart.FieldSchema(name:value, type:string, comment:default), ]
POSTHOOK: Lineage: srcpart_acid PARTITION(ds=2008-04-08,hr=12).key SIMPLE [(srcpart)srcpart.FieldSchema(name:key, type:string, comment:default), ]
POSTHOOK: Lineage: srcpart_acid PARTITION(ds=2008-04-08,hr=12).value SIMPLE [(srcpart)srcpart.FieldSchema(name:value, type:string, comment:default), ]
POSTHOOK: Lineage: srcpart_acid PARTITION(ds=2008-04-09,hr=11).key SIMPLE [(srcpart)srcpart.FieldSchema(name:key, type:string, comment:default), ]
POSTHOOK: Lineage: srcpart_acid PARTITION(ds=2008-04-09,hr=11).value SIMPLE [(srcpart)srcpart.FieldSchema(name:value, type:string, comment:default), ]
POSTHOOK: Lineage: srcpart_acid PARTITION(ds=2008-04-09,hr=12).key SIMPLE [(srcpart)srcpart.FieldSchema(name:key, type:string, comment:default), ]
POSTHOOK: Lineage: srcpart_acid PARTITION(ds=2008-04-09,hr=12).value SIMPLE [(srcpart)srcpart.FieldSchema(name:value, type:string, comment:default), ]
FAILED: SemanticException org.apache.hadoop.hive.ql.parse.SemanticException: Concatenate/Merge can not be performed on transactional tables
