PREHOOK: query: create table timestamps (ts timestamp) stored as parquet tblproperties('parquet.mr.int96.write.zone'='Invalid')
PREHOOK: type: CREATETABLE
PREHOOK: Output: database:default
PREHOOK: Output: default@timestamps
FAILED: Execution Error, return code 1 from org.apache.hadoop.hive.ql.exec.DDLTask. Unexpected timezone id found for parquet int96 conversion: Invalid
