FAILED: SemanticException [Error 10249]: Line 4:56 Unsupported SubQuery Expression 'key': Only 1 SubQuery expression is supported.
